This file contains any messages produced by compilers while
running configure, to aid debugging if configure makes a mistake.

It was created by GNU C Library configure (see version.h), which was
generated by GNU Autoconf 2.72.  Invocation command line was

  $ ./configure --prefix=/home/saraj/glibc-custom-32 --disable-werror --enable-debug

## --------- ##
## Platform. ##
## --------- ##

hostname = saraj-Standard-PC-Q35-ICH9-2009
uname -m = x86_64
uname -r = 6.8.0-87-generic
uname -s = Linux
uname -v = #88~22.04.1-Ubuntu SMP PREEMPT_DYNAMIC Tue Oct 14 14:03:14 UTC 2

/usr/bin/uname -p = x86_64
/bin/uname -X     = unknown

/bin/arch              = x86_64
/usr/bin/arch -k       = unknown
/usr/convex/getsysinfo = unknown
/usr/bin/hostinfo      = unknown
/bin/machine           = unknown
/usr/bin/oslevel       = unknown
/bin/universe          = unknown

PATH: /home/saraj/binutils-2.41/bin/
PATH: /home/saraj/binutils-2.41/bin/
PATH: /home/saraj/binutils-2.41/bin/
PATH: /home/saraj/binutils-2.41/bin/
PATH: /home/saraj/binutils-2.41/bin/
PATH: /home/saraj/binutils-2.41/bin/
PATH: /home/saraj/binutils-2.41/bin/
PATH: /home/saraj/binutils-2.41/bin/
PATH: /home/saraj/.local/bin/
PATH: /usr/local/sbin/
PATH: /usr/local/bin/
PATH: /usr/sbin/
PATH: /usr/bin/
PATH: /sbin/
PATH: /bin/
PATH: /usr/games/
PATH: /usr/local/games/
PATH: /snap/bin/
PATH: /snap/bin/


## ----------- ##
## Core tests. ##
## ----------- ##

configure:2697: looking for aux files: install-sh config.guess config.sub
configure:2710:  trying ./scripts/
configure:2721:   ./scripts/install-sh found
configure:2739:   ./scripts/config.guess found
configure:2739:   ./scripts/config.sub found
configure:2939: checking build system type
configure:2955: result: i686-pc-linux-gnu
configure:2975: checking host system type
configure:2990: result: i686-pc-linux-gnu
configure:3074: checking for gcc
configure:3107: result: gcc-12 -m32
configure:3466: checking for C compiler version
configure:3475: gcc-12 -m32 --version >&5
gcc-12 (Ubuntu 12.3.0-1ubuntu1~22.04.2) 12.3.0
Copyright (C) 2022 Free Software Foundation, Inc.
This is free software; see the source for copying conditions.  There is NO
warranty; not even for MERCHANTABILITY or FITNESS FOR A PARTICULAR PURPOSE.

configure:3486: $? = 0
configure:3475: gcc-12 -m32 -v >&5
Using built-in specs.
COLLECT_GCC=gcc-12
COLLECT_LTO_WRAPPER=/usr/lib/gcc/x86_64-linux-gnu/12/lto-wrapper
OFFLOAD_TARGET_NAMES=nvptx-none:amdgcn-amdhsa
OFFLOAD_TARGET_DEFAULT=1
Target: x86_64-linux-gnu
Configured with: ../src/configure -v --with-pkgversion='Ubuntu 12.3.0-1ubuntu1~22.04.2' --with-bugurl=file:///usr/share/doc/gcc-12/README.Bugs --enable-languages=c,ada,c++,go,d,fortran,objc,obj-c++,m2 --prefix=/usr --with-gcc-major-version-only --program-suffix=-12 --program-prefix=x86_64-linux-gnu- --enable-shared --enable-linker-build-id --libexecdir=/usr/lib --without-included-gettext --enable-threads=posix --libdir=/usr/lib --enable-nls --enable-clocale=gnu --enable-libstdcxx-debug --enable-libstdcxx-time=yes --with-default-libstdcxx-abi=new --enable-gnu-unique-object --disable-vtable-verify --enable-plugin --enable-default-pie --with-system-zlib --enable-libphobos-checking=release --with-target-system-zlib=auto --enable-objc-gc=auto --enable-multiarch --disable-werror --enable-cet --with-arch-32=i686 --with-abi=m64 --with-multilib-list=m32,m64,mx32 --enable-multilib --with-tune=generic --enable-offload-targets=nvptx-none=/build/gcc-12-dNWB6h/gcc-12-12.3.0/debian/tmp-nvptx/usr,amdgcn-amdhsa=/build/gcc-12-dNWB6h/gcc-12-12.3.0/debian/tmp-gcn/usr --enable-offload-defaulted --without-cuda-driver --enable-checking=release --build=x86_64-linux-gnu --host=x86_64-linux-gnu --target=x86_64-linux-gnu
Thread model: posix
Supported LTO compression algorithms: zlib zstd
gcc version 12.3.0 (Ubuntu 12.3.0-1ubuntu1~22.04.2) 
... rest of stderr output deleted ...
configure:3486: $? = 0
configure:3475: gcc-12 -m32 -V >&5
gcc-12: error: unrecognized command-line option '-V'
gcc-12: fatal error: no input files
compilation terminated.
configure:3486: $? = 1
configure:3475: gcc-12 -m32 -qversion >&5
gcc-12: error: unrecognized command-line option '-qversion'; did you mean '--version'?
gcc-12: fatal error: no input files
compilation terminated.
configure:3486: $? = 1
configure:3475: gcc-12 -m32 -version >&5
gcc-12: error: unrecognized command-line option '-version'
gcc-12: fatal error: no input files
compilation terminated.
configure:3486: $? = 1
configure:3491: checking for suffix of object files
configure:3514: gcc-12 -m32 -c -g -Og -fno-omit-frame-pointer  conftest.c >&5
configure:3518: $? = 0
configure:3542: result: o
configure:3546: checking whether the compiler supports GNU C
configure:3566: gcc-12 -m32 -c -g -Og -fno-omit-frame-pointer  conftest.c >&5
configure:3566: $? = 0
configure:3578: result: yes
configure:3589: checking whether gcc-12 -m32 accepts -g
configure:3610: gcc-12 -m32 -c -g  conftest.c >&5
configure:3610: $? = 0
configure:3657: result: yes
configure:3677: checking for gcc-12 -m32 option to enable C11 features
configure:3692: gcc-12 -m32  -c -g -Og -fno-omit-frame-pointer  conftest.c >&5
configure:3692: $? = 0
configure:3711: result: none needed
configure:4049: checking for C++ compiler version
configure:4058: g++-12 -m32 --version >&5
g++-12 (Ubuntu 12.3.0-1ubuntu1~22.04.2) 12.3.0
Copyright (C) 2022 Free Software Foundation, Inc.
This is free software; see the source for copying conditions.  There is NO
warranty; not even for MERCHANTABILITY or FITNESS FOR A PARTICULAR PURPOSE.

configure:4069: $? = 0
configure:4058: g++-12 -m32 -v >&5
Using built-in specs.
COLLECT_GCC=g++-12
COLLECT_LTO_WRAPPER=/usr/lib/gcc/x86_64-linux-gnu/12/lto-wrapper
OFFLOAD_TARGET_NAMES=nvptx-none:amdgcn-amdhsa
OFFLOAD_TARGET_DEFAULT=1
Target: x86_64-linux-gnu
Configured with: ../src/configure -v --with-pkgversion='Ubuntu 12.3.0-1ubuntu1~22.04.2' --with-bugurl=file:///usr/share/doc/gcc-12/README.Bugs --enable-languages=c,ada,c++,go,d,fortran,objc,obj-c++,m2 --prefix=/usr --with-gcc-major-version-only --program-suffix=-12 --program-prefix=x86_64-linux-gnu- --enable-shared --enable-linker-build-id --libexecdir=/usr/lib --without-included-gettext --enable-threads=posix --libdir=/usr/lib --enable-nls --enable-clocale=gnu --enable-libstdcxx-debug --enable-libstdcxx-time=yes --with-default-libstdcxx-abi=new --enable-gnu-unique-object --disable-vtable-verify --enable-plugin --enable-default-pie --with-system-zlib --enable-libphobos-checking=release --with-target-system-zlib=auto --enable-objc-gc=auto --enable-multiarch --disable-werror --enable-cet --with-arch-32=i686 --with-abi=m64 --with-multilib-list=m32,m64,mx32 --enable-multilib --with-tune=generic --enable-offload-targets=nvptx-none=/build/gcc-12-dNWB6h/gcc-12-12.3.0/debian/tmp-nvptx/usr,amdgcn-amdhsa=/build/gcc-12-dNWB6h/gcc-12-12.3.0/debian/tmp-gcn/usr --enable-offload-defaulted --without-cuda-driver --enable-checking=release --build=x86_64-linux-gnu --host=x86_64-linux-gnu --target=x86_64-linux-gnu
Thread model: posix
Supported LTO compression algorithms: zlib zstd
gcc version 12.3.0 (Ubuntu 12.3.0-1ubuntu1~22.04.2) 
... rest of stderr output deleted ...
configure:4069: $? = 0
configure:4058: g++-12 -m32 -V >&5
g++-12: error: unrecognized command-line option '-V'
g++-12: fatal error: no input files
compilation terminated.
configure:4069: $? = 1
configure:4058: g++-12 -m32 -qversion >&5
g++-12: error: unrecognized command-line option '-qversion'; did you mean '--version'?
g++-12: fatal error: no input files
compilation terminated.
configure:4069: $? = 1
configure:4073: checking whether the compiler supports GNU C++
configure:4093: g++-12 -m32 -c -g -Og -fno-omit-frame-pointer  conftest.cpp >&5
configure:4093: $? = 0
configure:4105: result: yes
configure:4116: checking whether g++-12 -m32 accepts -g
configure:4137: g++-12 -m32 -c -g  conftest.cpp >&5
configure:4137: $? = 0
configure:4184: result: yes
configure:4204: checking for g++-12 -m32 option to enable C++11 features
configure:4219: g++-12 -m32  -c -g -Og -fno-omit-frame-pointer  conftest.cpp >&5
conftest.cpp: In function 'int main(int, char**)':
conftest.cpp:177:25: warning: empty parentheses were disambiguated as a function declaration [-Wvexing-parse]
  177 |   cxx11test::delegate d2();
      |                         ^~
conftest.cpp:177:25: note: remove parentheses to default-initialize a variable
  177 |   cxx11test::delegate d2();
      |                         ^~
      |                         --
conftest.cpp:177:25: note: or replace parentheses with braces to value-initialize a variable
configure:4219: $? = 0
configure:4238: result: none needed
configure:4316: checking whether g++-12 -m32 can link programs
configure:4340: g++-12 -m32 -o conftest -g -Og -fno-omit-frame-pointer   conftest.cpp  >&5
configure:4340: $? = 0
configure:4366: g++-12 -m32 -o conftest -g -Og -fno-omit-frame-pointer   -static conftest.cpp  >&5
configure:4366: $? = 0
configure:4385: result: yes
configure:4394: error: you must configure in a separate build directory

## ---------------- ##
## Cache variables. ##
## ---------------- ##

ac_cv_build=i686-pc-linux-gnu
ac_cv_c_compiler_gnu=yes
ac_cv_cxx_compiler_gnu=yes
ac_cv_env_CCC_set=
ac_cv_env_CCC_value=
ac_cv_env_CC_set=set
ac_cv_env_CC_value='gcc-12 -m32'
ac_cv_env_CFLAGS_set=set
ac_cv_env_CFLAGS_value='-g -Og -fno-omit-frame-pointer'
ac_cv_env_CPPFLAGS_set=
ac_cv_env_CPPFLAGS_value=
ac_cv_env_CPP_set=
ac_cv_env_CPP_value=
ac_cv_env_CXXFLAGS_set=set
ac_cv_env_CXXFLAGS_value='-g -Og -fno-omit-frame-pointer'
ac_cv_env_CXX_set=set
ac_cv_env_CXX_value='g++-12 -m32'
ac_cv_env_LDFLAGS_set=
ac_cv_env_LDFLAGS_value=
ac_cv_env_LIBS_set=
ac_cv_env_LIBS_value=
ac_cv_env_TEST_CC_set=
ac_cv_env_TEST_CC_value=
ac_cv_env_TEST_CXX_set=
ac_cv_env_TEST_CXX_value=
ac_cv_env_build_alias_set=
ac_cv_env_build_alias_value=
ac_cv_env_host_alias_set=
ac_cv_env_host_alias_value=
ac_cv_env_target_alias_set=
ac_cv_env_target_alias_value=
ac_cv_host=i686-pc-linux-gnu
ac_cv_objext=o
ac_cv_prog_ac_ct_CC='gcc-12 -m32'
ac_cv_prog_cc_c11=
ac_cv_prog_cc_g=yes
ac_cv_prog_cc_stdc=
ac_cv_prog_cxx_cxx11=
ac_cv_prog_cxx_g=yes
ac_cv_prog_cxx_stdcxx=
glibc_cv_ld_version_ok=yes
libc_cv_cxx_link_ok=yes

## ----------------- ##
## Output variables. ##
## ----------------- ##

AR=''
ASFLAGS_config=''
AUTOCONF=''
AWK=''
BASH_SHELL=''
BISON=''
BUILD_CC=''
CC='gcc-12 -m32'
CFLAGS='-g -Og -fno-omit-frame-pointer'
CPP='gcc-12 -m32 -E'
CPPFLAGS=''
CXX='g++-12 -m32'
CXXFLAGS='-g -Og -fno-omit-frame-pointer'
CXX_BITS_STD_ABS_H=''
CXX_CMATH_HEADER=''
CXX_CSTDLIB_HEADER=''
CXX_SYSINCLUDES=''
DEFINES=''
DEFS=''
ECHO_C=''
ECHO_N='-n'
ECHO_T=''
GPROF=''
INSTALL_DATA=''
INSTALL_INFO=''
INSTALL_PROGRAM=''
INSTALL_SCRIPT=''
LD=''
LDFLAGS=''
LIBGD=''
LIBOBJS=''
LIBS=''
LN_S=''
LTLIBOBJS=''
MAKE=''
MAKEINFO=''
MSGFMT=''
NM=''
OBJCOPY=''
OBJDUMP=''
OBJEXT='o'
PACKAGE_BUGREPORT='https://sourceware.org/bugzilla/'
PACKAGE_NAME='GNU C Library'
PACKAGE_STRING='GNU C Library (see version.h)'
PACKAGE_TARNAME='glibc'
PACKAGE_URL='https://www.gnu.org/software/glibc/'
PACKAGE_VERSION='(see version.h)'
PATH_SEPARATOR=':'
PERL=''
PKGVERSION='(GNU libc) '
PKGVERSION_TEXI='(GNU libc) '
PYTHON=''
PYTHON_PROG=''
READELF=''
RELEASE=''
REPORT_BUGS_TEXI='@uref{https://www.gnu.org/software/libc/bugs.html}'
REPORT_BUGS_TO='<https://www.gnu.org/software/libc/bugs.html>'
SED=''
SHELL='/bin/bash'
STRIP=''
SYSINCLUDES=''
TEST_CC='gcc-12 -m32'
TEST_CXX='g++-12 -m32'
VERSION=''
ac_ct_CC='gcc-12 -m32'
ac_ct_CXX=''
base_machine=''
bindir='${exec_prefix}/bin'
bindnow=''
build='i686-pc-linux-gnu'
build_alias=''
build_cpu='i686'
build_nscd=''
build_os='linux-gnu'
build_pt_chown=''
build_vendor='pc'
cross_compiling='no'
datadir='${datarootdir}'
datarootdir='${prefix}/share'
docdir='${datarootdir}/doc/${PACKAGE_TARNAME}'
dvidir='${docdir}'
enable_fortify_source=''
enable_timezone_tools=''
enable_werror='no'
exec_prefix='NONE'
extra_nonshared_cflags=''
force_install=''
fortify_source=''
hardcoded_path_in_tests=''
have_libaudit=''
have_libcap=''
have_selinux=''
host='i686-pc-linux-gnu'
host_alias=''
host_cpu='i686'
host_os='linux-gnu'
host_vendor='pc'
htmldir='${docdir}'
includedir='${prefix}/include'
infodir='${datarootdir}/info'
ldd_rewrite_script=''
libc_cv_cc_loop_to_function=''
libc_cv_cc_nofma=''
libc_cv_cc_submachine=''
libc_cv_cc_with_libunwind=''
libc_cv_complocaledir=''
libc_cv_cxx_thread_local=''
libc_cv_fortify_source=''
libc_cv_fpie=''
libc_cv_gcc_unwind_find_fde=''
libc_cv_has_glob_dat=''
libc_cv_insert=''
libc_cv_localstatedir=''
libc_cv_multidir=''
libc_cv_no_error_execstack=''
libc_cv_protected_data=''
libc_cv_rootsbindir=''
libc_cv_rtlddir=''
libc_cv_slibdir=''
libc_cv_ssp=''
libc_cv_sysconfdir=''
libc_cv_test_cc_mprefer_vector_width=''
libc_cv_test_cc_signaling_nans=''
libc_cv_test_cc_wfree_labels=''
libc_cv_test_cc_wimplicit_fallthrough=''
libc_cv_test_cc_wmissing_parameter_name=''
libc_cv_test_static_pie=''
libc_cv_test_supported_fortify_source=''
libc_cv_test_wno_ignored_attributes=''
libc_cv_test_x86_have_amx_tile=''
libc_cv_textrel_ifunc=''
libc_cv_with_fp=''
libc_cv_z_execstack=''
libc_extra_cflags=''
libc_extra_cppflags=''
libdir='${exec_prefix}/lib'
libexecdir='${exec_prefix}/libexec'
localedir='${datarootdir}/locale'
localstatedir='${prefix}/var'
mach_interface_list=''
man_pages_version=''
mandir='${datarootdir}/man'
memory_tagging=''
multi_arch=''
no_file_offset_bits_source=''
no_fortify_source=''
no_stack_protector=''
no_time_bits_source=''
oldincludedir='/usr/include'
pdfdir='${docdir}'
prefix='/home/saraj/glibc-custom-32'
profile=''
program_transform_name='s,x,x,'
psdir='${docdir}'
pthread_in_libc=''
rtld_early_cflags=''
runstatedir='${localstatedir}/run'
sbindir='${exec_prefix}/sbin'
shared=''
sharedstatedir='${prefix}/com'
stack_protector=''
static=''
static_nss=''
subdirs=' '
submachine=''
sysconfdir='${prefix}/etc'
sysheaders=''
sysnames=''
target_alias=''
test_enable_cet=''
use_ldconfig=''
use_nscd=''

## ----------- ##
## confdefs.h. ##
## ----------- ##

/* confdefs.h */
#define PACKAGE_NAME "GNU C Library"
#define PACKAGE_TARNAME "glibc"
#define PACKAGE_VERSION "(see version.h)"
#define PACKAGE_STRING "GNU C Library (see version.h)"
#define PACKAGE_BUGREPORT "https://sourceware.org/bugzilla/"
#define PACKAGE_URL "https://www.gnu.org/software/glibc/"
#define PKGVERSION "(GNU libc) "
#define REPORT_BUGS_TO "<https://www.gnu.org/software/libc/bugs.html>"

configure: exit 1
