:: limits.h
::::
:::: #define _FORTIFY_SOURCE 1
:::: #define _FORTIFY_SOURCE 2
:::: #define _FORTIFY_SOURCE 3
:::: -D_DEFAULT_SOURCE=1
:::: -D_DEFAULT_SOURCE=1 #define _FORTIFY_SOURCE 1
:::: -D_DEFAULT_SOURCE=1 #define _FORTIFY_SOURCE 2
:::: -D_DEFAULT_SOURCE=1 #define _FORTIFY_SOURCE 3
:::: -D_GNU_SOURCE=1
:::: -D_GNU_SOURCE=1 #define _FORTIFY_SOURCE 1
:::: -D_GNU_SOURCE=1 #define _FORTIFY_SOURCE 2
:::: -D_GNU_SOURCE=1 #define _FORTIFY_SOURCE 3
:::: -D_XOPEN_SOURCE=700
:::: -D_XOPEN_SOURCE=700 #define _FORTIFY_SOURCE 1
:::: -D_XOPEN_SOURCE=700 #define _FORTIFY_SOURCE 2
:::: -D_XOPEN_SOURCE=700 #define _FORTIFY_SOURCE 3
:::: -std=c++98
:::: -std=c++98 #define _FORTIFY_SOURCE 1
:::: -std=c++98 #define _FORTIFY_SOURCE 2
:::: -std=c++98 #define _FORTIFY_SOURCE 3
:::: -std=c++98 -D_DEFAULT_SOURCE=1
:::: -std=c++98 -D_DEFAULT_SOURCE=1 #define _FORTIFY_SOURCE 1
:::: -std=c++98 -D_DEFAULT_SOURCE=1 #define _FORTIFY_SOURCE 2
:::: -std=c++98 -D_DEFAULT_SOURCE=1 #define _FORTIFY_SOURCE 3
:::: -std=c++98 -D_GNU_SOURCE=1
:::: -std=c++98 -D_GNU_SOURCE=1 #define _FORTIFY_SOURCE 1
:::: -std=c++98 -D_GNU_SOURCE=1 #define _FORTIFY_SOURCE 2
:::: -std=c++98 -D_GNU_SOURCE=1 #define _FORTIFY_SOURCE 3
:::: -std=c++98 -D_XOPEN_SOURCE=700
:::: -std=c++98 -D_XOPEN_SOURCE=700 #define _FORTIFY_SOURCE 1
:::: -std=c++98 -D_XOPEN_SOURCE=700 #define _FORTIFY_SOURCE 2
:::: -std=c++98 -D_XOPEN_SOURCE=700 #define _FORTIFY_SOURCE 3
:::: -std=gnu++98
:::: -std=gnu++98 #define _FORTIFY_SOURCE 1
:::: -std=gnu++98 #define _FORTIFY_SOURCE 2
:::: -std=gnu++98 #define _FORTIFY_SOURCE 3
:::: -std=gnu++98 -D_DEFAULT_SOURCE=1
:::: -std=gnu++98 -D_DEFAULT_SOURCE=1 #define _FORTIFY_SOURCE 1
:::: -std=gnu++98 -D_DEFAULT_SOURCE=1 #define _FORTIFY_SOURCE 2
:::: -std=gnu++98 -D_DEFAULT_SOURCE=1 #define _FORTIFY_SOURCE 3
:::: -std=gnu++98 -D_GNU_SOURCE=1
:::: -std=gnu++98 -D_GNU_SOURCE=1 #define _FORTIFY_SOURCE 1
:::: -std=gnu++98 -D_GNU_SOURCE=1 #define _FORTIFY_SOURCE 2
:::: -std=gnu++98 -D_GNU_SOURCE=1 #define _FORTIFY_SOURCE 3
:::: -std=gnu++98 -D_XOPEN_SOURCE=700
:::: -std=gnu++98 -D_XOPEN_SOURCE=700 #define _FORTIFY_SOURCE 1
:::: -std=gnu++98 -D_XOPEN_SOURCE=700 #define _FORTIFY_SOURCE 2
:::: -std=gnu++98 -D_XOPEN_SOURCE=700 #define _FORTIFY_SOURCE 3
:::: -std=c++11
:::: -std=c++11 #define _FORTIFY_SOURCE 1
:::: -std=c++11 #define _FORTIFY_SOURCE 2
:::: -std=c++11 #define _FORTIFY_SOURCE 3
:::: -std=c++11 -D_DEFAULT_SOURCE=1
:::: -std=c++11 -D_DEFAULT_SOURCE=1 #define _FORTIFY_SOURCE 1
:::: -std=c++11 -D_DEFAULT_SOURCE=1 #define _FORTIFY_SOURCE 2
:::: -std=c++11 -D_DEFAULT_SOURCE=1 #define _FORTIFY_SOURCE 3
:::: -std=c++11 -D_GNU_SOURCE=1
:::: -std=c++11 -D_GNU_SOURCE=1 #define _FORTIFY_SOURCE 1
:::: -std=c++11 -D_GNU_SOURCE=1 #define _FORTIFY_SOURCE 2
:::: -std=c++11 -D_GNU_SOURCE=1 #define _FORTIFY_SOURCE 3
:::: -std=c++11 -D_XOPEN_SOURCE=700
:::: -std=c++11 -D_XOPEN_SOURCE=700 #define _FORTIFY_SOURCE 1
:::: -std=c++11 -D_XOPEN_SOURCE=700 #define _FORTIFY_SOURCE 2
:::: -std=c++11 -D_XOPEN_SOURCE=700 #define _FORTIFY_SOURCE 3
:::: -std=gnu++11
:::: -std=gnu++11 #define _FORTIFY_SOURCE 1
:::: -std=gnu++11 #define _FORTIFY_SOURCE 2
:::: -std=gnu++11 #define _FORTIFY_SOURCE 3
:::: -std=gnu++11 -D_DEFAULT_SOURCE=1
:::: -std=gnu++11 -D_DEFAULT_SOURCE=1 #define _FORTIFY_SOURCE 1
:::: -std=gnu++11 -D_DEFAULT_SOURCE=1 #define _FORTIFY_SOURCE 2
:::: -std=gnu++11 -D_DEFAULT_SOURCE=1 #define _FORTIFY_SOURCE 3
:::: -std=gnu++11 -D_GNU_SOURCE=1
:::: -std=gnu++11 -D_GNU_SOURCE=1 #define _FORTIFY_SOURCE 1
:::: -std=gnu++11 -D_GNU_SOURCE=1 #define _FORTIFY_SOURCE 2
:::: -std=gnu++11 -D_GNU_SOURCE=1 #define _FORTIFY_SOURCE 3
:::: -std=gnu++11 -D_XOPEN_SOURCE=700
:::: -std=gnu++11 -D_XOPEN_SOURCE=700 #define _FORTIFY_SOURCE 1
:::: -std=gnu++11 -D_XOPEN_SOURCE=700 #define _FORTIFY_SOURCE 2
:::: -std=gnu++11 -D_XOPEN_SOURCE=700 #define _FORTIFY_SOURCE 3
:: values.h
::::
:::: #define _FORTIFY_SOURCE 1
:::: #define _FORTIFY_SOURCE 2
:::: #define _FORTIFY_SOURCE 3
:::: -D_DEFAULT_SOURCE=1
:::: -D_DEFAULT_SOURCE=1 #define _FORTIFY_SOURCE 1
:::: -D_DEFAULT_SOURCE=1 #define _FORTIFY_SOURCE 2
:::: -D_DEFAULT_SOURCE=1 #define _FORTIFY_SOURCE 3
:::: -D_GNU_SOURCE=1
:::: -D_GNU_SOURCE=1 #define _FORTIFY_SOURCE 1
:::: -D_GNU_SOURCE=1 #define _FORTIFY_SOURCE 2
:::: -D_GNU_SOURCE=1 #define _FORTIFY_SOURCE 3
:::: -D_XOPEN_SOURCE=700
:::: -D_XOPEN_SOURCE=700 #define _FORTIFY_SOURCE 1
:::: -D_XOPEN_SOURCE=700 #define _FORTIFY_SOURCE 2
:::: -D_XOPEN_SOURCE=700 #define _FORTIFY_SOURCE 3
:::: -std=c++98
:::: -std=c++98 #define _FORTIFY_SOURCE 1
:::: -std=c++98 #define _FORTIFY_SOURCE 2
:::: -std=c++98 #define _FORTIFY_SOURCE 3
:::: -std=c++98 -D_DEFAULT_SOURCE=1
:::: -std=c++98 -D_DEFAULT_SOURCE=1 #define _FORTIFY_SOURCE 1
:::: -std=c++98 -D_DEFAULT_SOURCE=1 #define _FORTIFY_SOURCE 2
:::: -std=c++98 -D_DEFAULT_SOURCE=1 #define _FORTIFY_SOURCE 3
:::: -std=c++98 -D_GNU_SOURCE=1
:::: -std=c++98 -D_GNU_SOURCE=1 #define _FORTIFY_SOURCE 1
:::: -std=c++98 -D_GNU_SOURCE=1 #define _FORTIFY_SOURCE 2
:::: -std=c++98 -D_GNU_SOURCE=1 #define _FORTIFY_SOURCE 3
:::: -std=c++98 -D_XOPEN_SOURCE=700
:::: -std=c++98 -D_XOPEN_SOURCE=700 #define _FORTIFY_SOURCE 1
:::: -std=c++98 -D_XOPEN_SOURCE=700 #define _FORTIFY_SOURCE 2
:::: -std=c++98 -D_XOPEN_SOURCE=700 #define _FORTIFY_SOURCE 3
:::: -std=gnu++98
:::: -std=gnu++98 #define _FORTIFY_SOURCE 1
:::: -std=gnu++98 #define _FORTIFY_SOURCE 2
:::: -std=gnu++98 #define _FORTIFY_SOURCE 3
:::: -std=gnu++98 -D_DEFAULT_SOURCE=1
:::: -std=gnu++98 -D_DEFAULT_SOURCE=1 #define _FORTIFY_SOURCE 1
:::: -std=gnu++98 -D_DEFAULT_SOURCE=1 #define _FORTIFY_SOURCE 2
:::: -std=gnu++98 -D_DEFAULT_SOURCE=1 #define _FORTIFY_SOURCE 3
:::: -std=gnu++98 -D_GNU_SOURCE=1
:::: -std=gnu++98 -D_GNU_SOURCE=1 #define _FORTIFY_SOURCE 1
:::: -std=gnu++98 -D_GNU_SOURCE=1 #define _FORTIFY_SOURCE 2
:::: -std=gnu++98 -D_GNU_SOURCE=1 #define _FORTIFY_SOURCE 3
:::: -std=gnu++98 -D_XOPEN_SOURCE=700
:::: -std=gnu++98 -D_XOPEN_SOURCE=700 #define _FORTIFY_SOURCE 1
:::: -std=gnu++98 -D_XOPEN_SOURCE=700 #define _FORTIFY_SOURCE 2
:::: -std=gnu++98 -D_XOPEN_SOURCE=700 #define _FORTIFY_SOURCE 3
:::: -std=c++11
:::: -std=c++11 #define _FORTIFY_SOURCE 1
:::: -std=c++11 #define _FORTIFY_SOURCE 2
:::: -std=c++11 #define _FORTIFY_SOURCE 3
:::: -std=c++11 -D_DEFAULT_SOURCE=1
:::: -std=c++11 -D_DEFAULT_SOURCE=1 #define _FORTIFY_SOURCE 1
:::: -std=c++11 -D_DEFAULT_SOURCE=1 #define _FORTIFY_SOURCE 2
:::: -std=c++11 -D_DEFAULT_SOURCE=1 #define _FORTIFY_SOURCE 3
:::: -std=c++11 -D_GNU_SOURCE=1
:::: -std=c++11 -D_GNU_SOURCE=1 #define _FORTIFY_SOURCE 1
:::: -std=c++11 -D_GNU_SOURCE=1 #define _FORTIFY_SOURCE 2
:::: -std=c++11 -D_GNU_SOURCE=1 #define _FORTIFY_SOURCE 3
:::: -std=c++11 -D_XOPEN_SOURCE=700
:::: -std=c++11 -D_XOPEN_SOURCE=700 #define _FORTIFY_SOURCE 1
:::: -std=c++11 -D_XOPEN_SOURCE=700 #define _FORTIFY_SOURCE 2
:::: -std=c++11 -D_XOPEN_SOURCE=700 #define _FORTIFY_SOURCE 3
:::: -std=gnu++11
:::: -std=gnu++11 #define _FORTIFY_SOURCE 1
:::: -std=gnu++11 #define _FORTIFY_SOURCE 2
:::: -std=gnu++11 #define _FORTIFY_SOURCE 3
:::: -std=gnu++11 -D_DEFAULT_SOURCE=1
:::: -std=gnu++11 -D_DEFAULT_SOURCE=1 #define _FORTIFY_SOURCE 1
:::: -std=gnu++11 -D_DEFAULT_SOURCE=1 #define _FORTIFY_SOURCE 2
:::: -std=gnu++11 -D_DEFAULT_SOURCE=1 #define _FORTIFY_SOURCE 3
:::: -std=gnu++11 -D_GNU_SOURCE=1
:::: -std=gnu++11 -D_GNU_SOURCE=1 #define _FORTIFY_SOURCE 1
:::: -std=gnu++11 -D_GNU_SOURCE=1 #define _FORTIFY_SOURCE 2
:::: -std=gnu++11 -D_GNU_SOURCE=1 #define _FORTIFY_SOURCE 3
:::: -std=gnu++11 -D_XOPEN_SOURCE=700
:::: -std=gnu++11 -D_XOPEN_SOURCE=700 #define _FORTIFY_SOURCE 1
:::: -std=gnu++11 -D_XOPEN_SOURCE=700 #define _FORTIFY_SOURCE 2
:::: -std=gnu++11 -D_XOPEN_SOURCE=700 #define _FORTIFY_SOURCE 3
:: features.h
::::
:::: #define _FORTIFY_SOURCE 1
:::: #define _FORTIFY_SOURCE 2
:::: #define _FORTIFY_SOURCE 3
:::: -D_DEFAULT_SOURCE=1
:::: -D_DEFAULT_SOURCE=1 #define _FORTIFY_SOURCE 1
:::: -D_DEFAULT_SOURCE=1 #define _FORTIFY_SOURCE 2
:::: -D_DEFAULT_SOURCE=1 #define _FORTIFY_SOURCE 3
:::: -D_GNU_SOURCE=1
:::: -D_GNU_SOURCE=1 #define _FORTIFY_SOURCE 1
:::: -D_GNU_SOURCE=1 #define _FORTIFY_SOURCE 2
:::: -D_GNU_SOURCE=1 #define _FORTIFY_SOURCE 3
:::: -D_XOPEN_SOURCE=700
:::: -D_XOPEN_SOURCE=700 #define _FORTIFY_SOURCE 1
:::: -D_XOPEN_SOURCE=700 #define _FORTIFY_SOURCE 2
:::: -D_XOPEN_SOURCE=700 #define _FORTIFY_SOURCE 3
:::: -std=c++98
:::: -std=c++98 #define _FORTIFY_SOURCE 1
:::: -std=c++98 #define _FORTIFY_SOURCE 2
:::: -std=c++98 #define _FORTIFY_SOURCE 3
:::: -std=c++98 -D_DEFAULT_SOURCE=1
:::: -std=c++98 -D_DEFAULT_SOURCE=1 #define _FORTIFY_SOURCE 1
:::: -std=c++98 -D_DEFAULT_SOURCE=1 #define _FORTIFY_SOURCE 2
:::: -std=c++98 -D_DEFAULT_SOURCE=1 #define _FORTIFY_SOURCE 3
:::: -std=c++98 -D_GNU_SOURCE=1
:::: -std=c++98 -D_GNU_SOURCE=1 #define _FORTIFY_SOURCE 1
:::: -std=c++98 -D_GNU_SOURCE=1 #define _FORTIFY_SOURCE 2
:::: -std=c++98 -D_GNU_SOURCE=1 #define _FORTIFY_SOURCE 3
:::: -std=c++98 -D_XOPEN_SOURCE=700
:::: -std=c++98 -D_XOPEN_SOURCE=700 #define _FORTIFY_SOURCE 1
:::: -std=c++98 -D_XOPEN_SOURCE=700 #define _FORTIFY_SOURCE 2
:::: -std=c++98 -D_XOPEN_SOURCE=700 #define _FORTIFY_SOURCE 3
:::: -std=gnu++98
:::: -std=gnu++98 #define _FORTIFY_SOURCE 1
:::: -std=gnu++98 #define _FORTIFY_SOURCE 2
:::: -std=gnu++98 #define _FORTIFY_SOURCE 3
:::: -std=gnu++98 -D_DEFAULT_SOURCE=1
:::: -std=gnu++98 -D_DEFAULT_SOURCE=1 #define _FORTIFY_SOURCE 1
:::: -std=gnu++98 -D_DEFAULT_SOURCE=1 #define _FORTIFY_SOURCE 2
:::: -std=gnu++98 -D_DEFAULT_SOURCE=1 #define _FORTIFY_SOURCE 3
:::: -std=gnu++98 -D_GNU_SOURCE=1
:::: -std=gnu++98 -D_GNU_SOURCE=1 #define _FORTIFY_SOURCE 1
:::: -std=gnu++98 -D_GNU_SOURCE=1 #define _FORTIFY_SOURCE 2
:::: -std=gnu++98 -D_GNU_SOURCE=1 #define _FORTIFY_SOURCE 3
:::: -std=gnu++98 -D_XOPEN_SOURCE=700
:::: -std=gnu++98 -D_XOPEN_SOURCE=700 #define _FORTIFY_SOURCE 1
:::: -std=gnu++98 -D_XOPEN_SOURCE=700 #define _FORTIFY_SOURCE 2
:::: -std=gnu++98 -D_XOPEN_SOURCE=700 #define _FORTIFY_SOURCE 3
:::: -std=c++11
:::: -std=c++11 #define _FORTIFY_SOURCE 1
:::: -std=c++11 #define _FORTIFY_SOURCE 2
:::: -std=c++11 #define _FORTIFY_SOURCE 3
:::: -std=c++11 -D_DEFAULT_SOURCE=1
:::: -std=c++11 -D_DEFAULT_SOURCE=1 #define _FORTIFY_SOURCE 1
:::: -std=c++11 -D_DEFAULT_SOURCE=1 #define _FORTIFY_SOURCE 2
:::: -std=c++11 -D_DEFAULT_SOURCE=1 #define _FORTIFY_SOURCE 3
:::: -std=c++11 -D_GNU_SOURCE=1
:::: -std=c++11 -D_GNU_SOURCE=1 #define _FORTIFY_SOURCE 1
:::: -std=c++11 -D_GNU_SOURCE=1 #define _FORTIFY_SOURCE 2
:::: -std=c++11 -D_GNU_SOURCE=1 #define _FORTIFY_SOURCE 3
:::: -std=c++11 -D_XOPEN_SOURCE=700
:::: -std=c++11 -D_XOPEN_SOURCE=700 #define _FORTIFY_SOURCE 1
:::: -std=c++11 -D_XOPEN_SOURCE=700 #define _FORTIFY_SOURCE 2
:::: -std=c++11 -D_XOPEN_SOURCE=700 #define _FORTIFY_SOURCE 3
:::: -std=gnu++11
:::: -std=gnu++11 #define _FORTIFY_SOURCE 1
:::: -std=gnu++11 #define _FORTIFY_SOURCE 2
:::: -std=gnu++11 #define _FORTIFY_SOURCE 3
:::: -std=gnu++11 -D_DEFAULT_SOURCE=1
:::: -std=gnu++11 -D_DEFAULT_SOURCE=1 #define _FORTIFY_SOURCE 1
:::: -std=gnu++11 -D_DEFAULT_SOURCE=1 #define _FORTIFY_SOURCE 2
:::: -std=gnu++11 -D_DEFAULT_SOURCE=1 #define _FORTIFY_SOURCE 3
:::: -std=gnu++11 -D_GNU_SOURCE=1
:::: -std=gnu++11 -D_GNU_SOURCE=1 #define _FORTIFY_SOURCE 1
:::: -std=gnu++11 -D_GNU_SOURCE=1 #define _FORTIFY_SOURCE 2
:::: -std=gnu++11 -D_GNU_SOURCE=1 #define _FORTIFY_SOURCE 3
:::: -std=gnu++11 -D_XOPEN_SOURCE=700
:::: -std=gnu++11 -D_XOPEN_SOURCE=700 #define _FORTIFY_SOURCE 1
:::: -std=gnu++11 -D_XOPEN_SOURCE=700 #define _FORTIFY_SOURCE 2
:::: -std=gnu++11 -D_XOPEN_SOURCE=700 #define _FORTIFY_SOURCE 3
:: features-time64.h
::::
:::: #define _FORTIFY_SOURCE 1
:::: #define _FORTIFY_SOURCE 2
:::: #define _FORTIFY_SOURCE 3
:::: -D_DEFAULT_SOURCE=1
:::: -D_DEFAULT_SOURCE=1 #define _FORTIFY_SOURCE 1
:::: -D_DEFAULT_SOURCE=1 #define _FORTIFY_SOURCE 2
:::: -D_DEFAULT_SOURCE=1 #define _FORTIFY_SOURCE 3
:::: -D_GNU_SOURCE=1
:::: -D_GNU_SOURCE=1 #define _FORTIFY_SOURCE 1
:::: -D_GNU_SOURCE=1 #define _FORTIFY_SOURCE 2
:::: -D_GNU_SOURCE=1 #define _FORTIFY_SOURCE 3
:::: -D_XOPEN_SOURCE=700
:::: -D_XOPEN_SOURCE=700 #define _FORTIFY_SOURCE 1
:::: -D_XOPEN_SOURCE=700 #define _FORTIFY_SOURCE 2
:::: -D_XOPEN_SOURCE=700 #define _FORTIFY_SOURCE 3
:::: -std=c++98
:::: -std=c++98 #define _FORTIFY_SOURCE 1
:::: -std=c++98 #define _FORTIFY_SOURCE 2
:::: -std=c++98 #define _FORTIFY_SOURCE 3
:::: -std=c++98 -D_DEFAULT_SOURCE=1
:::: -std=c++98 -D_DEFAULT_SOURCE=1 #define _FORTIFY_SOURCE 1
:::: -std=c++98 -D_DEFAULT_SOURCE=1 #define _FORTIFY_SOURCE 2
:::: -std=c++98 -D_DEFAULT_SOURCE=1 #define _FORTIFY_SOURCE 3
:::: -std=c++98 -D_GNU_SOURCE=1
:::: -std=c++98 -D_GNU_SOURCE=1 #define _FORTIFY_SOURCE 1
:::: -std=c++98 -D_GNU_SOURCE=1 #define _FORTIFY_SOURCE 2
:::: -std=c++98 -D_GNU_SOURCE=1 #define _FORTIFY_SOURCE 3
:::: -std=c++98 -D_XOPEN_SOURCE=700
:::: -std=c++98 -D_XOPEN_SOURCE=700 #define _FORTIFY_SOURCE 1
:::: -std=c++98 -D_XOPEN_SOURCE=700 #define _FORTIFY_SOURCE 2
:::: -std=c++98 -D_XOPEN_SOURCE=700 #define _FORTIFY_SOURCE 3
:::: -std=gnu++98
:::: -std=gnu++98 #define _FORTIFY_SOURCE 1
:::: -std=gnu++98 #define _FORTIFY_SOURCE 2
:::: -std=gnu++98 #define _FORTIFY_SOURCE 3
:::: -std=gnu++98 -D_DEFAULT_SOURCE=1
:::: -std=gnu++98 -D_DEFAULT_SOURCE=1 #define _FORTIFY_SOURCE 1
:::: -std=gnu++98 -D_DEFAULT_SOURCE=1 #define _FORTIFY_SOURCE 2
:::: -std=gnu++98 -D_DEFAULT_SOURCE=1 #define _FORTIFY_SOURCE 3
:::: -std=gnu++98 -D_GNU_SOURCE=1
:::: -std=gnu++98 -D_GNU_SOURCE=1 #define _FORTIFY_SOURCE 1
:::: -std=gnu++98 -D_GNU_SOURCE=1 #define _FORTIFY_SOURCE 2
:::: -std=gnu++98 -D_GNU_SOURCE=1 #define _FORTIFY_SOURCE 3
:::: -std=gnu++98 -D_XOPEN_SOURCE=700
:::: -std=gnu++98 -D_XOPEN_SOURCE=700 #define _FORTIFY_SOURCE 1
:::: -std=gnu++98 -D_XOPEN_SOURCE=700 #define _FORTIFY_SOURCE 2
:::: -std=gnu++98 -D_XOPEN_SOURCE=700 #define _FORTIFY_SOURCE 3
:::: -std=c++11
:::: -std=c++11 #define _FORTIFY_SOURCE 1
:::: -std=c++11 #define _FORTIFY_SOURCE 2
:::: -std=c++11 #define _FORTIFY_SOURCE 3
:::: -std=c++11 -D_DEFAULT_SOURCE=1
:::: -std=c++11 -D_DEFAULT_SOURCE=1 #define _FORTIFY_SOURCE 1
:::: -std=c++11 -D_DEFAULT_SOURCE=1 #define _FORTIFY_SOURCE 2
:::: -std=c++11 -D_DEFAULT_SOURCE=1 #define _FORTIFY_SOURCE 3
:::: -std=c++11 -D_GNU_SOURCE=1
:::: -std=c++11 -D_GNU_SOURCE=1 #define _FORTIFY_SOURCE 1
:::: -std=c++11 -D_GNU_SOURCE=1 #define _FORTIFY_SOURCE 2
:::: -std=c++11 -D_GNU_SOURCE=1 #define _FORTIFY_SOURCE 3
:::: -std=c++11 -D_XOPEN_SOURCE=700
:::: -std=c++11 -D_XOPEN_SOURCE=700 #define _FORTIFY_SOURCE 1
:::: -std=c++11 -D_XOPEN_SOURCE=700 #define _FORTIFY_SOURCE 2
:::: -std=c++11 -D_XOPEN_SOURCE=700 #define _FORTIFY_SOURCE 3
:::: -std=gnu++11
:::: -std=gnu++11 #define _FORTIFY_SOURCE 1
:::: -std=gnu++11 #define _FORTIFY_SOURCE 2
:::: -std=gnu++11 #define _FORTIFY_SOURCE 3
:::: -std=gnu++11 -D_DEFAULT_SOURCE=1
:::: -std=gnu++11 -D_DEFAULT_SOURCE=1 #define _FORTIFY_SOURCE 1
:::: -std=gnu++11 -D_DEFAULT_SOURCE=1 #define _FORTIFY_SOURCE 2
:::: -std=gnu++11 -D_DEFAULT_SOURCE=1 #define _FORTIFY_SOURCE 3
:::: -std=gnu++11 -D_GNU_SOURCE=1
:::: -std=gnu++11 -D_GNU_SOURCE=1 #define _FORTIFY_SOURCE 1
:::: -std=gnu++11 -D_GNU_SOURCE=1 #define _FORTIFY_SOURCE 2
:::: -std=gnu++11 -D_GNU_SOURCE=1 #define _FORTIFY_SOURCE 3
:::: -std=gnu++11 -D_XOPEN_SOURCE=700
:::: -std=gnu++11 -D_XOPEN_SOURCE=700 #define _FORTIFY_SOURCE 1
:::: -std=gnu++11 -D_XOPEN_SOURCE=700 #define _FORTIFY_SOURCE 2
:::: -std=gnu++11 -D_XOPEN_SOURCE=700 #define _FORTIFY_SOURCE 3
:: gnu-versions.h
::::
:::: #define _FORTIFY_SOURCE 1
:::: #define _FORTIFY_SOURCE 2
:::: #define _FORTIFY_SOURCE 3
:::: -D_DEFAULT_SOURCE=1
:::: -D_DEFAULT_SOURCE=1 #define _FORTIFY_SOURCE 1
:::: -D_DEFAULT_SOURCE=1 #define _FORTIFY_SOURCE 2
:::: -D_DEFAULT_SOURCE=1 #define _FORTIFY_SOURCE 3
:::: -D_GNU_SOURCE=1
:::: -D_GNU_SOURCE=1 #define _FORTIFY_SOURCE 1
:::: -D_GNU_SOURCE=1 #define _FORTIFY_SOURCE 2
:::: -D_GNU_SOURCE=1 #define _FORTIFY_SOURCE 3
:::: -D_XOPEN_SOURCE=700
:::: -D_XOPEN_SOURCE=700 #define _FORTIFY_SOURCE 1
:::: -D_XOPEN_SOURCE=700 #define _FORTIFY_SOURCE 2
:::: -D_XOPEN_SOURCE=700 #define _FORTIFY_SOURCE 3
:::: -std=c++98
:::: -std=c++98 #define _FORTIFY_SOURCE 1
:::: -std=c++98 #define _FORTIFY_SOURCE 2
:::: -std=c++98 #define _FORTIFY_SOURCE 3
:::: -std=c++98 -D_DEFAULT_SOURCE=1
:::: -std=c++98 -D_DEFAULT_SOURCE=1 #define _FORTIFY_SOURCE 1
:::: -std=c++98 -D_DEFAULT_SOURCE=1 #define _FORTIFY_SOURCE 2
:::: -std=c++98 -D_DEFAULT_SOURCE=1 #define _FORTIFY_SOURCE 3
:::: -std=c++98 -D_GNU_SOURCE=1
:::: -std=c++98 -D_GNU_SOURCE=1 #define _FORTIFY_SOURCE 1
:::: -std=c++98 -D_GNU_SOURCE=1 #define _FORTIFY_SOURCE 2
:::: -std=c++98 -D_GNU_SOURCE=1 #define _FORTIFY_SOURCE 3
:::: -std=c++98 -D_XOPEN_SOURCE=700
:::: -std=c++98 -D_XOPEN_SOURCE=700 #define _FORTIFY_SOURCE 1
:::: -std=c++98 -D_XOPEN_SOURCE=700 #define _FORTIFY_SOURCE 2
:::: -std=c++98 -D_XOPEN_SOURCE=700 #define _FORTIFY_SOURCE 3
:::: -std=gnu++98
:::: -std=gnu++98 #define _FORTIFY_SOURCE 1
:::: -std=gnu++98 #define _FORTIFY_SOURCE 2
:::: -std=gnu++98 #define _FORTIFY_SOURCE 3
:::: -std=gnu++98 -D_DEFAULT_SOURCE=1
:::: -std=gnu++98 -D_DEFAULT_SOURCE=1 #define _FORTIFY_SOURCE 1
:::: -std=gnu++98 -D_DEFAULT_SOURCE=1 #define _FORTIFY_SOURCE 2
:::: -std=gnu++98 -D_DEFAULT_SOURCE=1 #define _FORTIFY_SOURCE 3
:::: -std=gnu++98 -D_GNU_SOURCE=1
:::: -std=gnu++98 -D_GNU_SOURCE=1 #define _FORTIFY_SOURCE 1
:::: -std=gnu++98 -D_GNU_SOURCE=1 #define _FORTIFY_SOURCE 2
:::: -std=gnu++98 -D_GNU_SOURCE=1 #define _FORTIFY_SOURCE 3
:::: -std=gnu++98 -D_XOPEN_SOURCE=700
:::: -std=gnu++98 -D_XOPEN_SOURCE=700 #define _FORTIFY_SOURCE 1
:::: -std=gnu++98 -D_XOPEN_SOURCE=700 #define _FORTIFY_SOURCE 2
:::: -std=gnu++98 -D_XOPEN_SOURCE=700 #define _FORTIFY_SOURCE 3
:::: -std=c++11
:::: -std=c++11 #define _FORTIFY_SOURCE 1
:::: -std=c++11 #define _FORTIFY_SOURCE 2
:::: -std=c++11 #define _FORTIFY_SOURCE 3
:::: -std=c++11 -D_DEFAULT_SOURCE=1
:::: -std=c++11 -D_DEFAULT_SOURCE=1 #define _FORTIFY_SOURCE 1
:::: -std=c++11 -D_DEFAULT_SOURCE=1 #define _FORTIFY_SOURCE 2
:::: -std=c++11 -D_DEFAULT_SOURCE=1 #define _FORTIFY_SOURCE 3
:::: -std=c++11 -D_GNU_SOURCE=1
:::: -std=c++11 -D_GNU_SOURCE=1 #define _FORTIFY_SOURCE 1
:::: -std=c++11 -D_GNU_SOURCE=1 #define _FORTIFY_SOURCE 2
:::: -std=c++11 -D_GNU_SOURCE=1 #define _FORTIFY_SOURCE 3
:::: -std=c++11 -D_XOPEN_SOURCE=700
:::: -std=c++11 -D_XOPEN_SOURCE=700 #define _FORTIFY_SOURCE 1
:::: -std=c++11 -D_XOPEN_SOURCE=700 #define _FORTIFY_SOURCE 2
:::: -std=c++11 -D_XOPEN_SOURCE=700 #define _FORTIFY_SOURCE 3
:::: -std=gnu++11
:::: -std=gnu++11 #define _FORTIFY_SOURCE 1
:::: -std=gnu++11 #define _FORTIFY_SOURCE 2
:::: -std=gnu++11 #define _FORTIFY_SOURCE 3
:::: -std=gnu++11 -D_DEFAULT_SOURCE=1
:::: -std=gnu++11 -D_DEFAULT_SOURCE=1 #define _FORTIFY_SOURCE 1
:::: -std=gnu++11 -D_DEFAULT_SOURCE=1 #define _FORTIFY_SOURCE 2
:::: -std=gnu++11 -D_DEFAULT_SOURCE=1 #define _FORTIFY_SOURCE 3
:::: -std=gnu++11 -D_GNU_SOURCE=1
:::: -std=gnu++11 -D_GNU_SOURCE=1 #define _FORTIFY_SOURCE 1
:::: -std=gnu++11 -D_GNU_SOURCE=1 #define _FORTIFY_SOURCE 2
:::: -std=gnu++11 -D_GNU_SOURCE=1 #define _FORTIFY_SOURCE 3
:::: -std=gnu++11 -D_XOPEN_SOURCE=700
:::: -std=gnu++11 -D_XOPEN_SOURCE=700 #define _FORTIFY_SOURCE 1
:::: -std=gnu++11 -D_XOPEN_SOURCE=700 #define _FORTIFY_SOURCE 2
:::: -std=gnu++11 -D_XOPEN_SOURCE=700 #define _FORTIFY_SOURCE 3
:: gnu/libc-version.h
::::
:::: #define _FORTIFY_SOURCE 1
:::: #define _FORTIFY_SOURCE 2
:::: #define _FORTIFY_SOURCE 3
:::: -D_DEFAULT_SOURCE=1
:::: -D_DEFAULT_SOURCE=1 #define _FORTIFY_SOURCE 1
:::: -D_DEFAULT_SOURCE=1 #define _FORTIFY_SOURCE 2
:::: -D_DEFAULT_SOURCE=1 #define _FORTIFY_SOURCE 3
:::: -D_GNU_SOURCE=1
:::: -D_GNU_SOURCE=1 #define _FORTIFY_SOURCE 1
:::: -D_GNU_SOURCE=1 #define _FORTIFY_SOURCE 2
:::: -D_GNU_SOURCE=1 #define _FORTIFY_SOURCE 3
:::: -D_XOPEN_SOURCE=700
:::: -D_XOPEN_SOURCE=700 #define _FORTIFY_SOURCE 1
:::: -D_XOPEN_SOURCE=700 #define _FORTIFY_SOURCE 2
:::: -D_XOPEN_SOURCE=700 #define _FORTIFY_SOURCE 3
:::: -std=c++98
:::: -std=c++98 #define _FORTIFY_SOURCE 1
:::: -std=c++98 #define _FORTIFY_SOURCE 2
:::: -std=c++98 #define _FORTIFY_SOURCE 3
:::: -std=c++98 -D_DEFAULT_SOURCE=1
:::: -std=c++98 -D_DEFAULT_SOURCE=1 #define _FORTIFY_SOURCE 1
:::: -std=c++98 -D_DEFAULT_SOURCE=1 #define _FORTIFY_SOURCE 2
:::: -std=c++98 -D_DEFAULT_SOURCE=1 #define _FORTIFY_SOURCE 3
:::: -std=c++98 -D_GNU_SOURCE=1
:::: -std=c++98 -D_GNU_SOURCE=1 #define _FORTIFY_SOURCE 1
:::: -std=c++98 -D_GNU_SOURCE=1 #define _FORTIFY_SOURCE 2
:::: -std=c++98 -D_GNU_SOURCE=1 #define _FORTIFY_SOURCE 3
:::: -std=c++98 -D_XOPEN_SOURCE=700
:::: -std=c++98 -D_XOPEN_SOURCE=700 #define _FORTIFY_SOURCE 1
:::: -std=c++98 -D_XOPEN_SOURCE=700 #define _FORTIFY_SOURCE 2
:::: -std=c++98 -D_XOPEN_SOURCE=700 #define _FORTIFY_SOURCE 3
:::: -std=gnu++98
:::: -std=gnu++98 #define _FORTIFY_SOURCE 1
:::: -std=gnu++98 #define _FORTIFY_SOURCE 2
:::: -std=gnu++98 #define _FORTIFY_SOURCE 3
:::: -std=gnu++98 -D_DEFAULT_SOURCE=1
:::: -std=gnu++98 -D_DEFAULT_SOURCE=1 #define _FORTIFY_SOURCE 1
:::: -std=gnu++98 -D_DEFAULT_SOURCE=1 #define _FORTIFY_SOURCE 2
:::: -std=gnu++98 -D_DEFAULT_SOURCE=1 #define _FORTIFY_SOURCE 3
:::: -std=gnu++98 -D_GNU_SOURCE=1
:::: -std=gnu++98 -D_GNU_SOURCE=1 #define _FORTIFY_SOURCE 1
:::: -std=gnu++98 -D_GNU_SOURCE=1 #define _FORTIFY_SOURCE 2
:::: -std=gnu++98 -D_GNU_SOURCE=1 #define _FORTIFY_SOURCE 3
:::: -std=gnu++98 -D_XOPEN_SOURCE=700
:::: -std=gnu++98 -D_XOPEN_SOURCE=700 #define _FORTIFY_SOURCE 1
:::: -std=gnu++98 -D_XOPEN_SOURCE=700 #define _FORTIFY_SOURCE 2
:::: -std=gnu++98 -D_XOPEN_SOURCE=700 #define _FORTIFY_SOURCE 3
:::: -std=c++11
:::: -std=c++11 #define _FORTIFY_SOURCE 1
:::: -std=c++11 #define _FORTIFY_SOURCE 2
:::: -std=c++11 #define _FORTIFY_SOURCE 3
:::: -std=c++11 -D_DEFAULT_SOURCE=1
:::: -std=c++11 -D_DEFAULT_SOURCE=1 #define _FORTIFY_SOURCE 1
:::: -std=c++11 -D_DEFAULT_SOURCE=1 #define _FORTIFY_SOURCE 2
:::: -std=c++11 -D_DEFAULT_SOURCE=1 #define _FORTIFY_SOURCE 3
:::: -std=c++11 -D_GNU_SOURCE=1
:::: -std=c++11 -D_GNU_SOURCE=1 #define _FORTIFY_SOURCE 1
:::: -std=c++11 -D_GNU_SOURCE=1 #define _FORTIFY_SOURCE 2
:::: -std=c++11 -D_GNU_SOURCE=1 #define _FORTIFY_SOURCE 3
:::: -std=c++11 -D_XOPEN_SOURCE=700
:::: -std=c++11 -D_XOPEN_SOURCE=700 #define _FORTIFY_SOURCE 1
:::: -std=c++11 -D_XOPEN_SOURCE=700 #define _FORTIFY_SOURCE 2
:::: -std=c++11 -D_XOPEN_SOURCE=700 #define _FORTIFY_SOURCE 3
:::: -std=gnu++11
:::: -std=gnu++11 #define _FORTIFY_SOURCE 1
:::: -std=gnu++11 #define _FORTIFY_SOURCE 2
:::: -std=gnu++11 #define _FORTIFY_SOURCE 3
:::: -std=gnu++11 -D_DEFAULT_SOURCE=1
:::: -std=gnu++11 -D_DEFAULT_SOURCE=1 #define _FORTIFY_SOURCE 1
:::: -std=gnu++11 -D_DEFAULT_SOURCE=1 #define _FORTIFY_SOURCE 2
:::: -std=gnu++11 -D_DEFAULT_SOURCE=1 #define _FORTIFY_SOURCE 3
:::: -std=gnu++11 -D_GNU_SOURCE=1
:::: -std=gnu++11 -D_GNU_SOURCE=1 #define _FORTIFY_SOURCE 1
:::: -std=gnu++11 -D_GNU_SOURCE=1 #define _FORTIFY_SOURCE 2
:::: -std=gnu++11 -D_GNU_SOURCE=1 #define _FORTIFY_SOURCE 3
:::: -std=gnu++11 -D_XOPEN_SOURCE=700
:::: -std=gnu++11 -D_XOPEN_SOURCE=700 #define _FORTIFY_SOURCE 1
:::: -std=gnu++11 -D_XOPEN_SOURCE=700 #define _FORTIFY_SOURCE 2
:::: -std=gnu++11 -D_XOPEN_SOURCE=700 #define _FORTIFY_SOURCE 3
:: stdc-predef.h
::::
:::: #define _FORTIFY_SOURCE 1
:::: #define _FORTIFY_SOURCE 2
:::: #define _FORTIFY_SOURCE 3
:::: -D_DEFAULT_SOURCE=1
:::: -D_DEFAULT_SOURCE=1 #define _FORTIFY_SOURCE 1
:::: -D_DEFAULT_SOURCE=1 #define _FORTIFY_SOURCE 2
:::: -D_DEFAULT_SOURCE=1 #define _FORTIFY_SOURCE 3
:::: -D_GNU_SOURCE=1
:::: -D_GNU_SOURCE=1 #define _FORTIFY_SOURCE 1
:::: -D_GNU_SOURCE=1 #define _FORTIFY_SOURCE 2
:::: -D_GNU_SOURCE=1 #define _FORTIFY_SOURCE 3
:::: -D_XOPEN_SOURCE=700
:::: -D_XOPEN_SOURCE=700 #define _FORTIFY_SOURCE 1
:::: -D_XOPEN_SOURCE=700 #define _FORTIFY_SOURCE 2
:::: -D_XOPEN_SOURCE=700 #define _FORTIFY_SOURCE 3
:::: -std=c++98
:::: -std=c++98 #define _FORTIFY_SOURCE 1
:::: -std=c++98 #define _FORTIFY_SOURCE 2
:::: -std=c++98 #define _FORTIFY_SOURCE 3
:::: -std=c++98 -D_DEFAULT_SOURCE=1
:::: -std=c++98 -D_DEFAULT_SOURCE=1 #define _FORTIFY_SOURCE 1
:::: -std=c++98 -D_DEFAULT_SOURCE=1 #define _FORTIFY_SOURCE 2
:::: -std=c++98 -D_DEFAULT_SOURCE=1 #define _FORTIFY_SOURCE 3
:::: -std=c++98 -D_GNU_SOURCE=1
:::: -std=c++98 -D_GNU_SOURCE=1 #define _FORTIFY_SOURCE 1
:::: -std=c++98 -D_GNU_SOURCE=1 #define _FORTIFY_SOURCE 2
:::: -std=c++98 -D_GNU_SOURCE=1 #define _FORTIFY_SOURCE 3
:::: -std=c++98 -D_XOPEN_SOURCE=700
:::: -std=c++98 -D_XOPEN_SOURCE=700 #define _FORTIFY_SOURCE 1
:::: -std=c++98 -D_XOPEN_SOURCE=700 #define _FORTIFY_SOURCE 2
:::: -std=c++98 -D_XOPEN_SOURCE=700 #define _FORTIFY_SOURCE 3
:::: -std=gnu++98
:::: -std=gnu++98 #define _FORTIFY_SOURCE 1
:::: -std=gnu++98 #define _FORTIFY_SOURCE 2
:::: -std=gnu++98 #define _FORTIFY_SOURCE 3
:::: -std=gnu++98 -D_DEFAULT_SOURCE=1
:::: -std=gnu++98 -D_DEFAULT_SOURCE=1 #define _FORTIFY_SOURCE 1
:::: -std=gnu++98 -D_DEFAULT_SOURCE=1 #define _FORTIFY_SOURCE 2
:::: -std=gnu++98 -D_DEFAULT_SOURCE=1 #define _FORTIFY_SOURCE 3
:::: -std=gnu++98 -D_GNU_SOURCE=1
:::: -std=gnu++98 -D_GNU_SOURCE=1 #define _FORTIFY_SOURCE 1
:::: -std=gnu++98 -D_GNU_SOURCE=1 #define _FORTIFY_SOURCE 2
:::: -std=gnu++98 -D_GNU_SOURCE=1 #define _FORTIFY_SOURCE 3
:::: -std=gnu++98 -D_XOPEN_SOURCE=700
:::: -std=gnu++98 -D_XOPEN_SOURCE=700 #define _FORTIFY_SOURCE 1
:::: -std=gnu++98 -D_XOPEN_SOURCE=700 #define _FORTIFY_SOURCE 2
:::: -std=gnu++98 -D_XOPEN_SOURCE=700 #define _FORTIFY_SOURCE 3
:::: -std=c++11
:::: -std=c++11 #define _FORTIFY_SOURCE 1
:::: -std=c++11 #define _FORTIFY_SOURCE 2
:::: -std=c++11 #define _FORTIFY_SOURCE 3
:::: -std=c++11 -D_DEFAULT_SOURCE=1
:::: -std=c++11 -D_DEFAULT_SOURCE=1 #define _FORTIFY_SOURCE 1
:::: -std=c++11 -D_DEFAULT_SOURCE=1 #define _FORTIFY_SOURCE 2
:::: -std=c++11 -D_DEFAULT_SOURCE=1 #define _FORTIFY_SOURCE 3
:::: -std=c++11 -D_GNU_SOURCE=1
:::: -std=c++11 -D_GNU_SOURCE=1 #define _FORTIFY_SOURCE 1
:::: -std=c++11 -D_GNU_SOURCE=1 #define _FORTIFY_SOURCE 2
:::: -std=c++11 -D_GNU_SOURCE=1 #define _FORTIFY_SOURCE 3
:::: -std=c++11 -D_XOPEN_SOURCE=700
:::: -std=c++11 -D_XOPEN_SOURCE=700 #define _FORTIFY_SOURCE 1
:::: -std=c++11 -D_XOPEN_SOURCE=700 #define _FORTIFY_SOURCE 2
:::: -std=c++11 -D_XOPEN_SOURCE=700 #define _FORTIFY_SOURCE 3
:::: -std=gnu++11
:::: -std=gnu++11 #define _FORTIFY_SOURCE 1
:::: -std=gnu++11 #define _FORTIFY_SOURCE 2
:::: -std=gnu++11 #define _FORTIFY_SOURCE 3
:::: -std=gnu++11 -D_DEFAULT_SOURCE=1
:::: -std=gnu++11 -D_DEFAULT_SOURCE=1 #define _FORTIFY_SOURCE 1
:::: -std=gnu++11 -D_DEFAULT_SOURCE=1 #define _FORTIFY_SOURCE 2
:::: -std=gnu++11 -D_DEFAULT_SOURCE=1 #define _FORTIFY_SOURCE 3
:::: -std=gnu++11 -D_GNU_SOURCE=1
:::: -std=gnu++11 -D_GNU_SOURCE=1 #define _FORTIFY_SOURCE 1
:::: -std=gnu++11 -D_GNU_SOURCE=1 #define _FORTIFY_SOURCE 2
:::: -std=gnu++11 -D_GNU_SOURCE=1 #define _FORTIFY_SOURCE 3
:::: -std=gnu++11 -D_XOPEN_SOURCE=700
:::: -std=gnu++11 -D_XOPEN_SOURCE=700 #define _FORTIFY_SOURCE 1
:::: -std=gnu++11 -D_XOPEN_SOURCE=700 #define _FORTIFY_SOURCE 2
:::: -std=gnu++11 -D_XOPEN_SOURCE=700 #define _FORTIFY_SOURCE 3
:: gnu/lib-names.h
::::
:::: #define _FORTIFY_SOURCE 1
:::: #define _FORTIFY_SOURCE 2
:::: #define _FORTIFY_SOURCE 3
:::: -D_DEFAULT_SOURCE=1
:::: -D_DEFAULT_SOURCE=1 #define _FORTIFY_SOURCE 1
:::: -D_DEFAULT_SOURCE=1 #define _FORTIFY_SOURCE 2
:::: -D_DEFAULT_SOURCE=1 #define _FORTIFY_SOURCE 3
:::: -D_GNU_SOURCE=1
:::: -D_GNU_SOURCE=1 #define _FORTIFY_SOURCE 1
:::: -D_GNU_SOURCE=1 #define _FORTIFY_SOURCE 2
:::: -D_GNU_SOURCE=1 #define _FORTIFY_SOURCE 3
:::: -D_XOPEN_SOURCE=700
:::: -D_XOPEN_SOURCE=700 #define _FORTIFY_SOURCE 1
:::: -D_XOPEN_SOURCE=700 #define _FORTIFY_SOURCE 2
:::: -D_XOPEN_SOURCE=700 #define _FORTIFY_SOURCE 3
:::: -std=c++98
:::: -std=c++98 #define _FORTIFY_SOURCE 1
:::: -std=c++98 #define _FORTIFY_SOURCE 2
:::: -std=c++98 #define _FORTIFY_SOURCE 3
:::: -std=c++98 -D_DEFAULT_SOURCE=1
:::: -std=c++98 -D_DEFAULT_SOURCE=1 #define _FORTIFY_SOURCE 1
:::: -std=c++98 -D_DEFAULT_SOURCE=1 #define _FORTIFY_SOURCE 2
:::: -std=c++98 -D_DEFAULT_SOURCE=1 #define _FORTIFY_SOURCE 3
:::: -std=c++98 -D_GNU_SOURCE=1
:::: -std=c++98 -D_GNU_SOURCE=1 #define _FORTIFY_SOURCE 1
:::: -std=c++98 -D_GNU_SOURCE=1 #define _FORTIFY_SOURCE 2
:::: -std=c++98 -D_GNU_SOURCE=1 #define _FORTIFY_SOURCE 3
:::: -std=c++98 -D_XOPEN_SOURCE=700
:::: -std=c++98 -D_XOPEN_SOURCE=700 #define _FORTIFY_SOURCE 1
:::: -std=c++98 -D_XOPEN_SOURCE=700 #define _FORTIFY_SOURCE 2
:::: -std=c++98 -D_XOPEN_SOURCE=700 #define _FORTIFY_SOURCE 3
:::: -std=gnu++98
:::: -std=gnu++98 #define _FORTIFY_SOURCE 1
:::: -std=gnu++98 #define _FORTIFY_SOURCE 2
:::: -std=gnu++98 #define _FORTIFY_SOURCE 3
:::: -std=gnu++98 -D_DEFAULT_SOURCE=1
:::: -std=gnu++98 -D_DEFAULT_SOURCE=1 #define _FORTIFY_SOURCE 1
:::: -std=gnu++98 -D_DEFAULT_SOURCE=1 #define _FORTIFY_SOURCE 2
:::: -std=gnu++98 -D_DEFAULT_SOURCE=1 #define _FORTIFY_SOURCE 3
:::: -std=gnu++98 -D_GNU_SOURCE=1
:::: -std=gnu++98 -D_GNU_SOURCE=1 #define _FORTIFY_SOURCE 1
:::: -std=gnu++98 -D_GNU_SOURCE=1 #define _FORTIFY_SOURCE 2
:::: -std=gnu++98 -D_GNU_SOURCE=1 #define _FORTIFY_SOURCE 3
:::: -std=gnu++98 -D_XOPEN_SOURCE=700
:::: -std=gnu++98 -D_XOPEN_SOURCE=700 #define _FORTIFY_SOURCE 1
:::: -std=gnu++98 -D_XOPEN_SOURCE=700 #define _FORTIFY_SOURCE 2
:::: -std=gnu++98 -D_XOPEN_SOURCE=700 #define _FORTIFY_SOURCE 3
:::: -std=c++11
:::: -std=c++11 #define _FORTIFY_SOURCE 1
:::: -std=c++11 #define _FORTIFY_SOURCE 2
:::: -std=c++11 #define _FORTIFY_SOURCE 3
:::: -std=c++11 -D_DEFAULT_SOURCE=1
:::: -std=c++11 -D_DEFAULT_SOURCE=1 #define _FORTIFY_SOURCE 1
:::: -std=c++11 -D_DEFAULT_SOURCE=1 #define _FORTIFY_SOURCE 2
:::: -std=c++11 -D_DEFAULT_SOURCE=1 #define _FORTIFY_SOURCE 3
:::: -std=c++11 -D_GNU_SOURCE=1
:::: -std=c++11 -D_GNU_SOURCE=1 #define _FORTIFY_SOURCE 1
:::: -std=c++11 -D_GNU_SOURCE=1 #define _FORTIFY_SOURCE 2
:::: -std=c++11 -D_GNU_SOURCE=1 #define _FORTIFY_SOURCE 3
:::: -std=c++11 -D_XOPEN_SOURCE=700
:::: -std=c++11 -D_XOPEN_SOURCE=700 #define _FORTIFY_SOURCE 1
:::: -std=c++11 -D_XOPEN_SOURCE=700 #define _FORTIFY_SOURCE 2
:::: -std=c++11 -D_XOPEN_SOURCE=700 #define _FORTIFY_SOURCE 3
:::: -std=gnu++11
:::: -std=gnu++11 #define _FORTIFY_SOURCE 1
:::: -std=gnu++11 #define _FORTIFY_SOURCE 2
:::: -std=gnu++11 #define _FORTIFY_SOURCE 3
:::: -std=gnu++11 -D_DEFAULT_SOURCE=1
:::: -std=gnu++11 -D_DEFAULT_SOURCE=1 #define _FORTIFY_SOURCE 1
:::: -std=gnu++11 -D_DEFAULT_SOURCE=1 #define _FORTIFY_SOURCE 2
:::: -std=gnu++11 -D_DEFAULT_SOURCE=1 #define _FORTIFY_SOURCE 3
:::: -std=gnu++11 -D_GNU_SOURCE=1
:::: -std=gnu++11 -D_GNU_SOURCE=1 #define _FORTIFY_SOURCE 1
:::: -std=gnu++11 -D_GNU_SOURCE=1 #define _FORTIFY_SOURCE 2
:::: -std=gnu++11 -D_GNU_SOURCE=1 #define _FORTIFY_SOURCE 3
:::: -std=gnu++11 -D_XOPEN_SOURCE=700
:::: -std=gnu++11 -D_XOPEN_SOURCE=700 #define _FORTIFY_SOURCE 1
:::: -std=gnu++11 -D_XOPEN_SOURCE=700 #define _FORTIFY_SOURCE 2
:::: -std=gnu++11 -D_XOPEN_SOURCE=700 #define _FORTIFY_SOURCE 3
