Archive member included to satisfy reference by file (symbol)

/home/saraj/Desktop/glibc_modified/build/libc_pic.a(check_fds.os)
                              /home/saraj/Desktop/glibc_modified/build/elf/dl-allobjs.os (__libc_check_standard_fds)
/home/saraj/Desktop/glibc_modified/build/libc_pic.a(errno.os)
                              /home/saraj/Desktop/glibc_modified/build/libc_pic.a(check_fds.os) (__libc_errno)
/home/saraj/Desktop/glibc_modified/build/libc_pic.a(setjmp.os)
                              /home/saraj/Desktop/glibc_modified/build/elf/dl-allobjs.os (__sigsetjmp)
/home/saraj/Desktop/glibc_modified/build/libc_pic.a(__longjmp.os)
                              /home/saraj/Desktop/glibc_modified/build/elf/dl-allobjs.os (__longjmp)
/home/saraj/Desktop/glibc_modified/build/libc_pic.a(getenv.os)
                              /home/saraj/Desktop/glibc_modified/build/elf/dl-allobjs.os (getenv)
/home/saraj/Desktop/glibc_modified/build/libc_pic.a(_fitoa_word.os)
                              /home/saraj/Desktop/glibc_modified/build/elf/dl-allobjs.os (_itoa_word)
/home/saraj/Desktop/glibc_modified/build/libc_pic.a(itoa-udigits.os)
                              /home/saraj/Desktop/glibc_modified/build/libc_pic.a(_fitoa_word.os) (__GI__itoa_upper_digits)
/home/saraj/Desktop/glibc_modified/build/libc_pic.a(lowlevellock.os)
                              /home/saraj/Desktop/glibc_modified/build/elf/dl-allobjs.os (__lll_lock_wait_private)
/home/saraj/Desktop/glibc_modified/build/libc_pic.a(scratch_buffer_set_array_size.os)
                              /home/saraj/Desktop/glibc_modified/build/elf/dl-allobjs.os (__libc_scratch_buffer_set_array_size)
/home/saraj/Desktop/glibc_modified/build/libc_pic.a(memchr.os)
                              /home/saraj/Desktop/glibc_modified/build/elf/dl-allobjs.os (memchr)
/home/saraj/Desktop/glibc_modified/build/libc_pic.a(memcmp.os)
                              /home/saraj/Desktop/glibc_modified/build/elf/dl-allobjs.os (memcmp)
/home/saraj/Desktop/glibc_modified/build/libc_pic.a(memcpy.os)
                              /home/saraj/Desktop/glibc_modified/build/libc_pic.a(check_fds.os) (__GI_memcpy)
/home/saraj/Desktop/glibc_modified/build/libc_pic.a(memmove.os)
                              /home/saraj/Desktop/glibc_modified/build/elf/dl-allobjs.os (memmove)
/home/saraj/Desktop/glibc_modified/build/libc_pic.a(mempcpy.os)
                              /home/saraj/Desktop/glibc_modified/build/elf/dl-allobjs.os (mempcpy)
/home/saraj/Desktop/glibc_modified/build/libc_pic.a(memset.os)
                              /home/saraj/Desktop/glibc_modified/build/elf/dl-allobjs.os (memset)
/home/saraj/Desktop/glibc_modified/build/libc_pic.a(stpcpy.os)
                              /home/saraj/Desktop/glibc_modified/build/elf/dl-allobjs.os (stpcpy)
/home/saraj/Desktop/glibc_modified/build/libc_pic.a(strchr.os)
                              /home/saraj/Desktop/glibc_modified/build/elf/dl-allobjs.os (strchr)
/home/saraj/Desktop/glibc_modified/build/libc_pic.a(strcmp.os)
                              /home/saraj/Desktop/glibc_modified/build/elf/dl-allobjs.os (strcmp)
/home/saraj/Desktop/glibc_modified/build/libc_pic.a(strcspn.os)
                              /home/saraj/Desktop/glibc_modified/build/elf/dl-allobjs.os (strcspn)
/home/saraj/Desktop/glibc_modified/build/libc_pic.a(strdup.os)
                              /home/saraj/Desktop/glibc_modified/build/elf/dl-allobjs.os (__strdup)
/home/saraj/Desktop/glibc_modified/build/libc_pic.a(strerrorname_np.os)
                              /home/saraj/Desktop/glibc_modified/build/elf/dl-allobjs.os (strerrorname_np)
/home/saraj/Desktop/glibc_modified/build/libc_pic.a(strlen.os)
                              /home/saraj/Desktop/glibc_modified/build/elf/dl-allobjs.os (strlen)
/home/saraj/Desktop/glibc_modified/build/libc_pic.a(strncmp.os)
                              /home/saraj/Desktop/glibc_modified/build/elf/dl-allobjs.os (strncmp)
/home/saraj/Desktop/glibc_modified/build/libc_pic.a(strnlen.os)
                              /home/saraj/Desktop/glibc_modified/build/elf/dl-allobjs.os (strnlen)
/home/saraj/Desktop/glibc_modified/build/libc_pic.a(memchr-avx2.os)
                              /home/saraj/Desktop/glibc_modified/build/libc_pic.a(memchr.os) (__memchr_avx2)
/home/saraj/Desktop/glibc_modified/build/libc_pic.a(memchr-avx2-rtm.os)
                              /home/saraj/Desktop/glibc_modified/build/libc_pic.a(memchr.os) (__memchr_avx2_rtm)
/home/saraj/Desktop/glibc_modified/build/libc_pic.a(memchr-evex.os)
                              /home/saraj/Desktop/glibc_modified/build/libc_pic.a(memchr.os) (__memchr_evex)
/home/saraj/Desktop/glibc_modified/build/libc_pic.a(memchr-evex-rtm.os)
                              /home/saraj/Desktop/glibc_modified/build/libc_pic.a(memchr.os) (__memchr_evex_rtm)
/home/saraj/Desktop/glibc_modified/build/libc_pic.a(memchr-sse2.os)
[...]
Memory Configuration

Name             Origin             Length             Attributes
*default*        0x0000000000000000 0xffffffffffffffff

Linker script and memory map

LOAD /home/saraj/Desktop/glibc_modified/build/elf/librtld.mapT.o
START GROUP
LOAD /home/saraj/Desktop/glibc_modified/build/elf/dl-allobjs.os
LOAD /home/saraj/Desktop/glibc_modified/build/libc_pic.a
LOAD /usr/lib/gcc/x86_64-linux-gnu/12/libgcc.a
END GROUP

.interp
 *(.interp)

.note.gnu.property
                0x0000000000000000       0x30
 .note.gnu.property
                0x0000000000000000       0x30 /home/saraj/Desktop/glibc_modified/build/elf/librtld.mapT.o

.note.gnu.build-id
 *(.note.gnu.build-id)

.hash
 *(.hash)

.gnu.hash
 *(.gnu.hash)

.dynsym
 *(.dynsym)

.dynstr
 *(.dynstr)

.gnu.version
 *(.gnu.version)

.gnu.version_d
 *(.gnu.version_d)

.gnu.version_r
 *(.gnu.version_r)

.rela.init
 *(.rela.init)

.rela.text
 *(.rela.text)

.rela.fini
 *(.rela.fini)

.rela.rodata
 *(.rela.rodata)

.rela.data.rel.ro
 *(.rela.data.rel.ro)

.rela.data
 *(.rela.data)

.rela.tdata
 *(.rela.tdata)

.rela.tbss
 *(.rela.tbss)

.rela.ctors
 *(.rela.ctors)

.rela.dtors
 *(.rela.dtors)

.rela.got
 *(.rela.got)

.rela.bss
 *(.rela.bss)

.rela.ldata
 *(.rela.ldata)

.rela.lbss
 *(.rela.lbss)

.rela.lrodata
 *(.rela.lrodata)

.rela.ifunc
 *(.rela.ifunc)

.rela.plt
 *(.rela.plt)

.relr.dyn
 *(.relr.dyn)

.init
 *(SORT_NONE(.init))

.plt
 *(.plt)

.plt.got
 *(.plt.got)

.plt.sec
 *(.plt.sec)

.text           0x0000000000000000    0x280c4
 *(.text .stub)
 .text          0x0000000000000000        0x0 /home/saraj/Desktop/glibc_modified/build/elf/librtld.mapT.o
                0x0000000000000000                __stack_chk_fail_local
                0x0000000000000000                malloc
                0x0000000000000000                __libc_assert_fail
                0x0000000000000000                __stack_chk_fail
                0x0000000000000000                calloc
                0x0000000000000000                realloc
                0x0000000000000000                __syscall_cancel
                0x0000000000000000                free
 .text          0x0000000000000000    0x211b4 /home/saraj/Desktop/glibc_modified/build/elf/dl-allobjs.os
                0x0000000000000000                _dl_call_libc_early_init
                0x0000000000000070                _dl_call_fini
                0x00000000000001c0                _dl_signal_exception
                0x00000000000001c0                __GI__dl_signal_exception
                0x0000000000000220                __GI__dl_signal_error
                0x0000000000000220                _dl_signal_error
                0x0000000000000290                _dl_signal_cexception
                0x0000000000000320                _dl_signal_cerror
                0x00000000000003a0                _dl_receive_error
                0x0000000000000440                _dl_catch_exception
                0x0000000000000440                __GI__dl_catch_exception
                0x00000000000005c0                _dl_catch_error
                0x0000000000000710                _dl_close_worker
                0x0000000000001500                _dl_close
                0x0000000000001570                _dl_debug_post_relocate
                0x00000000000015f0                _dl_debug_update
                0x0000000000001640                _dl_debug_change_state
                0x0000000000001680                _dl_debug_initialize
                0x0000000000001760                _dl_debug_state
                0x0000000000001760                __GI__dl_debug_state
                0x00000000000017b0                _dl_map_object_deps
                0x0000000000002810                _dl_error_free
                0x0000000000002840                _dl_exception_create
                0x0000000000002840                __GI__dl_exception_create
                0x0000000000002910                __GI__dl_exception_create_format
                0x0000000000002910                _dl_exception_create_format
                0x0000000000002d30                _dl_exception_free
                0x0000000000002d30                __GI__dl_exception_free
                0x0000000000002d60                _dl_make_stack_executable
                0x0000000000002db0                _dl_handle_execstack_tunable
                0x00000000000030d0                __GI__dl_find_object
                0x00000000000030d0                _dl_find_object
                0x0000000000003430                _dlfo_sort_mappings
                0x00000000000034f0                _dl_find_object_init
                0x00000000000036a0                _dl_find_object_update
                0x0000000000003ab0                _dl_find_object_dlclose
                0x0000000000003b80                _dl_find_object_freeres
                0x0000000000003bf0                _dl_fini
                0x0000000000003fa0                _dl_init
                0x0000000000005050                _dl_dst_count
                0x0000000000005100                _dl_dst_substitute
                0x0000000000005860                _dl_init_paths
                0x0000000000005bd0                _dl_process_pt_gnu_property
                0x00000000000077c0                _dl_lookup_map
                0x00000000000078c0                _dl_map_new_object
                0x00000000000083e0                _dl_map_object
                0x0000000000008450                _dl_rtld_di_serinfo
                0x00000000000093c0                _dl_lookup_symbol_x
                0x0000000000009f80                _dl_lookup_direct
                0x000000000000a120                __minimal_malloc
                0x000000000000a250                __minimal_calloc
                0x000000000000a290                __minimal_free
                0x000000000000a2d0                __minimal_realloc
                0x000000000000a350                _dl_sysdep_read_whole_file
                0x000000000000a3e0                _dl_name_match_p
                0x000000000000a450                _dl_higher_prime_number
                0x000000000000a4a0                _dl_strtoul
                0x000000000000a650                _dl_add_to_namespace_list
                0x000000000000a6f0                _dl_new_object
                0x000000000000af20                __GI__dl_find_dso_for_object
                0x000000000000af20                _dl_find_dso_for_object
                0x000000000000afd0                _dl_open
                0x000000000000b3e0                _dl_show_scope
                0x000000000000bee0                _dl_get_origin
                0x000000000000c030                _dl_canonicalize
                0x000000000000c670                _dl_debug_printf
                0x000000000000c720                _dl_debug_printf_c
                0x000000000000c7d0                _dl_dprintf
                0x000000000000c870                _dl_printf
                0x000000000000c920                _dl_error_printf
                0x000000000000c9d0                _dl_fatal_printf
                0x000000000000c9d0                __GI__dl_fatal_printf
                0x000000000000ca80                _dl_readonly_area
                0x000000000000cbe0                _dl_try_allocate_static_tls
                0x000000000000cd00                _dl_allocate_static_tls
                0x000000000000cd40                _dl_protect_relro
                0x000000000000cdc0                _dl_reloc_bad_type
                0x000000000000cea0                _dl_relocate_object_no_relro
                0x000000000000f5a0                _dl_relocate_object
                0x000000000000f5d0                _dl_fixup
                0x000000000000f870                _dl_profile_fixup
                0x000000000000fba0                _dl_scope_free
                0x000000000000fc70                _dl_setup_hash
                0x000000000000fe00                _dl_sort_maps_init
                0x000000000000fe30                _dl_sort_maps
                0x0000000000010340                __thread_gscope_wait
                0x0000000000010830                _dl_tls_static_surplus_init
                0x00000000000108d0                _dl_assign_tls_modid
                0x00000000000109b0                _dl_count_modids
                0x0000000000010a20                _dl_determine_tlsoffset
                0x0000000000010c00                _dl_get_tls_static_info
                0x0000000000010c20                _dl_allocate_tls_storage
                0x0000000000010d00                __GI__dl_allocate_tls_init
                0x0000000000010d00                _dl_allocate_tls_init
                0x0000000000010f30                __GI__dl_allocate_tls
                0x0000000000010f30                _dl_allocate_tls
                0x0000000000010f70                _dl_deallocate_tls
                0x0000000000010f70                __GI__dl_deallocate_tls
                0x0000000000011000                _dl_update_slotinfo
                0x0000000000011200                __GI___tls_get_addr
                0x0000000000011200                ___tls_get_addr
                0x0000000000011260                _dl_tls_get_addr_soft
                0x00000000000112e0                _dl_tls_initial_modid_limit_setup
                0x0000000000011330                _dl_add_to_slotinfo
                0x0000000000011480                _dl_init_static_tls
                0x00000000000115b0                __tls_get_addr_slow
                0x0000000000011600                __tls_pre_init_tp
                0x0000000000011660                __tls_init_tp
                0x00000000000117c0                _dl_runtime_profile_sse
                0x0000000000011950                _dl_runtime_resolve_fxsave
                0x00000000000119d0                _dl_runtime_resolve_xsave
                0x0000000000011aa0                _dl_runtime_resolve_xsavec
                0x0000000000011d00                __tunable_is_initialized
                0x0000000000011d00                __GI___tunable_is_initialized
                0x0000000000011d20                __GI___tunable_set_val
                0x0000000000011d40                __GI___tunables_init
                0x00000000000121d0                __GI___tunables_print
                0x00000000000122f0                __tunable_get_default
                0x00000000000122f0                __GI___tunable_get_default
                0x0000000000012340                __tunable_get_val
                0x0000000000012340                __GI___tunable_get_val
                0x00000000000123c0                _dl_check_map_versions
                0x0000000000012c30                _dl_check_all_versions
                0x0000000000012ca0                _dl_write
                0x0000000000012cb0                _dl_cache_libcmp
                0x00000000000133b0                _dl_load_cache_lookup
                0x0000000000013730                _dl_unload_cache
                0x00000000000139b0                _dl_cet_open_check
                0x0000000000013a50                _dl_cet_setup_features
                0x0000000000013ad0                _dl_cet_check
                0x0000000000016720                __x86_cpu_features
                0x0000000000016750                _dl_x86_init_cpu_features
                0x0000000000016770                _dl_x86_get_cpu_features
                0x0000000000016780                _dl_tlsdesc_return
                0x0000000000016790                _dl_tlsdesc_undefweak
                0x00000000000167b0                _dl_tlsdesc_dynamic_fxsave
                0x0000000000016870                _dl_tlsdesc_dynamic_xsave
                0x0000000000016980                _dl_tlsdesc_dynamic_xsavec
                0x0000000000016a80                __tls_get_addr
                0x0000000000016ad0                _dl_make_tlsdesc_dynamic
                0x0000000000016d90                _dl_unmap
                0x0000000000016e10                _dl_audit_activity_map
                0x0000000000016ea0                _dl_audit_activity_nsid
                0x0000000000016ee0                _dl_audit_objsearch
                0x0000000000016f90                _dl_audit_objopen
                0x0000000000017050                _dl_audit_objclose
                0x00000000000170f0                _dl_audit_preinit
                0x0000000000017170                _dl_audit_symbind_alt
                0x0000000000017170                __GI__dl_audit_symbind_alt
                0x0000000000017320                _dl_audit_symbind
                0x00000000000175b0                _dl_audit_pltenter
                0x00000000000177c0                _dl_audit_pltexit
                0x00000000000179a0                _dl_diagnostics_print_string
                0x0000000000017a20                _dl_diagnostics_print_labeled_string
                0x0000000000017a70                _dl_diagnostics_print_labeled_value
                0x0000000000017a90                _dl_print_diagnostics
                0x0000000000018810                _dl_diagnostics_cpu
                0x0000000000018fe0                _dl_diagnostics_kernel
                0x00000000000190b0                _dl_next_ld_env_entry
                0x0000000000019100                unsetenv
                0x0000000000019230                _dl_important_hwcaps
                0x00000000000195a0                _dl_hwcaps_subdirs_active
                0x0000000000019680                _dl_hwcaps_split
                0x0000000000019720                _dl_hwcaps_contains
                0x00000000000197e0                _dl_hwcaps_split_masked
                0x0000000000019890                __rtld_libc_freeres
                0x00000000000199f0                __rtld_malloc_init_stubs
                0x0000000000019a30                __sigjmp_save
                0x0000000000019a40                __strerror_r
                0x0000000000019b00                __GI___libc_fatal
                0x0000000000019b00                __libc_fatal
                0x0000000000019b20                __GI___chk_fail
                0x0000000000019b20                __chk_fail
                0x0000000000019b40                __rtld_malloc_is_complete
                0x0000000000019c50                __rtld_malloc_init_real
                0x0000000000019d40                _itoa
                0x0000000000019d80                __strsep
                0x0000000000019d80                strsep
                0x0000000000019d80                __strsep_g
                0x0000000000019df0                __rtld_mutex_init
                0x0000000000019ec0                _dl_start_profile
                0x000000000001a670                __GI__dl_mcount
                0x000000000001a670                _dl_mcount
                0x000000000001aa30                _dl_tunable_set_hwcaps
                0x000000000001b4d0                _dl_tunable_set_x86_ibt
                0x000000000001b560                _dl_tunable_set_x86_shstk
                0x000000000001b5f0                _dl_sysdep_start
                0x000000000001b6b0                _dl_sysdep_start_cleanup
                0x000000000001b6c0                _dl_show_auxv
                0x000000000001b890                _dl_usage
                0x000000000001b8e0                _dl_version
                0x000000000001b900                _dl_help
                0x000000000001bbc0                _start
                0x000000000001bbc8                _dl_start_user
                0x000000000001cd40                handle_preload_list
                0x0000000000020980                __brk
                0x0000000000020980                brk
                0x00000000000209b0                __getcwd
                0x00000000000209b0                getcwd
                0x0000000000020f90                openat64
                0x0000000000020fd0                __alloc_dir
                0x00000000000210a0                __opendir
                0x00000000000210a0                opendir
                0x0000000000021130                sbrk
                0x0000000000021130                __sbrk
 *fill*         0x00000000000211b4        0xc 
 .text          0x00000000000211c0       0xe6 /home/saraj/Desktop/glibc_modified/build/libc_pic.a(check_fds.os)
                0x0000000000021270                __libc_check_standard_fds
 .text          0x00000000000212a6        0x0 /home/saraj/Desktop/glibc_modified/build/libc_pic.a(errno.os)
 *fill*         0x00000000000212a6        0xa 
 .text          0x00000000000212b0       0x72 /home/saraj/Desktop/glibc_modified/build/libc_pic.a(setjmp.os)
                0x00000000000212b0                __sigsetjmp
                0x00000000000212b0                __GI___sigsetjmp
 *fill*         0x0000000000021322        0xe 
 .text          0x0000000000021330       0xc0 /home/saraj/Desktop/glibc_modified/build/libc_pic.a(__longjmp.os)
                0x0000000000021330                __longjmp
 .text          0x00000000000213f0       0xa5 /home/saraj/Desktop/glibc_modified/build/libc_pic.a(getenv.os)
                0x00000000000213f0                getenv
                0x00000000000213f0                __GI_getenv
 *fill*         0x0000000000021495        0xb 
 .text          0x00000000000214a0      0x140 /home/saraj/Desktop/glibc_modified/build/libc_pic.a(_fitoa_word.os)
                0x00000000000214a0                _itoa_word
                0x0000000000021590                _fitoa_word
 .text          0x00000000000215e0        0x0 /home/saraj/Desktop/glibc_modified/build/libc_pic.a(itoa-udigits.os)
 .text          0x00000000000215e0       0xf8 /home/saraj/Desktop/glibc_modified/build/libc_pic.a(lowlevellock.os)
                0x00000000000215e0                __GI___lll_lock_wait_private
                0x00000000000215e0                __lll_lock_wait_private
                0x0000000000021640                __lll_lock_wait
                0x0000000000021640                __GI___lll_lock_wait
                0x00000000000216a0                __lll_lock_wake_private
                0x00000000000216a0                __GI___lll_lock_wake_private
                0x00000000000216c0                __lll_lock_wake
                0x00000000000216c0                __GI___lll_lock_wake
 *fill*         0x00000000000216d8        0x8 
 .text          0x00000000000216e0       0xa5 /home/saraj/Desktop/glibc_modified/build/libc_pic.a(scratch_buffer_set_array_size.os)
                0x00000000000216e0                __libc_scratch_buffer_set_array_size
                0x00000000000216e0                __GI___libc_scratch_buffer_set_array_size
 *fill*         0x0000000000021785        0xb 
 .text          0x0000000000021790       0x8d /home/saraj/Desktop/glibc_modified/build/libc_pic.a(memchr.os)
                0x0000000000021790                __GI_memchr
                0x0000000000021790                memchr
                0x0000000000021790                __memchr
 *fill*         0x000000000002181d        0x3 
 .text          0x0000000000021820       0x71 /home/saraj/Desktop/glibc_modified/build/libc_pic.a(memcmp.os)
                0x0000000000021820                bcmp
                0x0000000000021820                __GI_memcmp
                0x0000000000021820                memcmp
 *fill*         0x0000000000021891        0xf 
 .text          0x00000000000218a0      0x119 /home/saraj/Desktop/glibc_modified/build/libc_pic.a(memcpy.os)
                0x00000000000218a0                __GI_memcpy
                0x00000000000218a0                __new_memcpy
                0x00000000000218a0                memcpy@@GLIBC_2.14
 *fill*         0x00000000000219b9        0x7 
 .text          0x00000000000219c0      0x119 /home/saraj/Desktop/glibc_modified/build/libc_pic.a(memmove.os)
                0x00000000000219c0                memmove
                0x00000000000219c0                __GI_memmove
                0x00000000000219c0                __libc_memmove
 *fill*         0x0000000000021ad9        0x7 
 .text          0x0000000000021ae0      0x119 /home/saraj/Desktop/glibc_modified/build/libc_pic.a(mempcpy.os)
                0x0000000000021ae0                mempcpy
                0x0000000000021ae0                __GI_mempcpy
                0x0000000000021ae0                __mempcpy
                0x0000000000021ae0                __GI___mempcpy
 *fill*         0x0000000000021bf9        0x7 
 .text          0x0000000000021c00      0x12b /home/saraj/Desktop/glibc_modified/build/libc_pic.a(memset.os)
                0x0000000000021c00                __GI_memset
                0x0000000000021c00                memset
 *fill*         0x0000000000021d2b        0x5 
 .text          0x0000000000021d30       0x71 /home/saraj/Desktop/glibc_modified/build/libc_pic.a(stpcpy.os)
                0x0000000000021d30                stpcpy
                0x0000000000021d30                __GI_stpcpy
                0x0000000000021d30                __stpcpy
                0x0000000000021d30                __GI___stpcpy
 *fill*         0x0000000000021da1        0xf 
 .text          0x0000000000021db0       0x78 /home/saraj/Desktop/glibc_modified/build/libc_pic.a(strchr.os)
                0x0000000000021db0                __GI_strchr
                0x0000000000021db0                index
                0x0000000000021db0                strchr
 *fill*         0x0000000000021e28        0x8 
 .text          0x0000000000021e30       0x88 /home/saraj/Desktop/glibc_modified/build/libc_pic.a(strcmp.os)
                0x0000000000021e30                __GI_strcmp
                0x0000000000021e30                strcmp
 *fill*         0x0000000000021eb8        0x8 
 .text          0x0000000000021ec0       0x25 /home/saraj/Desktop/glibc_modified/build/libc_pic.a(strcspn.os)
                0x0000000000021ec0                strcspn
                0x0000000000021ec0                __GI_strcspn
 *fill*         0x0000000000021ee5        0xb 
 .text          0x0000000000021ef0       0x3d /home/saraj/Desktop/glibc_modified/build/libc_pic.a(strdup.os)
                0x0000000000021ef0                __GI___strdup
                0x0000000000021ef0                __strdup
                0x0000000000021ef0                strdup
 *fill*         0x0000000000021f2d        0x3 
 .text          0x0000000000021f30        0x9 /home/saraj/Desktop/glibc_modified/build/libc_pic.a(strerrorname_np.os)
                0x0000000000021f30                strerrorname_np
 *fill*         0x0000000000021f39        0x7 
 .text          0x0000000000021f40       0x81 /home/saraj/Desktop/glibc_modified/build/libc_pic.a(strlen.os)
                0x0000000000021f40                strlen
                0x0000000000021f40                __GI_strlen
 *fill*         0x0000000000021fc1        0xf 
 .text          0x0000000000021fd0       0x91 /home/saraj/Desktop/glibc_modified/build/libc_pic.a(strncmp.os)
                0x0000000000021fd0                __GI_strncmp
                0x0000000000021fd0                strncmp
 *fill*         0x0000000000022061        0xf 
 .text          0x0000000000022070       0x81 /home/saraj/Desktop/glibc_modified/build/libc_pic.a(strnlen.os)
                0x0000000000022070                __strnlen
                0x0000000000022070                strnlen
                0x0000000000022070                __GI___strnlen
                0x0000000000022070                __GI_strnlen
 .text          0x00000000000220f1        0x0 /home/saraj/Desktop/glibc_modified/build/libc_pic.a(memchr-avx2.os)
 .text          0x00000000000220f1        0x0 /home/saraj/Desktop/glibc_modified/build/libc_pic.a(memchr-avx2-rtm.os)
 .text          0x00000000000220f1        0x0 /home/saraj/Desktop/glibc_modified/build/libc_pic.a(memchr-evex.os)
 .text          0x00000000000220f1        0x0 /home/saraj/Desktop/glibc_modified/build/libc_pic.a(memchr-evex-rtm.os)
 *fill*         0x00000000000220f1        0xf 
 .text          0x0000000000022100      0x323 /home/saraj/Desktop/glibc_modified/build/libc_pic.a(memchr-sse2.os)
                0x0000000000022100                __memchr_sse2
 .text          0x0000000000022423        0x0 /home/saraj/Desktop/glibc_modified/build/libc_pic.a(memcmp-avx2-movbe.os)
 .text          0x0000000000022423        0x0 /home/saraj/Desktop/glibc_modified/build/libc_pic.a(memcmp-avx2-movbe-rtm.os)
 .text          0x0000000000022423        0x0 /home/saraj/Desktop/glibc_modified/build/libc_pic.a(memcmp-evex-movbe.os)
 *fill*         0x0000000000022423       0x1d 
 .text          0x0000000000022440      0x2d0 /home/saraj/Desktop/glibc_modified/build/libc_pic.a(memcmp-sse2.os)
                0x0000000000022440                __memcmp_sse2
 .text          0x0000000000022710        0x0 /home/saraj/Desktop/glibc_modified/build/libc_pic.a(memmove-avx-unaligned-erms.os)
 .text          0x0000000000022710        0x0 /home/saraj/Desktop/glibc_modified/build/libc_pic.a(memmove-avx-unaligned-erms-rtm.os)
 .text          0x0000000000022710        0x0 /home/saraj/Desktop/glibc_modified/build/libc_pic.a(memmove-avx512-no-vzeroupper.os)
 .text          0x0000000000022710        0x0 /home/saraj/Desktop/glibc_modified/build/libc_pic.a(memmove-avx512-unaligned-erms.os)
 .text          0x0000000000022710       0x71 /home/saraj/Desktop/glibc_modified/build/libc_pic.a(memmove-erms.os)
                0x0000000000022710                __mempcpy_chk_erms
                0x0000000000022720                __mempcpy_erms
                0x0000000000022740                __memcpy_chk_erms
                0x0000000000022740                __memmove_chk_erms
                0x0000000000022750                __memmove_erms
                0x0000000000022750                __memcpy_erms
 .text          0x0000000000022781        0x0 /home/saraj/Desktop/glibc_modified/build/libc_pic.a(memmove-evex-unaligned-erms.os)
 *fill*         0x0000000000022781       0x3f 
 .text          0x00000000000227c0      0x612 /home/saraj/Desktop/glibc_modified/build/libc_pic.a(memmove-sse2-unaligned-erms.os)
                0x00000000000227c0                __mempcpy_chk_sse2_unaligned
                0x00000000000227d0                __mempcpy_sse2_unaligned
                0x00000000000227e0                __memcpy_chk_sse2_unaligned
                0x00000000000227e0                __memmove_chk_sse2_unaligned
                0x00000000000227f0                __memmove_sse2_unaligned
                0x00000000000227f0                __memcpy_sse2_unaligned
                0x00000000000227f0                memcpy@GLIBC_2.2.5
                0x0000000000022820                __mempcpy_chk_sse2_unaligned_erms
                0x0000000000022830                __mempcpy_sse2_unaligned_erms
                0x0000000000022840                __memmove_chk_sse2_unaligned_erms
                0x0000000000022840                __memcpy_chk_sse2_unaligned_erms
                0x0000000000022880                __memmove_sse2_unaligned_erms
                0x0000000000022880                __memcpy_sse2_unaligned_erms
 .text          0x0000000000022dd2        0x0 /home/saraj/Desktop/glibc_modified/build/libc_pic.a(memmove-ssse3.os)
 .text          0x0000000000022dd2        0x0 /home/saraj/Desktop/glibc_modified/build/libc_pic.a(memset-avx2-unaligned-erms.os)
 .text          0x0000000000022dd2        0x0 /home/saraj/Desktop/glibc_modified/build/libc_pic.a(memset-avx2-unaligned-erms-rtm.os)
 .text          0x0000000000022dd2        0x0 /home/saraj/Desktop/glibc_modified/build/libc_pic.a(memset-avx512-no-vzeroupper.os)
 .text          0x0000000000022dd2        0x0 /home/saraj/Desktop/glibc_modified/build/libc_pic.a(memset-avx512-unaligned-erms.os)
 *fill*         0x0000000000022dd2        0xe 
 .text          0x0000000000022de0       0x2d /home/saraj/Desktop/glibc_modified/build/libc_pic.a(memset-erms.os)
                0x0000000000022de0                __memset_chk_erms
                0x0000000000022df0                __memset_erms
 .text          0x0000000000022e0d        0x0 /home/saraj/Desktop/glibc_modified/build/libc_pic.a(memset-evex-unaligned-erms.os)
 *fill*         0x0000000000022e0d       0x33 
 .text          0x0000000000022e40      0x1ff /home/saraj/Desktop/glibc_modified/build/libc_pic.a(memset-sse2-unaligned-erms.os)
                0x0000000000022e40                __wmemset_chk_sse2_unaligned
                0x0000000000022e50                __wmemset_sse2_unaligned
                0x0000000000022e70                __memset_chk_sse2_unaligned
                0x0000000000022e80                __memset_sse2_unaligned
                0x0000000000022ec0                __memset_chk_sse2_unaligned_erms
                0x0000000000022f00                __memset_sse2_unaligned_erms
 .text          0x000000000002303f        0x0 /home/saraj/Desktop/glibc_modified/build/libc_pic.a(stpcpy-avx2.os)
 .text          0x000000000002303f        0x0 /home/saraj/Desktop/glibc_modified/build/libc_pic.a(stpcpy-avx2-rtm.os)
 .text          0x000000000002303f        0x0 /home/saraj/Desktop/glibc_modified/build/libc_pic.a(stpcpy-evex.os)
 *fill*         0x000000000002303f        0x1 
 .text          0x0000000000023040       0xec /home/saraj/Desktop/glibc_modified/build/libc_pic.a(stpcpy-sse2.os)
                0x0000000000023040                __stpcpy_sse2
 *fill*         0x000000000002312c        0x4 
 .text          0x0000000000023130      0x6c0 /home/saraj/Desktop/glibc_modified/build/libc_pic.a(stpcpy-sse2-unaligned.os)
                0x0000000000023130                __stpcpy_sse2_unaligned
 .text          0x00000000000237f0        0x0 /home/saraj/Desktop/glibc_modified/build/libc_pic.a(strchr-avx2.os)
 .text          0x00000000000237f0        0x0 /home/saraj/Desktop/glibc_modified/build/libc_pic.a(strchr-avx2-rtm.os)
 .text          0x00000000000237f0        0x0 /home/saraj/Desktop/glibc_modified/build/libc_pic.a(strchr-evex.os)
 .text          0x00000000000237f0      0x22a /home/saraj/Desktop/glibc_modified/build/libc_pic.a(strchr-sse2.os)
                0x00000000000237f0                __strchr_sse2
 .text          0x0000000000023a1a        0x0 /home/saraj/Desktop/glibc_modified/build/libc_pic.a(strchr-sse2-no-bsf.os)
 .text          0x0000000000023a1a        0x0 /home/saraj/Desktop/glibc_modified/build/libc_pic.a(strcmp-avx2.os)
 .text          0x0000000000023a1a        0x0 /home/saraj/Desktop/glibc_modified/build/libc_pic.a(strcmp-avx2-rtm.os)
 .text          0x0000000000023a1a        0x0 /home/saraj/Desktop/glibc_modified/build/libc_pic.a(strcmp-evex.os)
 *fill*         0x0000000000023a1a        0x6 
 .text          0x0000000000023a20     0x1449 /home/saraj/Desktop/glibc_modified/build/libc_pic.a(strcmp-sse2.os)
                0x0000000000023a20                __strcmp_sse2
 *fill*         0x0000000000024e69        0x7 
 .text          0x0000000000024e70      0x2a3 /home/saraj/Desktop/glibc_modified/build/libc_pic.a(strcmp-sse2-unaligned.os)
                0x0000000000024e70                __strcmp_sse2_unaligned
 .text          0x0000000000025113        0x0 /home/saraj/Desktop/glibc_modified/build/libc_pic.a(strcmp-sse4_2.os)
 .text          0x0000000000025113        0x0 /home/saraj/Desktop/glibc_modified/build/libc_pic.a(strcspn-sse4.os)
 .text          0x0000000000025113        0x0 /home/saraj/Desktop/glibc_modified/build/libc_pic.a(strlen-avx2.os)
 .text          0x0000000000025113        0x0 /home/saraj/Desktop/glibc_modified/build/libc_pic.a(strlen-avx2-rtm.os)
 .text          0x0000000000025113        0x0 /home/saraj/Desktop/glibc_modified/build/libc_pic.a(strlen-evex.os)
 *fill*         0x0000000000025113        0xd 
 .text          0x0000000000025120      0x19c /home/saraj/Desktop/glibc_modified/build/libc_pic.a(strlen-sse2.os)
                0x0000000000025120                __strlen_sse2
 .text          0x00000000000252bc        0x0 /home/saraj/Desktop/glibc_modified/build/libc_pic.a(strncmp-avx2.os)
 .text          0x00000000000252bc        0x0 /home/saraj/Desktop/glibc_modified/build/libc_pic.a(strncmp-avx2-rtm.os)
 .text          0x00000000000252bc        0x0 /home/saraj/Desktop/glibc_modified/build/libc_pic.a(strncmp-evex.os)
 *fill*         0x00000000000252bc        0x4 
 .text          0x00000000000252c0     0x1859 /home/saraj/Desktop/glibc_modified/build/libc_pic.a(strncmp-sse2.os)
                0x00000000000252c0                __strncmp_sse2
 .text          0x0000000000026b19        0x0 /home/saraj/Desktop/glibc_modified/build/libc_pic.a(strncmp-sse4_2.os)
 .text          0x0000000000026b19        0x0 /home/saraj/Desktop/glibc_modified/build/libc_pic.a(strnlen-avx2.os)
 .text          0x0000000000026b19        0x0 /home/saraj/Desktop/glibc_modified/build/libc_pic.a(strnlen-avx2-rtm.os)
 .text          0x0000000000026b19        0x0 /home/saraj/Desktop/glibc_modified/build/libc_pic.a(strnlen-evex.os)
 *fill*         0x0000000000026b19        0x7 
 .text          0x0000000000026b20      0x218 /home/saraj/Desktop/glibc_modified/build/libc_pic.a(strnlen-sse2.os)
                0x0000000000026b20                __strnlen_sse2
 .text          0x0000000000026d38        0x0 /home/saraj/Desktop/glibc_modified/build/libc_pic.a(varshift.os)
 *fill*         0x0000000000026d38        0x8 
 .text          0x0000000000026d40      0x167 /home/saraj/Desktop/glibc_modified/build/libc_pic.a(strcspn-generic.os)
                0x0000000000026d40                __strcspn_generic
 *fill*         0x0000000000026ea7        0x9 
 .text          0x0000000000026eb0      0x1a8 /home/saraj/Desktop/glibc_modified/build/libc_pic.a(cacheinfo.os)
                0x0000000000026eb0                __x86_cacheinfo
                0x0000000000026f60                __cache_sysconf
 *fill*         0x0000000000027058        0x8 
 .text          0x0000000000027060       0x2d /home/saraj/Desktop/glibc_modified/build/libc_pic.a(closedir.os)
                0x0000000000027060                __closedir
                0x0000000000027060                closedir
 *fill*         0x000000000002708d        0x3 
 .text          0x0000000000027090       0xb2 /home/saraj/Desktop/glibc_modified/build/libc_pic.a(fdopendir.os)
                0x0000000000027090                fdopendir
                0x0000000000027090                __fdopendir
 *fill*         0x0000000000027142        0xe 
 .text          0x0000000000027150       0xec /home/saraj/Desktop/glibc_modified/build/libc_pic.a(readdir64.os)
                0x0000000000027150                readdir
                0x0000000000027150                __readdir64
                0x0000000000027150                __readdir
                0x0000000000027150                __GI___readdir64
                0x0000000000027150                readdir64
 *fill*         0x000000000002723c        0x4 
 .text          0x0000000000027240       0x76 /home/saraj/Desktop/glibc_modified/build/libc_pic.a(rewinddir.os)
                0x0000000000027240                rewinddir
                0x0000000000027240                __rewinddir
                0x0000000000027240                __GI___rewinddir
 *fill*         0x00000000000272b6        0xa 
 .text          0x00000000000272c0       0x2c /home/saraj/Desktop/glibc_modified/build/libc_pic.a(_exit.os)
                0x00000000000272c0                _Exit
                0x00000000000272c0                __GI__exit
                0x00000000000272c0                _exit
 *fill*         0x00000000000272ec        0x4 
 .text          0x00000000000272f0        0xc /home/saraj/Desktop/glibc_modified/build/libc_pic.a(getpid.os)
                0x00000000000272f0                __getpid
                0x00000000000272f0                getpid
                0x00000000000272f0                __GI_getpid
                0x00000000000272f0                __GI___getpid
 *fill*         0x00000000000272fc        0x4 
 .text          0x0000000000027300       0x25 /home/saraj/Desktop/glibc_modified/build/libc_pic.a(uname.os)
                0x0000000000027300                uname
                0x0000000000027300                __GI_uname
                0x0000000000027300                __uname
                0x0000000000027300                __GI___uname
 .text          0x0000000000027325        0x0 /home/saraj/Desktop/glibc_modified/build/libc_pic.a(environ.os)
 *fill*         0x0000000000027325        0xb 
 .text          0x0000000000027330       0x2a /home/saraj/Desktop/glibc_modified/build/libc_pic.a(access.os)
                0x0000000000027330                __GI___access
                0x0000000000027330                access
                0x0000000000027330                __access
 *fill*         0x000000000002735a        0x6 
 .text          0x0000000000027360       0x2a /home/saraj/Desktop/glibc_modified/build/libc_pic.a(fstat64.os)
                0x0000000000027360                __GI___fstat64
                0x0000000000027360                fstat64
                0x0000000000027360                fstat
                0x0000000000027360                __fstat64
                0x0000000000027360                __fstat
 *fill*         0x000000000002738a        0x6 
 .text          0x0000000000027390       0x32 /home/saraj/Desktop/glibc_modified/build/libc_pic.a(fstatat64.os)
                0x0000000000027390                fstatat
                0x0000000000027390                __fstatat
                0x0000000000027390                fstatat64
                0x0000000000027390                __fstatat64
                0x0000000000027390                __GI___fstatat
                0x0000000000027390                __GI___fstatat64
 *fill*         0x00000000000273c2        0xe 
 .text          0x00000000000273d0       0x2c /home/saraj/Desktop/glibc_modified/build/libc_pic.a(lseek64.os)
                0x00000000000273d0                __GI___lseek
                0x00000000000273d0                __lseek64
                0x00000000000273d0                lseek
                0x00000000000273d0                __libc_lseek64
                0x00000000000273d0                llseek@GLIBC_2.2.5
                0x00000000000273d0                __lseek
                0x00000000000273d0                __libc_lseek
                0x00000000000273d0                lseek64
 *fill*         0x00000000000273fc        0x4 
 .text          0x0000000000027400       0x19 /home/saraj/Desktop/glibc_modified/build/libc_pic.a(lstat64.os)
                0x0000000000027400                __lstat64
                0x0000000000027400                lstat
                0x0000000000027400                lstat64
                0x0000000000027400                __GI___lstat64
                0x0000000000027400                __lstat
 *fill*         0x0000000000027419        0x7 
 .text          0x0000000000027420       0x6a /home/saraj/Desktop/glibc_modified/build/libc_pic.a(openat64.os)
                0x0000000000027420                __openat64
                0x0000000000027420                __GI___openat
                0x0000000000027420                __GI___openat64
                0x0000000000027420                __libc_openat64
                0x0000000000027420                __openat
                0x0000000000027420                openat
 *fill*         0x000000000002748a        0x6 
 .text          0x0000000000027490       0x16 /home/saraj/Desktop/glibc_modified/build/libc_pic.a(stat64.os)
                0x0000000000027490                stat64
                0x0000000000027490                __stat
                0x0000000000027490                __stat64
                0x0000000000027490                stat
                0x0000000000027490                __GI___stat64
 *fill*         0x00000000000274a6        0xa 
 .text          0x00000000000274b0       0x2a /home/saraj/Desktop/glibc_modified/build/libc_pic.a(close_nocancel.os)
                0x00000000000274b0                __GI___close_nocancel
                0x00000000000274b0                __close_nocancel
 *fill*         0x00000000000274da        0x6 
 .text          0x00000000000274e0        0xc /home/saraj/Desktop/glibc_modified/build/libc_pic.a(close_nocancel_nostatus.os)
                0x00000000000274e0                __GI___close_nocancel_nostatus
                0x00000000000274e0                __close_nocancel_nostatus
 *fill*         0x00000000000274ec        0x4 
 .text          0x00000000000274f0       0xde /home/saraj/Desktop/glibc_modified/build/libc_pic.a(fcntl_nocancel.os)
                0x00000000000274f0                __fcntl64_nocancel
                0x00000000000274f0                __GI___fcntl64_nocancel
                0x0000000000027570                __fcntl64_nocancel_adjusted
 *fill*         0x00000000000275ce        0x2 
 .text          0x00000000000275d0       0x7a /home/saraj/Desktop/glibc_modified/build/libc_pic.a(open64_nocancel.os)
                0x00000000000275d0                __GI___open_nocancel
                0x00000000000275d0                __open_nocancel
                0x00000000000275d0                __GI___open64_nocancel
                0x00000000000275d0                __open64_nocancel
 *fill*         0x000000000002764a        0x6 
 .text          0x0000000000027650       0x34 /home/saraj/Desktop/glibc_modified/build/libc_pic.a(pread64_nocancel.os)
                0x0000000000027650                __GI___pread64_nocancel
                0x0000000000027650                __pread64_nocancel
 *fill*         0x0000000000027684        0xc 
 .text          0x0000000000027690       0x2c /home/saraj/Desktop/glibc_modified/build/libc_pic.a(read_nocancel.os)
                0x0000000000027690                __read_nocancel
                0x0000000000027690                __GI___read_nocancel
 *fill*         0x00000000000276bc        0x4 
 .text          0x00000000000276c0       0x2c /home/saraj/Desktop/glibc_modified/build/libc_pic.a(write_nocancel.os)
                0x00000000000276c0                __GI___write_nocancel
                0x00000000000276c0                __write_nocancel
 *fill*         0x00000000000276ec        0x4 
 .text          0x00000000000276f0       0x62 /home/saraj/Desktop/glibc_modified/build/libc_pic.a(fd_to_filename.os)
                0x00000000000276f0                __fd_to_filename
 *fill*         0x0000000000027752        0xe 
 .text          0x0000000000027760       0xb8 /home/saraj/Desktop/glibc_modified/build/libc_pic.a(mmap64.os)
                0x0000000000027760                __GI___mmap
                0x0000000000027760                __mmap
                0x0000000000027760                mmap
                0x0000000000027760                __GI___mmap64
                0x0000000000027760                __mmap64
                0x0000000000027760                mmap64
 *fill*         0x0000000000027818        0x8 
 .text          0x0000000000027820       0x25 /home/saraj/Desktop/glibc_modified/build/libc_pic.a(mprotect.os)
                0x0000000000027820                __mprotect
                0x0000000000027820                __GI___mprotect
                0x0000000000027820                __GI_mprotect
                0x0000000000027820                mprotect
 *fill*         0x0000000000027845        0xb 
 .text          0x0000000000027850       0x25 /home/saraj/Desktop/glibc_modified/build/libc_pic.a(munmap.os)
                0x0000000000027850                munmap
                0x0000000000027850                __GI___munmap
                0x0000000000027850                __GI_munmap
                0x0000000000027850                __munmap
 *fill*         0x0000000000027875        0xb 
 .text          0x0000000000027880       0xbf /home/saraj/Desktop/glibc_modified/build/libc_pic.a(setvmaname.os)
                0x0000000000027880                __is_decorate_maps_enabled
                0x00000000000278f0                __set_vma_name
 *fill*         0x000000000002793f        0x1 
 .text          0x0000000000027940        0xf /home/saraj/Desktop/glibc_modified/build/libc_pic.a(prof-freq.os)
                0x0000000000027940                __GI___profile_frequency
                0x0000000000027940                __profile_frequency
 *fill*         0x000000000002794f        0x1 
 .text          0x0000000000027950      0x1e2 /home/saraj/Desktop/glibc_modified/build/libc_pic.a(profil.os)
                0x00000000000279a0                __profil
                0x00000000000279a0                profil
 *fill*         0x0000000000027b32        0xe 
 .text          0x0000000000027b40       0x7b /home/saraj/Desktop/glibc_modified/build/libc_pic.a(dl-addr-obj.os)
                0x0000000000027b40                _dl_addr_inside_object
 *fill*         0x0000000000027bbb        0x5 
 .text          0x0000000000027bc0      0x1bb /home/saraj/Desktop/glibc_modified/build/libc_pic.a(libc_sigaction.os)
                0x0000000000027be0                __libc_sigaction
                0x0000000000027be0                __GI___libc_sigaction
 *fill*         0x0000000000027d7b        0x5 
 .text          0x0000000000027d80       0x33 /home/saraj/Desktop/glibc_modified/build/libc_pic.a(errname.os)
                0x0000000000027d80                __get_errname
 *fill*         0x0000000000027db3        0xd 
 .text          0x0000000000027dc0       0x81 /home/saraj/Desktop/glibc_modified/build/libc_pic.a(strchrnul.os)
                0x0000000000027dc0                __GI___strchrnul
                0x0000000000027dc0                __strchrnul
                0x0000000000027dc0                strchrnul
 .text          0x0000000000027e41        0x0 /home/saraj/Desktop/glibc_modified/build/libc_pic.a(strchrnul-avx2.os)
 .text          0x0000000000027e41        0x0 /home/saraj/Desktop/glibc_modified/build/libc_pic.a(strchrnul-avx2-rtm.os)
 .text          0x0000000000027e41        0x0 /home/saraj/Desktop/glibc_modified/build/libc_pic.a(strchrnul-evex.os)
 *fill*         0x0000000000027e41        0xf 
 .text          0x0000000000027e50      0x20a /home/saraj/Desktop/glibc_modified/build/libc_pic.a(strchrnul-sse2.os)
                0x0000000000027e50                __strchrnul_sse2
 *fill*         0x000000000002805a        0x6 
 .text          0x0000000000028060       0x2a /home/saraj/Desktop/glibc_modified/build/libc_pic.a(setitimer.os)
                0x0000000000028060                setitimer
                0x0000000000028060                __setitimer
 *fill*         0x000000000002808a        0x6 
 .text          0x0000000000028090       0x34 /home/saraj/Desktop/glibc_modified/build/libc_pic.a(getdents64.os)
                0x0000000000028090                __GI___getdents64
                0x0000000000028090                getdents64
                0x0000000000028090                __getdents64
 *(.gnu.warning)

.text.unlikely  0x0000000000000000      0xef2
 .text.unlikely
                0x0000000000000000      0xef2 /home/saraj/Desktop/glibc_modified/build/elf/dl-allobjs.os
                0x0000000000000916                __GI___assert_fail
                0x0000000000000916                __assert_fail
                0x0000000000000983                __GI___assert_perror_fail
                0x0000000000000983                __assert_perror_fail

.text.evex512   0x0000000000000000      0xedb
 .text.evex512  0x0000000000000000      0x3fd /home/saraj/Desktop/glibc_modified/build/elf/dl-allobjs.os
                0x0000000000000000                _dl_runtime_profile_avx512
 *fill*         0x00000000000003fd        0x3 
 .text.evex512  0x0000000000000400      0x880 /home/saraj/Desktop/glibc_modified/build/libc_pic.a(memmove-avx512-unaligned-erms.os)
                0x0000000000000400                __mempcpy_chk_avx512_unaligned
                0x0000000000000410                __mempcpy_avx512_unaligned
                0x0000000000000420                __memcpy_chk_avx512_unaligned
                0x0000000000000420                __memmove_chk_avx512_unaligned
                0x0000000000000430                __memmove_avx512_unaligned
                0x0000000000000430                __memcpy_avx512_unaligned
                0x0000000000000470                __mempcpy_chk_avx512_unaligned_erms
                0x0000000000000480                __mempcpy_avx512_unaligned_erms
                0x0000000000000490                __memcpy_chk_avx512_unaligned_erms
                0x0000000000000490                __memmove_chk_avx512_unaligned_erms
                0x00000000000004c0                __memmove_avx512_unaligned_erms
                0x00000000000004c0                __memcpy_avx512_unaligned_erms
 .text.evex512  0x0000000000000c80      0x25b /home/saraj/Desktop/glibc_modified/build/libc_pic.a(memset-avx512-unaligned-erms.os)
                0x0000000000000c80                __wmemset_chk_avx512_unaligned
                0x0000000000000c90                __wmemset_avx512_unaligned
                0x0000000000000cb0                __memset_chk_avx512_unaligned
                0x0000000000000cc0                __memset_avx512_unaligned
                0x0000000000000d30                __memset_chk_avx512_unaligned_erms
                0x0000000000000d40                __memset_avx512_unaligned_erms

.text.avx       0x0000000000000000     0x2b84
 .text.avx      0x0000000000000000      0x3ef /home/saraj/Desktop/glibc_modified/build/elf/dl-allobjs.os
                0x0000000000000000                _dl_runtime_profile_avx
 *fill*         0x00000000000003ef       0x11 
 .text.avx      0x0000000000000400      0x297 /home/saraj/Desktop/glibc_modified/build/libc_pic.a(memchr-avx2.os)
                0x0000000000000400                __memchr_avx2
 *fill*         0x0000000000000697        0x9 
 .text.avx      0x00000000000006a0      0x3ff /home/saraj/Desktop/glibc_modified/build/libc_pic.a(memcmp-avx2-movbe.os)
                0x00000000000006a0                __memcmp_avx2_movbe
 *fill*         0x0000000000000a9f       0x21 
 .text.avx      0x0000000000000ac0      0x79e /home/saraj/Desktop/glibc_modified/build/libc_pic.a(memmove-avx-unaligned-erms.os)
                0x0000000000000ac0                __mempcpy_chk_avx_unaligned
                0x0000000000000ad0                __mempcpy_avx_unaligned
                0x0000000000000ae0                __memcpy_chk_avx_unaligned
                0x0000000000000ae0                __memmove_chk_avx_unaligned
                0x0000000000000af0                __memcpy_avx_unaligned
                0x0000000000000af0                __memmove_avx_unaligned
                0x0000000000000b30                __mempcpy_chk_avx_unaligned_erms
                0x0000000000000b40                __mempcpy_avx_unaligned_erms
                0x0000000000000b50                __memmove_chk_avx_unaligned_erms
                0x0000000000000b50                __memcpy_chk_avx_unaligned_erms
                0x0000000000000b80                __memcpy_avx_unaligned_erms
                0x0000000000000b80                __memmove_avx_unaligned_erms
 *fill*         0x000000000000125e       0x22 
 .text.avx      0x0000000000001280      0x246 /home/saraj/Desktop/glibc_modified/build/libc_pic.a(memset-avx2-unaligned-erms.os)
                0x0000000000001280                __wmemset_chk_avx2_unaligned
                0x0000000000001290                __wmemset_avx2_unaligned
                0x00000000000012c0                __memset_chk_avx2_unaligned
                0x00000000000012d0                __memset_avx2_unaligned
                0x0000000000001310                __memset_chk_avx2_unaligned_erms
                0x0000000000001340                __memset_avx2_unaligned_erms
 *fill*         0x00000000000014c6        0xa 
 .text.avx      0x00000000000014d0      0x251 /home/saraj/Desktop/glibc_modified/build/libc_pic.a(stpcpy-avx2.os)
                0x00000000000014d0                __stpcpy_avx2
 *fill*         0x0000000000001721       0x1f 
 .text.avx      0x0000000000001740      0x23c /home/saraj/Desktop/glibc_modified/build/libc_pic.a(strchr-avx2.os)
                0x0000000000001740                __strchr_avx2
 *fill*         0x000000000000197c        0x4 
 .text.avx      0x0000000000001980      0x555 /home/saraj/Desktop/glibc_modified/build/libc_pic.a(strcmp-avx2.os)
                0x0000000000001980                __strcmp_avx2
 *fill*         0x0000000000001ed5        0xb 
 .text.avx      0x0000000000001ee0      0x172 /home/saraj/Desktop/glibc_modified/build/libc_pic.a(strlen-avx2.os)
                0x0000000000001ee0                __strlen_avx2
 *fill*         0x0000000000002052        0xe 
 .text.avx      0x0000000000002060      0x64e /home/saraj/Desktop/glibc_modified/build/libc_pic.a(strncmp-avx2.os)
                0x0000000000002060                __strncmp_avx2
 *fill*         0x00000000000026ae       0x12 
 .text.avx      0x00000000000026c0      0x2ce /home/saraj/Desktop/glibc_modified/build/libc_pic.a(strnlen-avx2.os)
                0x00000000000026c0                __strnlen_avx2
 *fill*         0x000000000000298e       0x12 
 .text.avx      0x00000000000029a0      0x1e4 /home/saraj/Desktop/glibc_modified/build/libc_pic.a(strchrnul-avx2.os)
                0x00000000000029a0                __strchrnul_avx2

.text.compat    0x0000000000000000        0x5
 .text.compat   0x0000000000000000        0x5 /home/saraj/Desktop/glibc_modified/build/elf/dl-allobjs.os
                0x0000000000000000                __rtld_version_placeholder_1
                0x0000000000000000                __rtld_version_placeholder@GLIBC_2.34

.text.avx.rtm   0x0000000000000000     0x27a5
 .text.avx.rtm  0x0000000000000000      0x2b8 /home/saraj/Desktop/glibc_modified/build/libc_pic.a(memchr-avx2-rtm.os)
                0x0000000000000000                __memchr_avx2_rtm
 *fill*         0x00000000000002b8        0x8 
 .text.avx.rtm  0x00000000000002c0      0x3ff /home/saraj/Desktop/glibc_modified/build/libc_pic.a(memcmp-avx2-movbe-rtm.os)
                0x00000000000002c0                __memcmp_avx2_movbe_rtm
 *fill*         0x00000000000006bf        0x1 
 .text.avx.rtm  0x00000000000006c0      0x79f /home/saraj/Desktop/glibc_modified/build/libc_pic.a(memmove-avx-unaligned-erms-rtm.os)
                0x00000000000006c0                __mempcpy_chk_avx_unaligned_rtm
                0x00000000000006d0                __mempcpy_avx_unaligned_rtm
                0x00000000000006e0                __memmove_chk_avx_unaligned_rtm
                0x00000000000006e0                __memcpy_chk_avx_unaligned_rtm
                0x00000000000006f0                __memcpy_avx_unaligned_rtm
                0x00000000000006f0                __memmove_avx_unaligned_rtm
                0x0000000000000730                __mempcpy_chk_avx_unaligned_erms_rtm
                0x0000000000000740                __mempcpy_avx_unaligned_erms_rtm
                0x0000000000000750                __memcpy_chk_avx_unaligned_erms_rtm
                0x0000000000000750                __memmove_chk_avx_unaligned_erms_rtm
                0x0000000000000780                __memmove_avx_unaligned_erms_rtm
                0x0000000000000780                __memcpy_avx_unaligned_erms_rtm
 *fill*         0x0000000000000e5f       0x21 
 .text.avx.rtm  0x0000000000000e80      0x247 /home/saraj/Desktop/glibc_modified/build/libc_pic.a(memset-avx2-unaligned-erms-rtm.os)
                0x0000000000000e80                __wmemset_chk_avx2_unaligned_rtm
                0x0000000000000e90                __wmemset_avx2_unaligned_rtm
                0x0000000000000ec0                __memset_chk_avx2_unaligned_rtm
                0x0000000000000ed0                __memset_avx2_unaligned_rtm
                0x0000000000000f10                __memset_chk_avx2_unaligned_erms_rtm
                0x0000000000000f40                __memset_avx2_unaligned_erms_rtm
 *fill*         0x00000000000010c7        0x9 
 .text.avx.rtm  0x00000000000010d0      0x24d /home/saraj/Desktop/glibc_modified/build/libc_pic.a(stpcpy-avx2-rtm.os)
                0x00000000000010d0                __stpcpy_avx2_rtm
 *fill*         0x000000000000131d        0x3 
 .text.avx.rtm  0x0000000000001320      0x22f /home/saraj/Desktop/glibc_modified/build/libc_pic.a(strchr-avx2-rtm.os)
                0x0000000000001320                __strchr_avx2_rtm
 *fill*         0x000000000000154f        0x1 
 .text.avx.rtm  0x0000000000001550      0x555 /home/saraj/Desktop/glibc_modified/build/libc_pic.a(strcmp-avx2-rtm.os)
                0x0000000000001550                __strcmp_avx2_rtm
 *fill*         0x0000000000001aa5       0x1b 
 .text.avx.rtm  0x0000000000001ac0      0x16b /home/saraj/Desktop/glibc_modified/build/libc_pic.a(strlen-avx2-rtm.os)
                0x0000000000001ac0                __strlen_avx2_rtm
 *fill*         0x0000000000001c2b        0x5 
 .text.avx.rtm  0x0000000000001c30      0x67e /home/saraj/Desktop/glibc_modified/build/libc_pic.a(strncmp-avx2-rtm.os)
                0x0000000000001c30                __strncmp_avx2_rtm
 *fill*         0x00000000000022ae       0x12 
 .text.avx.rtm  0x00000000000022c0      0x2fc /home/saraj/Desktop/glibc_modified/build/libc_pic.a(strnlen-avx2-rtm.os)
                0x00000000000022c0                __strnlen_avx2_rtm
 *fill*         0x00000000000025bc        0x4 
 .text.avx.rtm  0x00000000000025c0      0x1e5 /home/saraj/Desktop/glibc_modified/build/libc_pic.a(strchrnul-avx2-rtm.os)
                0x00000000000025c0                __strchrnul_avx2_rtm

.text.evex      0x0000000000000000     0x2697
 .text.evex     0x0000000000000000      0x24f /home/saraj/Desktop/glibc_modified/build/libc_pic.a(memchr-evex.os)
                0x0000000000000000                __memchr_evex
 *fill*         0x000000000000024f       0x31 
 .text.evex     0x0000000000000280      0x2fe /home/saraj/Desktop/glibc_modified/build/libc_pic.a(memcmp-evex-movbe.os)
                0x0000000000000280                __memcmp_evex_movbe
 *fill*         0x000000000000057e        0x2 
 .text.evex     0x0000000000000580      0x87b /home/saraj/Desktop/glibc_modified/build/libc_pic.a(memmove-evex-unaligned-erms.os)
                0x0000000000000580                __mempcpy_chk_evex_unaligned
                0x0000000000000590                __mempcpy_evex_unaligned
                0x00000000000005a0                __memcpy_chk_evex_unaligned
                0x00000000000005a0                __memmove_chk_evex_unaligned
                0x00000000000005b0                __memmove_evex_unaligned
                0x00000000000005b0                __memcpy_evex_unaligned
                0x00000000000005f0                __mempcpy_chk_evex_unaligned_erms
                0x0000000000000600                __mempcpy_evex_unaligned_erms
                0x0000000000000610                __memcpy_chk_evex_unaligned_erms
                0x0000000000000610                __memmove_chk_evex_unaligned_erms
                0x0000000000000640                __memmove_evex_unaligned_erms
                0x0000000000000640                __memcpy_evex_unaligned_erms
 *fill*         0x0000000000000dfb        0x5 
 .text.evex     0x0000000000000e00      0x243 /home/saraj/Desktop/glibc_modified/build/libc_pic.a(memset-evex-unaligned-erms.os)
                0x0000000000000e00                __wmemset_chk_evex_unaligned
                0x0000000000000e10                __wmemset_evex_unaligned
                0x0000000000000e30                __memset_chk_evex_unaligned
                0x0000000000000e40                __memset_evex_unaligned
                0x0000000000000eb0                __memset_chk_evex_unaligned_erms
                0x0000000000000ec0                __memset_evex_unaligned_erms
 *fill*         0x0000000000001043        0xd 
 .text.evex     0x0000000000001050      0x2e0 /home/saraj/Desktop/glibc_modified/build/libc_pic.a(stpcpy-evex.os)
                0x0000000000001050                __stpcpy_evex
 *fill*         0x0000000000001330       0x10 
 .text.evex     0x0000000000001340      0x1ff /home/saraj/Desktop/glibc_modified/build/libc_pic.a(strchr-evex.os)
                0x0000000000001340                __strchr_evex
 *fill*         0x000000000000153f        0x1 
 .text.evex     0x0000000000001540      0x540 /home/saraj/Desktop/glibc_modified/build/libc_pic.a(strcmp-evex.os)
                0x0000000000001540                __strcmp_evex
 .text.evex     0x0000000000001a80      0x15d /home/saraj/Desktop/glibc_modified/build/libc_pic.a(strlen-evex.os)
                0x0000000000001a80                __strlen_evex
 *fill*         0x0000000000001bdd       0x23 
 .text.evex     0x0000000000001c00      0x649 /home/saraj/Desktop/glibc_modified/build/libc_pic.a(strncmp-evex.os)
                0x0000000000001c00                __strncmp_evex
 *fill*         0x0000000000002249       0x37 
 .text.evex     0x0000000000002280      0x236 /home/saraj/Desktop/glibc_modified/build/libc_pic.a(strnlen-evex.os)
                0x0000000000002280                __strnlen_evex
 *fill*         0x00000000000024b6        0xa 
 .text.evex     0x00000000000024c0      0x1d7 /home/saraj/Desktop/glibc_modified/build/libc_pic.a(strchrnul-evex.os)
                0x00000000000024c0                __strchrnul_evex

.text.evex.rtm  0x0000000000000000      0x24f
 .text.evex.rtm
                0x0000000000000000      0x24f /home/saraj/Desktop/glibc_modified/build/libc_pic.a(memchr-evex-rtm.os)
                0x0000000000000000                __memchr_evex_rtm

.text.avx512    0x0000000000000000      0x9f4
 .text.avx512   0x0000000000000000      0x76f /home/saraj/Desktop/glibc_modified/build/libc_pic.a(memmove-avx512-no-vzeroupper.os)
                0x0000000000000000                __mempcpy_chk_avx512_no_vzeroupper
                0x0000000000000010                __mempcpy_avx512_no_vzeroupper
                0x0000000000000020                __memcpy_chk_avx512_no_vzeroupper
                0x0000000000000020                __memmove_chk_avx512_no_vzeroupper
                0x0000000000000030                __memcpy_avx512_no_vzeroupper
                0x0000000000000030                __memmove_avx512_no_vzeroupper
 *fill*         0x000000000000076f        0x1 
 .text.avx512   0x0000000000000770      0x284 /home/saraj/Desktop/glibc_modified/build/libc_pic.a(memset-avx512-no-vzeroupper.os)
                0x0000000000000770                __memset_chk_avx512_no_vzeroupper
                0x0000000000000780                __memset_avx512_no_vzeroupper

.text.ssse3     0x0000000000000000      0xf7d
 .text.ssse3    0x0000000000000000      0xf7d /home/saraj/Desktop/glibc_modified/build/libc_pic.a(memmove-ssse3.os)
                0x0000000000000000                __mempcpy_chk_ssse3
                0x0000000000000010                __mempcpy_ssse3
                0x0000000000000020                __memcpy_chk_ssse3
                0x0000000000000020                __memmove_chk_ssse3
                0x0000000000000040                __memcpy_ssse3
                0x0000000000000040                __memmove_ssse3

.text.atom      0x0000000000000000      0x315
 .text.atom     0x0000000000000000      0x315 /home/saraj/Desktop/glibc_modified/build/libc_pic.a(strchr-sse2-no-bsf.os)
                0x0000000000000000                __strchr_sse2_no_bsf

.text.sse4.2    0x0000000000000000     0x1ea9
 .text.sse4.2   0x0000000000000000      0xda9 /home/saraj/Desktop/glibc_modified/build/libc_pic.a(strcmp-sse4_2.os)
                0x0000000000000000                __strcmp_sse42
 *fill*         0x0000000000000da9        0x7 
 .text.sse4.2   0x0000000000000db0      0x11b /home/saraj/Desktop/glibc_modified/build/libc_pic.a(strcspn-sse4.os)
                0x0000000000000db0                __strcspn_sse42
 *fill*         0x0000000000000ecb        0x5 
 .text.sse4.2   0x0000000000000ed0      0xfd9 /home/saraj/Desktop/glibc_modified/build/libc_pic.a(strncmp-sse4_2.os)
                0x0000000000000ed0                __strncmp_sse42

.fini
 *(SORT_NONE(.fini))

.rodata         0x0000000000000000     0x1a15
 *(.rodata)
 .rodata        0x0000000000000000     0x1332 /home/saraj/Desktop/glibc_modified/build/elf/dl-allobjs.os
 .rodata        0x0000000000001332       0x80 /home/saraj/Desktop/glibc_modified/build/libc_pic.a(stpcpy-sse2-unaligned.os)
 *fill*         0x00000000000013b2        0x6 
 .rodata        0x00000000000013b8       0x40 /home/saraj/Desktop/glibc_modified/build/libc_pic.a(strcmp-sse2.os)
 .rodata        0x00000000000013f8       0x40 /home/saraj/Desktop/glibc_modified/build/libc_pic.a(strncmp-sse2.os)
 *fill*         0x0000000000001438        0x8 
 .rodata        0x0000000000001440       0x1f /home/saraj/Desktop/glibc_modified/build/libc_pic.a(varshift.os)
                0x0000000000001440                ___m128i_shift_right
 *fill*         0x000000000000145f        0x1 
 .rodata        0x0000000000001460       0x34 /home/saraj/Desktop/glibc_modified/build/libc_pic.a(cacheinfo.os)
 *fill*         0x0000000000001494        0xc 
 .rodata        0x00000000000014a0      0x575 /home/saraj/Desktop/glibc_modified/build/libc_pic.a(errname.os)

.rodata.str1.1  0x0000000000000000     0x1919
 .rodata.str1.1
                0x0000000000000000     0x18e4 /home/saraj/Desktop/glibc_modified/build/elf/dl-allobjs.os
 .rodata.str1.1
                0x00000000000018e4       0x14 /home/saraj/Desktop/glibc_modified/build/libc_pic.a(check_fds.os)
 .rodata.str1.1
                0x00000000000018f8       0x21 /home/saraj/Desktop/glibc_modified/build/libc_pic.a(fd_to_filename.os)

.rodata.str1.16
                0x0000000000000000      0x591
 .rodata.str1.16
                0x0000000000000000      0x575 /home/saraj/Desktop/glibc_modified/build/elf/dl-allobjs.os
                0x00000000000003b0                _dl_hwcaps_subdirs
                0x0000000000000410                __GI__itoa_lower_digits
                0x0000000000000410                _itoa_lower_digits
 *fill*         0x0000000000000575        0xb 
 .rodata.str1.16
                0x0000000000000580       0x11 /home/saraj/Desktop/glibc_modified/build/libc_pic.a(fd_to_filename.os)

.rodata.str1.8  0x0000000000000000     0x31bf
 .rodata.str1.8
                0x0000000000000000     0x3181 /home/saraj/Desktop/glibc_modified/build/elf/dl-allobjs.os
 *fill*         0x0000000000003181        0x7 
 .rodata.str1.8
                0x0000000000003188       0x37 /home/saraj/Desktop/glibc_modified/build/libc_pic.a(lowlevellock.os)

.rodata.str1.32
                0x0000000000000000       0x85
 .rodata.str1.32
                0x0000000000000000       0x5b /home/saraj/Desktop/glibc_modified/build/elf/dl-allobjs.os
 *fill*         0x000000000000005b        0x5 
 .rodata.str1.32
                0x0000000000000060       0x25 /home/saraj/Desktop/glibc_modified/build/libc_pic.a(itoa-udigits.os)
                0x0000000000000060                __GI__itoa_upper_digits
                0x0000000000000060                _itoa_upper_digits

.rodata.cst4    0x0000000000000000        0x8
 .rodata.cst4   0x0000000000000000        0x8 /home/saraj/Desktop/glibc_modified/build/elf/dl-allobjs.os
                0x0000000000000004                __rseq_flags

.rodata.cst16   0x0000000000000000       0x50
 .rodata.cst16  0x0000000000000000       0x50 /home/saraj/Desktop/glibc_modified/build/elf/dl-allobjs.os

.rodata.cst2    0x0000000000000000        0x4
 .rodata.cst2   0x0000000000000000        0x4 /home/saraj/Desktop/glibc_modified/build/elf/dl-allobjs.os

.rodata.cst8    0x0000000000000000        0x8
 .rodata.cst8   0x0000000000000000        0x8 /home/saraj/Desktop/glibc_modified/build/elf/dl-allobjs.os

.rodata.sse4.2  0x0000000000000000       0x80
 .rodata.sse4.2
                0x0000000000000000       0x40 /home/saraj/Desktop/glibc_modified/build/libc_pic.a(strcmp-sse4_2.os)
 .rodata.sse4.2
                0x0000000000000040       0x40 /home/saraj/Desktop/glibc_modified/build/libc_pic.a(strncmp-sse4_2.os)

.rodata1
 *(.rodata1)

.eh_frame_hdr
 *(.eh_frame_hdr)

.eh_frame       0x0000000000000000     0x5ca4
 *(.eh_frame)
 .eh_frame      0x0000000000000000     0x3e58 /home/saraj/Desktop/glibc_modified/build/elf/dl-allobjs.os
                                       0x3ed8 (size before relaxing)
 .eh_frame      0x0000000000003e58       0x68 /home/saraj/Desktop/glibc_modified/build/libc_pic.a(check_fds.os)
 .eh_frame      0x0000000000003ec0       0x30 /home/saraj/Desktop/glibc_modified/build/libc_pic.a(setjmp.os)
 .eh_frame      0x0000000000003ef0       0x48 /home/saraj/Desktop/glibc_modified/build/libc_pic.a(__longjmp.os)
 .eh_frame      0x0000000000003f38       0x78 /home/saraj/Desktop/glibc_modified/build/libc_pic.a(getenv.os)
 .eh_frame      0x0000000000003fb0       0x50 /home/saraj/Desktop/glibc_modified/build/libc_pic.a(_fitoa_word.os)
 .eh_frame      0x0000000000004000       0x70 /home/saraj/Desktop/glibc_modified/build/libc_pic.a(lowlevellock.os)
 .eh_frame      0x0000000000004070       0x48 /home/saraj/Desktop/glibc_modified/build/libc_pic.a(scratch_buffer_set_array_size.os)
 .eh_frame      0x00000000000040b8       0x30 /home/saraj/Desktop/glibc_modified/build/libc_pic.a(memchr.os)
 .eh_frame      0x00000000000040e8       0x30 /home/saraj/Desktop/glibc_modified/build/libc_pic.a(memcmp.os)
 .eh_frame      0x0000000000004118       0x30 /home/saraj/Desktop/glibc_modified/build/libc_pic.a(memcpy.os)
 .eh_frame      0x0000000000004148       0x30 /home/saraj/Desktop/glibc_modified/build/libc_pic.a(memmove.os)
 .eh_frame      0x0000000000004178       0x30 /home/saraj/Desktop/glibc_modified/build/libc_pic.a(mempcpy.os)
 .eh_frame      0x00000000000041a8       0x30 /home/saraj/Desktop/glibc_modified/build/libc_pic.a(memset.os)
 .eh_frame      0x00000000000041d8       0x30 /home/saraj/Desktop/glibc_modified/build/libc_pic.a(stpcpy.os)
 .eh_frame      0x0000000000004208       0x30 /home/saraj/Desktop/glibc_modified/build/libc_pic.a(strchr.os)
 .eh_frame      0x0000000000004238       0x30 /home/saraj/Desktop/glibc_modified/build/libc_pic.a(strcmp.os)
 .eh_frame      0x0000000000004268       0x30 /home/saraj/Desktop/glibc_modified/build/libc_pic.a(strcspn.os)
 .eh_frame      0x0000000000004298       0x50 /home/saraj/Desktop/glibc_modified/build/libc_pic.a(strdup.os)
 .eh_frame      0x00000000000042e8       0x30 /home/saraj/Desktop/glibc_modified/build/libc_pic.a(strerrorname_np.os)
 .eh_frame      0x0000000000004318       0x30 /home/saraj/Desktop/glibc_modified/build/libc_pic.a(strlen.os)
 .eh_frame      0x0000000000004348       0x30 /home/saraj/Desktop/glibc_modified/build/libc_pic.a(strncmp.os)
 .eh_frame      0x0000000000004378       0x30 /home/saraj/Desktop/glibc_modified/build/libc_pic.a(strnlen.os)
 .eh_frame      0x00000000000043a8       0x30 /home/saraj/Desktop/glibc_modified/build/libc_pic.a(memchr-avx2.os)
 .eh_frame      0x00000000000043d8       0x30 /home/saraj/Desktop/glibc_modified/build/libc_pic.a(memchr-avx2-rtm.os)
 .eh_frame      0x0000000000004408       0x30 /home/saraj/Desktop/glibc_modified/build/libc_pic.a(memchr-evex.os)
 .eh_frame      0x0000000000004438       0x30 /home/saraj/Desktop/glibc_modified/build/libc_pic.a(memchr-evex-rtm.os)
 .eh_frame      0x0000000000004468       0x30 /home/saraj/Desktop/glibc_modified/build/libc_pic.a(memchr-sse2.os)
 .eh_frame      0x0000000000004498       0x30 /home/saraj/Desktop/glibc_modified/build/libc_pic.a(memcmp-avx2-movbe.os)
 .eh_frame      0x00000000000044c8       0x30 /home/saraj/Desktop/glibc_modified/build/libc_pic.a(memcmp-avx2-movbe-rtm.os)
 .eh_frame      0x00000000000044f8       0x30 /home/saraj/Desktop/glibc_modified/build/libc_pic.a(memcmp-evex-movbe.os)
 .eh_frame      0x0000000000004528       0x30 /home/saraj/Desktop/glibc_modified/build/libc_pic.a(memcmp-sse2.os)
 .eh_frame      0x0000000000004558       0xb8 /home/saraj/Desktop/glibc_modified/build/libc_pic.a(memmove-avx-unaligned-erms.os)
 .eh_frame      0x0000000000004610       0xb8 /home/saraj/Desktop/glibc_modified/build/libc_pic.a(memmove-avx-unaligned-erms-rtm.os)
 .eh_frame      0x00000000000046c8       0x68 /home/saraj/Desktop/glibc_modified/build/libc_pic.a(memmove-avx512-no-vzeroupper.os)
 .eh_frame      0x0000000000004730       0xb8 /home/saraj/Desktop/glibc_modified/build/libc_pic.a(memmove-avx512-unaligned-erms.os)
 .eh_frame      0x00000000000047e8       0x68 /home/saraj/Desktop/glibc_modified/build/libc_pic.a(memmove-erms.os)
 .eh_frame      0x0000000000004850       0xb8 /home/saraj/Desktop/glibc_modified/build/libc_pic.a(memmove-evex-unaligned-erms.os)
 .eh_frame      0x0000000000004908       0xb8 /home/saraj/Desktop/glibc_modified/build/libc_pic.a(memmove-sse2-unaligned-erms.os)
 .eh_frame      0x00000000000049c0       0x68 /home/saraj/Desktop/glibc_modified/build/libc_pic.a(memmove-ssse3.os)
 .eh_frame      0x0000000000004a28       0x90 /home/saraj/Desktop/glibc_modified/build/libc_pic.a(memset-avx2-unaligned-erms.os)
 .eh_frame      0x0000000000004ab8       0x90 /home/saraj/Desktop/glibc_modified/build/libc_pic.a(memset-avx2-unaligned-erms-rtm.os)
 .eh_frame      0x0000000000004b48       0x40 /home/saraj/Desktop/glibc_modified/build/libc_pic.a(memset-avx512-no-vzeroupper.os)
 .eh_frame      0x0000000000004b88       0x90 /home/saraj/Desktop/glibc_modified/build/libc_pic.a(memset-avx512-unaligned-erms.os)
 .eh_frame      0x0000000000004c18       0x40 /home/saraj/Desktop/glibc_modified/build/libc_pic.a(memset-erms.os)
 .eh_frame      0x0000000000004c58       0x90 /home/saraj/Desktop/glibc_modified/build/libc_pic.a(memset-evex-unaligned-erms.os)
 .eh_frame      0x0000000000004ce8       0x90 /home/saraj/Desktop/glibc_modified/build/libc_pic.a(memset-sse2-unaligned-erms.os)
 .eh_frame      0x0000000000004d78       0x30 /home/saraj/Desktop/glibc_modified/build/libc_pic.a(stpcpy-avx2.os)
 .eh_frame      0x0000000000004da8       0x30 /home/saraj/Desktop/glibc_modified/build/libc_pic.a(stpcpy-avx2-rtm.os)
 .eh_frame      0x0000000000004dd8       0x30 /home/saraj/Desktop/glibc_modified/build/libc_pic.a(stpcpy-evex.os)
 .eh_frame      0x0000000000004e08       0x30 /home/saraj/Desktop/glibc_modified/build/libc_pic.a(stpcpy-sse2.os)
 .eh_frame      0x0000000000004e38       0x30 /home/saraj/Desktop/glibc_modified/build/libc_pic.a(stpcpy-sse2-unaligned.os)
 .eh_frame      0x0000000000004e68       0x30 /home/saraj/Desktop/glibc_modified/build/libc_pic.a(strchr-avx2.os)
 .eh_frame      0x0000000000004e98       0x30 /home/saraj/Desktop/glibc_modified/build/libc_pic.a(strchr-avx2-rtm.os)
 .eh_frame      0x0000000000004ec8       0x30 /home/saraj/Desktop/glibc_modified/build/libc_pic.a(strchr-evex.os)
 .eh_frame      0x0000000000004ef8       0x30 /home/saraj/Desktop/glibc_modified/build/libc_pic.a(strchr-sse2.os)
 .eh_frame      0x0000000000004f28       0x30 /home/saraj/Desktop/glibc_modified/build/libc_pic.a(strchr-sse2-no-bsf.os)
 .eh_frame      0x0000000000004f58       0x30 /home/saraj/Desktop/glibc_modified/build/libc_pic.a(strcmp-avx2.os)
 .eh_frame      0x0000000000004f88       0x30 /home/saraj/Desktop/glibc_modified/build/libc_pic.a(strcmp-avx2-rtm.os)
 .eh_frame      0x0000000000004fb8       0x30 /home/saraj/Desktop/glibc_modified/build/libc_pic.a(strcmp-evex.os)
 .eh_frame      0x0000000000004fe8       0x30 /home/saraj/Desktop/glibc_modified/build/libc_pic.a(strcmp-sse2.os)
 .eh_frame      0x0000000000005018       0x30 /home/saraj/Desktop/glibc_modified/build/libc_pic.a(strcmp-sse2-unaligned.os)
 .eh_frame      0x0000000000005048       0x30 /home/saraj/Desktop/glibc_modified/build/libc_pic.a(strcmp-sse4_2.os)
 .eh_frame      0x0000000000005078       0x30 /home/saraj/Desktop/glibc_modified/build/libc_pic.a(strcspn-sse4.os)
 .eh_frame      0x00000000000050a8       0x30 /home/saraj/Desktop/glibc_modified/build/libc_pic.a(strlen-avx2.os)
 .eh_frame      0x00000000000050d8       0x30 /home/saraj/Desktop/glibc_modified/build/libc_pic.a(strlen-avx2-rtm.os)
 .eh_frame      0x0000000000005108       0x30 /home/saraj/Desktop/glibc_modified/build/libc_pic.a(strlen-evex.os)
 .eh_frame      0x0000000000005138       0x30 /home/saraj/Desktop/glibc_modified/build/libc_pic.a(strlen-sse2.os)
 .eh_frame      0x0000000000005168       0x30 /home/saraj/Desktop/glibc_modified/build/libc_pic.a(strncmp-avx2.os)
 .eh_frame      0x0000000000005198       0x30 /home/saraj/Desktop/glibc_modified/build/libc_pic.a(strncmp-avx2-rtm.os)
 .eh_frame      0x00000000000051c8       0x30 /home/saraj/Desktop/glibc_modified/build/libc_pic.a(strncmp-evex.os)
 .eh_frame      0x00000000000051f8       0x30 /home/saraj/Desktop/glibc_modified/build/libc_pic.a(strncmp-sse2.os)
 .eh_frame      0x0000000000005228       0x30 /home/saraj/Desktop/glibc_modified/build/libc_pic.a(strncmp-sse4_2.os)
 .eh_frame      0x0000000000005258       0x30 /home/saraj/Desktop/glibc_modified/build/libc_pic.a(strnlen-avx2.os)
 .eh_frame      0x0000000000005288       0x30 /home/saraj/Desktop/glibc_modified/build/libc_pic.a(strnlen-avx2-rtm.os)
 .eh_frame      0x00000000000052b8       0x30 /home/saraj/Desktop/glibc_modified/build/libc_pic.a(strnlen-evex.os)
 .eh_frame      0x00000000000052e8       0x30 /home/saraj/Desktop/glibc_modified/build/libc_pic.a(strnlen-sse2.os)
 .eh_frame      0x0000000000005318       0x50 /home/saraj/Desktop/glibc_modified/build/libc_pic.a(strcspn-generic.os)
 .eh_frame      0x0000000000005368       0x40 /home/saraj/Desktop/glibc_modified/build/libc_pic.a(cacheinfo.os)
 .eh_frame      0x00000000000053a8       0x38 /home/saraj/Desktop/glibc_modified/build/libc_pic.a(closedir.os)
 .eh_frame      0x00000000000053e0       0x48 /home/saraj/Desktop/glibc_modified/build/libc_pic.a(fdopendir.os)
 .eh_frame      0x0000000000005428       0x68 /home/saraj/Desktop/glibc_modified/build/libc_pic.a(readdir64.os)
 .eh_frame      0x0000000000005490       0x50 /home/saraj/Desktop/glibc_modified/build/libc_pic.a(rewinddir.os)
 .eh_frame      0x00000000000054e0       0x30 /home/saraj/Desktop/glibc_modified/build/libc_pic.a(_exit.os)
 .eh_frame      0x0000000000005510       0x30 /home/saraj/Desktop/glibc_modified/build/libc_pic.a(getpid.os)
 .eh_frame      0x0000000000005540       0x30 /home/saraj/Desktop/glibc_modified/build/libc_pic.a(uname.os)
 .eh_frame      0x0000000000005570       0x30 /home/saraj/Desktop/glibc_modified/build/libc_pic.a(access.os)
 .eh_frame      0x00000000000055a0       0x30 /home/saraj/Desktop/glibc_modified/build/libc_pic.a(fstat64.os)
 .eh_frame      0x00000000000055d0       0x30 /home/saraj/Desktop/glibc_modified/build/libc_pic.a(fstatat64.os)
 .eh_frame      0x0000000000005600       0x30 /home/saraj/Desktop/glibc_modified/build/libc_pic.a(lseek64.os)
 .eh_frame      0x0000000000005630       0x30 /home/saraj/Desktop/glibc_modified/build/libc_pic.a(lstat64.os)
 .eh_frame      0x0000000000005660       0x38 /home/saraj/Desktop/glibc_modified/build/libc_pic.a(openat64.os)
 .eh_frame      0x0000000000005698       0x30 /home/saraj/Desktop/glibc_modified/build/libc_pic.a(stat64.os)
 .eh_frame      0x00000000000056c8       0x30 /home/saraj/Desktop/glibc_modified/build/libc_pic.a(close_nocancel.os)
 .eh_frame      0x00000000000056f8       0x30 /home/saraj/Desktop/glibc_modified/build/libc_pic.a(close_nocancel_nostatus.os)
 .eh_frame      0x0000000000005728       0x40 /home/saraj/Desktop/glibc_modified/build/libc_pic.a(fcntl_nocancel.os)
 .eh_frame      0x0000000000005768       0x30 /home/saraj/Desktop/glibc_modified/build/libc_pic.a(open64_nocancel.os)
 .eh_frame      0x0000000000005798       0x30 /home/saraj/Desktop/glibc_modified/build/libc_pic.a(pread64_nocancel.os)
 .eh_frame      0x00000000000057c8       0x30 /home/saraj/Desktop/glibc_modified/build/libc_pic.a(read_nocancel.os)
 .eh_frame      0x00000000000057f8       0x30 /home/saraj/Desktop/glibc_modified/build/libc_pic.a(write_nocancel.os)
 .eh_frame      0x0000000000005828       0x38 /home/saraj/Desktop/glibc_modified/build/libc_pic.a(fd_to_filename.os)
 .eh_frame      0x0000000000005860       0x48 /home/saraj/Desktop/glibc_modified/build/libc_pic.a(mmap64.os)
 .eh_frame      0x00000000000058a8       0x30 /home/saraj/Desktop/glibc_modified/build/libc_pic.a(mprotect.os)
 .eh_frame      0x00000000000058d8       0x30 /home/saraj/Desktop/glibc_modified/build/libc_pic.a(munmap.os)
 .eh_frame      0x0000000000005908       0x70 /home/saraj/Desktop/glibc_modified/build/libc_pic.a(setvmaname.os)
 .eh_frame      0x0000000000005978       0x30 /home/saraj/Desktop/glibc_modified/build/libc_pic.a(prof-freq.os)
 .eh_frame      0x00000000000059a8       0x88 /home/saraj/Desktop/glibc_modified/build/libc_pic.a(profil.os)
 .eh_frame      0x0000000000005a30       0x30 /home/saraj/Desktop/glibc_modified/build/libc_pic.a(dl-addr-obj.os)
 .eh_frame      0x0000000000005a60       0xc8 /home/saraj/Desktop/glibc_modified/build/libc_pic.a(libc_sigaction.os)
                                         0xd0 (size before relaxing)
 .eh_frame      0x0000000000005b28       0x30 /home/saraj/Desktop/glibc_modified/build/libc_pic.a(errname.os)
 .eh_frame      0x0000000000005b58       0x30 /home/saraj/Desktop/glibc_modified/build/libc_pic.a(strchrnul.os)
 .eh_frame      0x0000000000005b88       0x30 /home/saraj/Desktop/glibc_modified/build/libc_pic.a(strchrnul-avx2.os)
 .eh_frame      0x0000000000005bb8       0x30 /home/saraj/Desktop/glibc_modified/build/libc_pic.a(strchrnul-avx2-rtm.os)
 .eh_frame      0x0000000000005be8       0x30 /home/saraj/Desktop/glibc_modified/build/libc_pic.a(strchrnul-evex.os)
 .eh_frame      0x0000000000005c18       0x30 /home/saraj/Desktop/glibc_modified/build/libc_pic.a(strchrnul-sse2.os)
 .eh_frame      0x0000000000005c48       0x30 /home/saraj/Desktop/glibc_modified/build/libc_pic.a(setitimer.os)
 .eh_frame      0x0000000000005c78       0x2c /home/saraj/Desktop/glibc_modified/build/libc_pic.a(getdents64.os)
                                         0x30 (size before relaxing)

.sframe
 *(.sframe)

.gcc_except_table
 *(.gcc_except_table)

.gnu_extab
 *(.gnu_extab*)

.exception_ranges
 *(.exception_ranges)

.eh_frame
 *(.eh_frame)

.sframe
 *(.sframe)

.gnu_extab
 *(.gnu_extab)

.gcc_except_table
 *(.gcc_except_table)

.exception_ranges
 *(.exception_ranges)

.tdata
 *(.tdata)

.tbss           0x0000000000000000        0x4
 *(.tbss)
 .tbss          0x0000000000000000        0x4 /home/saraj/Desktop/glibc_modified/build/libc_pic.a(errno.os)
                0x0000000000000000                errno
                0x0000000000000000                __libc_errno

.jcr
 *(.jcr)

.dynamic
 *(.dynamic)

.got
 *(.got)

.got.plt
 *(.got.plt)

.data           0x0000000000000000      0x87c
 *(.data)
 .data          0x0000000000000000        0x0 /home/saraj/Desktop/glibc_modified/build/elf/librtld.mapT.o
 .data          0x0000000000000000      0x848 /home/saraj/Desktop/glibc_modified/build/elf/dl-allobjs.os
                0x0000000000000000                _rtld_global
                0x0000000000000000                _rtld_local
 .data          0x0000000000000848        0x0 /home/saraj/Desktop/glibc_modified/build/libc_pic.a(check_fds.os)
 .data          0x0000000000000848        0x0 /home/saraj/Desktop/glibc_modified/build/libc_pic.a(errno.os)
 .data          0x0000000000000848        0x0 /home/saraj/Desktop/glibc_modified/build/libc_pic.a(setjmp.os)
 .data          0x0000000000000848        0x0 /home/saraj/Desktop/glibc_modified/build/libc_pic.a(__longjmp.os)
 .data          0x0000000000000848        0x0 /home/saraj/Desktop/glibc_modified/build/libc_pic.a(getenv.os)
 .data          0x0000000000000848        0x0 /home/saraj/Desktop/glibc_modified/build/libc_pic.a(_fitoa_word.os)
 .data          0x0000000000000848        0x0 /home/saraj/Desktop/glibc_modified/build/libc_pic.a(itoa-udigits.os)
 .data          0x0000000000000848        0x0 /home/saraj/Desktop/glibc_modified/build/libc_pic.a(lowlevellock.os)
 .data          0x0000000000000848        0x0 /home/saraj/Desktop/glibc_modified/build/libc_pic.a(scratch_buffer_set_array_size.os)
 .data          0x0000000000000848        0x0 /home/saraj/Desktop/glibc_modified/build/libc_pic.a(memchr.os)
 .data          0x0000000000000848        0x0 /home/saraj/Desktop/glibc_modified/build/libc_pic.a(memcmp.os)
 .data          0x0000000000000848        0x0 /home/saraj/Desktop/glibc_modified/build/libc_pic.a(memcpy.os)
 .data          0x0000000000000848        0x0 /home/saraj/Desktop/glibc_modified/build/libc_pic.a(memmove.os)
 .data          0x0000000000000848        0x0 /home/saraj/Desktop/glibc_modified/build/libc_pic.a(mempcpy.os)
 .data          0x0000000000000848        0x0 /home/saraj/Desktop/glibc_modified/build/libc_pic.a(memset.os)
 .data          0x0000000000000848        0x0 /home/saraj/Desktop/glibc_modified/build/libc_pic.a(stpcpy.os)
 .data          0x0000000000000848        0x0 /home/saraj/Desktop/glibc_modified/build/libc_pic.a(strchr.os)
 .data          0x0000000000000848        0x0 /home/saraj/Desktop/glibc_modified/build/libc_pic.a(strcmp.os)
 .data          0x0000000000000848        0x0 /home/saraj/Desktop/glibc_modified/build/libc_pic.a(strcspn.os)
 .data          0x0000000000000848        0x0 /home/saraj/Desktop/glibc_modified/build/libc_pic.a(strdup.os)
 .data          0x0000000000000848        0x0 /home/saraj/Desktop/glibc_modified/build/libc_pic.a(strerrorname_np.os)
 .data          0x0000000000000848        0x0 /home/saraj/Desktop/glibc_modified/build/libc_pic.a(strlen.os)
 .data          0x0000000000000848        0x0 /home/saraj/Desktop/glibc_modified/build/libc_pic.a(strncmp.os)
 .data          0x0000000000000848        0x0 /home/saraj/Desktop/glibc_modified/build/libc_pic.a(strnlen.os)
 .data          0x0000000000000848        0x0 /home/saraj/Desktop/glibc_modified/build/libc_pic.a(memchr-avx2.os)
 .data          0x0000000000000848        0x0 /home/saraj/Desktop/glibc_modified/build/libc_pic.a(memchr-avx2-rtm.os)
 .data          0x0000000000000848        0x0 /home/saraj/Desktop/glibc_modified/build/libc_pic.a(memchr-evex.os)
 .data          0x0000000000000848        0x0 /home/saraj/Desktop/glibc_modified/build/libc_pic.a(memchr-evex-rtm.os)
 .data          0x0000000000000848        0x0 /home/saraj/Desktop/glibc_modified/build/libc_pic.a(memchr-sse2.os)
 .data          0x0000000000000848        0x0 /home/saraj/Desktop/glibc_modified/build/libc_pic.a(memcmp-avx2-movbe.os)
 .data          0x0000000000000848        0x0 /home/saraj/Desktop/glibc_modified/build/libc_pic.a(memcmp-avx2-movbe-rtm.os)
 .data          0x0000000000000848        0x0 /home/saraj/Desktop/glibc_modified/build/libc_pic.a(memcmp-evex-movbe.os)
 .data          0x0000000000000848        0x0 /home/saraj/Desktop/glibc_modified/build/libc_pic.a(memcmp-sse2.os)
 .data          0x0000000000000848        0x0 /home/saraj/Desktop/glibc_modified/build/libc_pic.a(memmove-avx-unaligned-erms.os)
 .data          0x0000000000000848        0x0 /home/saraj/Desktop/glibc_modified/build/libc_pic.a(memmove-avx-unaligned-erms-rtm.os)
 .data          0x0000000000000848        0x0 /home/saraj/Desktop/glibc_modified/build/libc_pic.a(memmove-avx512-no-vzeroupper.os)
 .data          0x0000000000000848        0x0 /home/saraj/Desktop/glibc_modified/build/libc_pic.a(memmove-avx512-unaligned-erms.os)
 .data          0x0000000000000848        0x0 /home/saraj/Desktop/glibc_modified/build/libc_pic.a(memmove-erms.os)
 .data          0x0000000000000848        0x0 /home/saraj/Desktop/glibc_modified/build/libc_pic.a(memmove-evex-unaligned-erms.os)
 .data          0x0000000000000848        0x0 /home/saraj/Desktop/glibc_modified/build/libc_pic.a(memmove-sse2-unaligned-erms.os)
 .data          0x0000000000000848        0x0 /home/saraj/Desktop/glibc_modified/build/libc_pic.a(memmove-ssse3.os)
 .data          0x0000000000000848        0x0 /home/saraj/Desktop/glibc_modified/build/libc_pic.a(memset-avx2-unaligned-erms.os)
 .data          0x0000000000000848        0x0 /home/saraj/Desktop/glibc_modified/build/libc_pic.a(memset-avx2-unaligned-erms-rtm.os)
 .data          0x0000000000000848        0x0 /home/saraj/Desktop/glibc_modified/build/libc_pic.a(memset-avx512-no-vzeroupper.os)
 .data          0x0000000000000848        0x0 /home/saraj/Desktop/glibc_modified/build/libc_pic.a(memset-avx512-unaligned-erms.os)
 .data          0x0000000000000848        0x0 /home/saraj/Desktop/glibc_modified/build/libc_pic.a(memset-erms.os)
 .data          0x0000000000000848        0x0 /home/saraj/Desktop/glibc_modified/build/libc_pic.a(memset-evex-unaligned-erms.os)
 .data          0x0000000000000848        0x0 /home/saraj/Desktop/glibc_modified/build/libc_pic.a(memset-sse2-unaligned-erms.os)
 .data          0x0000000000000848        0x0 /home/saraj/Desktop/glibc_modified/build/libc_pic.a(stpcpy-avx2.os)
 .data          0x0000000000000848        0x0 /home/saraj/Desktop/glibc_modified/build/libc_pic.a(stpcpy-avx2-rtm.os)
 .data          0x0000000000000848        0x0 /home/saraj/Desktop/glibc_modified/build/libc_pic.a(stpcpy-evex.os)
 .data          0x0000000000000848        0x0 /home/saraj/Desktop/glibc_modified/build/libc_pic.a(stpcpy-sse2.os)
 .data          0x0000000000000848        0x0 /home/saraj/Desktop/glibc_modified/build/libc_pic.a(stpcpy-sse2-unaligned.os)
 .data          0x0000000000000848        0x0 /home/saraj/Desktop/glibc_modified/build/libc_pic.a(strchr-avx2.os)
 .data          0x0000000000000848        0x0 /home/saraj/Desktop/glibc_modified/build/libc_pic.a(strchr-avx2-rtm.os)
 .data          0x0000000000000848        0x0 /home/saraj/Desktop/glibc_modified/build/libc_pic.a(strchr-evex.os)
 .data          0x0000000000000848        0x0 /home/saraj/Desktop/glibc_modified/build/libc_pic.a(strchr-sse2.os)
 .data          0x0000000000000848        0x0 /home/saraj/Desktop/glibc_modified/build/libc_pic.a(strchr-sse2-no-bsf.os)
 .data          0x0000000000000848        0x0 /home/saraj/Desktop/glibc_modified/build/libc_pic.a(strcmp-avx2.os)
 .data          0x0000000000000848        0x0 /home/saraj/Desktop/glibc_modified/build/libc_pic.a(strcmp-avx2-rtm.os)
 .data          0x0000000000000848        0x0 /home/saraj/Desktop/glibc_modified/build/libc_pic.a(strcmp-evex.os)
 .data          0x0000000000000848        0x0 /home/saraj/Desktop/glibc_modified/build/libc_pic.a(strcmp-sse2.os)
 .data          0x0000000000000848        0x0 /home/saraj/Desktop/glibc_modified/build/libc_pic.a(strcmp-sse2-unaligned.os)
 .data          0x0000000000000848        0x0 /home/saraj/Desktop/glibc_modified/build/libc_pic.a(strcmp-sse4_2.os)
 .data          0x0000000000000848        0x0 /home/saraj/Desktop/glibc_modified/build/libc_pic.a(strcspn-sse4.os)
 .data          0x0000000000000848        0x0 /home/saraj/Desktop/glibc_modified/build/libc_pic.a(strlen-avx2.os)
 .data          0x0000000000000848        0x0 /home/saraj/Desktop/glibc_modified/build/libc_pic.a(strlen-avx2-rtm.os)
 .data          0x0000000000000848        0x0 /home/saraj/Desktop/glibc_modified/build/libc_pic.a(strlen-evex.os)
 .data          0x0000000000000848        0x0 /home/saraj/Desktop/glibc_modified/build/libc_pic.a(strlen-sse2.os)
 .data          0x0000000000000848        0x0 /home/saraj/Desktop/glibc_modified/build/libc_pic.a(strncmp-avx2.os)
 .data          0x0000000000000848        0x0 /home/saraj/Desktop/glibc_modified/build/libc_pic.a(strncmp-avx2-rtm.os)
 .data          0x0000000000000848        0x0 /home/saraj/Desktop/glibc_modified/build/libc_pic.a(strncmp-evex.os)
 .data          0x0000000000000848        0x0 /home/saraj/Desktop/glibc_modified/build/libc_pic.a(strncmp-sse2.os)
 .data          0x0000000000000848        0x0 /home/saraj/Desktop/glibc_modified/build/libc_pic.a(strncmp-sse4_2.os)
 .data          0x0000000000000848        0x0 /home/saraj/Desktop/glibc_modified/build/libc_pic.a(strnlen-avx2.os)
 .data          0x0000000000000848        0x0 /home/saraj/Desktop/glibc_modified/build/libc_pic.a(strnlen-avx2-rtm.os)
 .data          0x0000000000000848        0x0 /home/saraj/Desktop/glibc_modified/build/libc_pic.a(strnlen-evex.os)
 .data          0x0000000000000848        0x0 /home/saraj/Desktop/glibc_modified/build/libc_pic.a(strnlen-sse2.os)
 .data          0x0000000000000848        0x0 /home/saraj/Desktop/glibc_modified/build/libc_pic.a(varshift.os)
 .data          0x0000000000000848        0x0 /home/saraj/Desktop/glibc_modified/build/libc_pic.a(strcspn-generic.os)
 .data          0x0000000000000848       0x30 /home/saraj/Desktop/glibc_modified/build/libc_pic.a(cacheinfo.os)
                0x0000000000000848                __x86_rep_stosb_threshold
                0x0000000000000850                __x86_rep_movsb_threshold
                0x0000000000000858                __x86_shared_cache_size
                0x0000000000000860                __x86_shared_cache_size_half
                0x0000000000000868                __x86_data_cache_size
                0x0000000000000870                __x86_data_cache_size_half
 .data          0x0000000000000878        0x0 /home/saraj/Desktop/glibc_modified/build/libc_pic.a(closedir.os)
 .data          0x0000000000000878        0x0 /home/saraj/Desktop/glibc_modified/build/libc_pic.a(fdopendir.os)
 .data          0x0000000000000878        0x0 /home/saraj/Desktop/glibc_modified/build/libc_pic.a(readdir64.os)
 .data          0x0000000000000878        0x0 /home/saraj/Desktop/glibc_modified/build/libc_pic.a(rewinddir.os)
 .data          0x0000000000000878        0x0 /home/saraj/Desktop/glibc_modified/build/libc_pic.a(_exit.os)
 .data          0x0000000000000878        0x0 /home/saraj/Desktop/glibc_modified/build/libc_pic.a(getpid.os)
 .data          0x0000000000000878        0x0 /home/saraj/Desktop/glibc_modified/build/libc_pic.a(uname.os)
 .data          0x0000000000000878        0x0 /home/saraj/Desktop/glibc_modified/build/libc_pic.a(environ.os)
 .data          0x0000000000000878        0x0 /home/saraj/Desktop/glibc_modified/build/libc_pic.a(access.os)
 .data          0x0000000000000878        0x0 /home/saraj/Desktop/glibc_modified/build/libc_pic.a(fstat64.os)
 .data          0x0000000000000878        0x0 /home/saraj/Desktop/glibc_modified/build/libc_pic.a(fstatat64.os)
 .data          0x0000000000000878        0x0 /home/saraj/Desktop/glibc_modified/build/libc_pic.a(lseek64.os)
 .data          0x0000000000000878        0x0 /home/saraj/Desktop/glibc_modified/build/libc_pic.a(lstat64.os)
 .data          0x0000000000000878        0x0 /home/saraj/Desktop/glibc_modified/build/libc_pic.a(openat64.os)