Archive member included to satisfy reference by file (symbol)

/home/saraj/Desktop/glibc_modified/build32/elf/rtld-libc.a(rtld-check_fds.os)
                              /home/saraj/Desktop/glibc_modified/build32/elf/dl-allobjs.os (__libc_check_standard_fds)
/home/saraj/Desktop/glibc_modified/build32/elf/rtld-libc.a(rtld-errno.os)
                              /home/saraj/Desktop/glibc_modified/build32/elf/dl-allobjs.os (rtld_errno)
/home/saraj/Desktop/glibc_modified/build32/elf/rtld-libc.a(rtld-divdi3.os)
                              /home/saraj/Desktop/glibc_modified/build32/elf/dl-allobjs.os (__udivdi3)
/home/saraj/Desktop/glibc_modified/build32/elf/rtld-libc.a(rtld-closedir.os)
                              /home/saraj/Desktop/glibc_modified/build32/elf/dl-allobjs.os (__closedir)
/home/saraj/Desktop/glibc_modified/build32/elf/rtld-libc.a(rtld-fdopendir.os)
                              /home/saraj/Desktop/glibc_modified/build32/elf/dl-allobjs.os (__fdopendir)
/home/saraj/Desktop/glibc_modified/build32/elf/rtld-libc.a(rtld-readdir64.os)
                              /home/saraj/Desktop/glibc_modified/build32/elf/dl-allobjs.os (__readdir64)
/home/saraj/Desktop/glibc_modified/build32/elf/rtld-libc.a(rtld-rewinddir.os)
                              /home/saraj/Desktop/glibc_modified/build32/elf/dl-allobjs.os (__rewinddir)
/home/saraj/Desktop/glibc_modified/build32/elf/rtld-libc.a(rtld-getdents64.os)
                              /home/saraj/Desktop/glibc_modified/build32/elf/rtld-libc.a(rtld-readdir64.os) (__getdents64)
/home/saraj/Desktop/glibc_modified/build32/elf/rtld-libc.a(rtld-dl-addr-obj.os)
                              /home/saraj/Desktop/glibc_modified/build32/elf/dl-allobjs.os (_dl_addr_inside_object)
/home/saraj/Desktop/glibc_modified/build32/elf/rtld-libc.a(rtld-prof-freq.os)
                              /home/saraj/Desktop/glibc_modified/build32/elf/dl-allobjs.os (__profile_frequency)
/home/saraj/Desktop/glibc_modified/build32/elf/rtld-libc.a(rtld-profil.os)
                              /home/saraj/Desktop/glibc_modified/build32/elf/dl-allobjs.os (__profil)
/home/saraj/Desktop/glibc_modified/build32/elf/rtld-libc.a(rtld-access.os)
                              /home/saraj/Desktop/glibc_modified/build32/elf/dl-allobjs.os (__access)
/home/saraj/Desktop/glibc_modified/build32/elf/rtld-libc.a(rtld-fstat64.os)
                              /home/saraj/Desktop/glibc_modified/build32/elf/dl-allobjs.os (__GI___fstat64_time64)
/home/saraj/Desktop/glibc_modified/build32/elf/rtld-libc.a(rtld-fstatat64.os)
                              /home/saraj/Desktop/glibc_modified/build32/elf/dl-allobjs.os (__GI___fstatat64_time64)
/home/saraj/Desktop/glibc_modified/build32/elf/rtld-libc.a(rtld-lseek.os)
                              /home/saraj/Desktop/glibc_modified/build32/elf/dl-allobjs.os (__lseek)
/home/saraj/Desktop/glibc_modified/build32/elf/rtld-libc.a(rtld-lstat64.os)
                              /home/saraj/Desktop/glibc_modified/build32/elf/dl-allobjs.os (__GI___lstat64_time64)
/home/saraj/Desktop/glibc_modified/build32/elf/rtld-libc.a(rtld-openat64.os)
                              /home/saraj/Desktop/glibc_modified/build32/elf/dl-allobjs.os (__openat64)
/home/saraj/Desktop/glibc_modified/build32/elf/rtld-libc.a(rtld-stat64.os)
                              /home/saraj/Desktop/glibc_modified/build32/elf/dl-allobjs.os (__GI___stat64_time64)
/home/saraj/Desktop/glibc_modified/build32/elf/rtld-libc.a(rtld-close_nocancel.os)
                              /home/saraj/Desktop/glibc_modified/build32/elf/dl-allobjs.os (__GI___close_nocancel)
/home/saraj/Desktop/glibc_modified/build32/elf/rtld-libc.a(rtld-close_nocancel_nostatus.os)
                              /home/saraj/Desktop/glibc_modified/build32/elf/dl-allobjs.os (__GI___close_nocancel_nostatus)
/home/saraj/Desktop/glibc_modified/build32/elf/rtld-libc.a(rtld-fcntl_nocancel.os)
                              /home/saraj/Desktop/glibc_modified/build32/elf/dl-allobjs.os (__GI___fcntl64_nocancel)
/home/saraj/Desktop/glibc_modified/build32/elf/rtld-libc.a(rtld-open64_nocancel.os)
                              /home/saraj/Desktop/glibc_modified/build32/elf/dl-allobjs.os (__GI___open64_nocancel)
/home/saraj/Desktop/glibc_modified/build32/elf/rtld-libc.a(rtld-open_nocancel.os)
                              /home/saraj/Desktop/glibc_modified/build32/elf/dl-allobjs.os (__GI___open_nocancel)
/home/saraj/Desktop/glibc_modified/build32/elf/rtld-libc.a(rtld-pread64_nocancel.os)
                              /home/saraj/Desktop/glibc_modified/build32/elf/dl-allobjs.os (__GI___pread64_nocancel)
/home/saraj/Desktop/glibc_modified/build32/elf/rtld-libc.a(rtld-read_nocancel.os)
                              /home/saraj/Desktop/glibc_modified/build32/elf/dl-allobjs.os (__GI___read_nocancel)
/home/saraj/Desktop/glibc_modified/build32/elf/rtld-libc.a(rtld-stat_t64_cp.os)
[...]
Memory Configuration

Name             Origin             Length             Attributes
*default*        0x00000000         0xffffffff

Linker script and memory map

START GROUP
LOAD /home/saraj/Desktop/glibc_modified/build32/elf/dl-allobjs.os
LOAD /home/saraj/Desktop/glibc_modified/build32/elf/rtld-libc.a
LOAD /usr/lib/gcc/x86_64-linux-gnu/12/32/libgcc.a
END GROUP

.interp
 *(.interp)

.note.gnu.build-id
 *(.note.gnu.build-id)

.hash
 *(.hash)

.gnu.hash
 *(.gnu.hash)

.dynsym
 *(.dynsym)

.dynstr
 *(.dynstr)

.gnu.version
 *(.gnu.version)

.gnu.version_d
 *(.gnu.version_d)

.gnu.version_r
 *(.gnu.version_r)

.rel.init
 *(.rel.init)

.rel.text
 *(.rel.text)

.rel.fini
 *(.rel.fini)

.rel.rodata
 *(.rel.rodata)

.rel.data.rel.ro
 *(.rel.data.rel.ro)

.rel.data
 *(.rel.data)

.rel.tdata
 *(.rel.tdata)

.rel.tbss
 *(.rel.tbss)

.rel.ctors
 *(.rel.ctors)

.rel.dtors
 *(.rel.dtors)

.rel.got
 *(.rel.got)

.rel.bss
 *(.rel.bss)

.rel.ifunc
 *(.rel.ifunc)

.rel.plt
 *(.rel.plt)

.relr.dyn
 *(.relr.dyn)

.init
 *(SORT_NONE(.init))

.plt
 *(.plt)

.plt.got
 *(.plt.got)

.plt.sec
 *(.plt.sec)

.text           0x00000000    0x231f2
 *(.text .stub)
 .text          0x00000000    0x20509 /home/saraj/Desktop/glibc_modified/build32/elf/dl-allobjs.os
                0x00000000                _dl_call_libc_early_init
                0x00000070                _dl_call_fini
                0x000001a0                _dl_signal_exception
                0x000001a0                __GI__dl_signal_exception
                0x00000210                __GI__dl_signal_error
                0x00000210                _dl_signal_error
                0x00000290                _dl_signal_cexception
                0x00000320                _dl_signal_cerror
                0x000003b0                _dl_receive_error
                0x00000440                _dl_catch_exception
                0x00000440                __GI__dl_catch_exception
                0x000005d0                _dl_catch_error
                0x00000700                _dl_close_worker
                0x00001520                _dl_close
                0x000015a0                _dl_debug_post_relocate
                0x00001620                _dl_debug_update
                0x00001660                _dl_debug_change_state
                0x000016b0                _dl_debug_initialize
                0x00001790                _dl_debug_state
                0x00001790                __GI__dl_debug_state
                0x000017e0                _dl_map_object_deps
                0x000027e0                _dl_error_free
                0x00002810                _dl_exception_create
                0x00002810                __GI__dl_exception_create
                0x00002900                __GI__dl_exception_create_format
                0x00002900                _dl_exception_create_format
                0x00002c70                _dl_exception_free
                0x00002c70                __GI__dl_exception_free
                0x00002cb0                _dl_make_stack_executable
                0x00002d00                _dl_handle_execstack_tunable
                0x00003040                __GI__dl_find_object
                0x00003040                _dl_find_object
                0x000033d0                _dlfo_sort_mappings
                0x000034d0                _dl_find_object_init
                0x00003680                _dl_find_object_update
                0x00003ae0                _dl_find_object_dlclose
                0x00003bb0                _dl_find_object_freeres
                0x00003c30                _dl_fini
                0x00003ff0                _dl_init
                0x00005020                _dl_dst_count
                0x000050d0                _dl_dst_substitute
                0x00005850                _dl_init_paths
                0x00005b80                _dl_process_pt_gnu_property
                0x00007b10                _dl_lookup_map
                0x00007bf0                _dl_map_new_object
                0x000086c0                _dl_map_object
                0x00008730                _dl_rtld_di_serinfo
                0x00009410                _dl_lookup_symbol_x
                0x0000a020                _dl_lookup_direct
                0x0000a190                __minimal_malloc
                0x0000a2b0                __minimal_calloc
                0x0000a300                __minimal_free
                0x0000a350                __minimal_realloc
                0x0000a3c0                _dl_sysdep_read_whole_file
                0x0000a460                _dl_name_match_p
                0x0000a4c0                _dl_higher_prime_number
                0x0000a510                _dl_strtoul
                0x0000a7b0                _dl_add_to_namespace_list
                0x0000a860                _dl_new_object
                0x0000b0d0                __GI__dl_find_dso_for_object
                0x0000b0d0                _dl_find_dso_for_object
                0x0000b180                _dl_open
                0x0000b5a0                _dl_show_scope
                0x0000c150                _dl_get_origin
                0x0000c2a0                _dl_canonicalize
                0x0000c790                _dl_debug_printf
                0x0000c7c0                _dl_debug_printf_c
                0x0000c7f0                _dl_dprintf
                0x0000c810                _dl_printf
                0x0000c830                _dl_error_printf
                0x0000c850                _dl_fatal_printf
                0x0000c850                __GI__dl_fatal_printf
                0x0000c880                _dl_readonly_area
                0x0000ca60                _dl_try_allocate_static_tls
                0x0000cb90                _dl_allocate_static_tls
                0x0000cbe0                _dl_protect_relro
                0x0000cc50                _dl_reloc_bad_type
                0x0000ccc0                _dl_relocate_object_no_relro
                0x0000e7b0                _dl_relocate_object
                0x0000e7f0                _dl_fixup
                0x0000ea40                _dl_profile_fixup
                0x0000ed30                _dl_scope_free
                0x0000ee10                _dl_setup_hash
                0x0000ef90                _dl_sort_maps_init
                0x0000efd0                _dl_sort_maps
                0x0000f4c0                __thread_gscope_wait
                0x0000f9d0                _dl_tls_static_surplus_init
                0x0000fa60                _dl_assign_tls_modid
                0x0000fb40                _dl_count_modids
                0x0000fba0                _dl_determine_tlsoffset
                0x0000fdc0                _dl_get_tls_static_info
                0x0000fdf0                _dl_allocate_tls_storage
                0x0000fed0                __GI__dl_allocate_tls_init
                0x0000fed0                _dl_allocate_tls_init
                0x00010140                __GI__dl_allocate_tls
                0x00010140                _dl_allocate_tls
                0x00010180                _dl_deallocate_tls
                0x00010180                __GI__dl_deallocate_tls
                0x00010210                _dl_update_slotinfo
                0x000103f0                ___tls_get_addr_internal
                0x00010450                _dl_tls_get_addr_soft
                0x000104d0                _dl_tls_initial_modid_limit_setup
                0x00010520                _dl_add_to_slotinfo
                0x00010660                _dl_init_static_tls
                0x000107b0                __tls_pre_init_tp
                0x00010800                __tls_init_tp
                0x00010940                _dl_runtime_resolve
                0x00010960                _dl_runtime_profile
                0x00010d50                __tunable_is_initialized
                0x00010d50                __GI___tunable_is_initialized
                0x00010d70                __GI___tunable_set_val
                0x00010da0                __GI___tunables_init
                0x00011230                __GI___tunables_print
                0x00011330                __tunable_get_default
                0x00011330                __GI___tunable_get_default
                0x000113a0                __tunable_get_val
                0x000113a0                __GI___tunable_get_val
                0x00011440                _dl_check_map_versions
                0x00011d60                _dl_check_all_versions
                0x00011dc0                _dl_write
                0x00011de0                _dl_cache_libcmp
                0x000124d0                _dl_load_cache_lookup
                0x00012810                _dl_unload_cache
                0x00012870                ___tls_get_addr
                0x00012870                __GI____tls_get_addr
                0x000128c0                __tls_get_addr
                0x00015250                __x86_cpu_features
                0x00015280                _dl_x86_init_cpu_features
                0x000152a0                _dl_x86_get_cpu_features
                0x000152c0                _dl_tlsdesc_return
                0x000152d0                _dl_tlsdesc_undefweak
                0x000152e0                _dl_tlsdesc_dynamic_fnsave
                0x00015340                _dl_tlsdesc_dynamic_fxsave
                0x000153b0                _dl_tlsdesc_dynamic_xsave
                0x000154b0                _dl_tlsdesc_dynamic_xsavec
                0x00015590                _____tls_get_addr_fnsave
                0x000155c0                _____tls_get_addr_fxsave
                0x00015600                _____tls_get_addr_xsave
                0x000156d0                _____tls_get_addr_xsavec
                0x00015780                _dl_make_tlsdesc_dynamic
                0x00015a40                _dl_unmap
                0x00015ac0                _dl_audit_activity_map
                0x00015b60                _dl_audit_activity_nsid
                0x00015bb0                _dl_audit_objsearch
                0x00015c70                _dl_audit_objopen
                0x00015d50                _dl_audit_objclose
                0x00015e10                _dl_audit_preinit
                0x00015ec0                _dl_audit_symbind_alt
                0x00015ec0                __GI__dl_audit_symbind_alt
                0x00016080                _dl_audit_symbind
                0x00016380                _dl_audit_pltenter
                0x00016570                _dl_audit_pltexit
                0x00016770                _dl_diagnostics_print_string
                0x00016800                _dl_diagnostics_print_labeled_string
                0x00016850                _dl_diagnostics_print_labeled_value
                0x000168b0                _dl_print_diagnostics
                0x00017730                _dl_diagnostics_cpu
                0x00017ec0                _dl_diagnostics_kernel
                0x00017f90                _dl_next_ld_env_entry
                0x00017fd0                unsetenv
                0x00018100                _dl_important_hwcaps
                0x00018410                _dl_hwcaps_subdirs_active
                0x00018420                _dl_hwcaps_split
                0x000184b0                _dl_hwcaps_contains
                0x00018550                _dl_hwcaps_split_masked
                0x00018610                __rtld_libc_freeres
                0x00018790                __rtld_malloc_init_stubs
                0x000187d0                __sigjmp_save
                0x000187e0                __strerror_r
                0x00018950                __GI___libc_fatal
                0x00018950                __libc_fatal
                0x00018970                __GI___chk_fail
                0x00018970                __chk_fail
                0x00018980                __rtld_malloc_is_complete
                0x00018a70                __rtld_malloc_init_real
                0x00018b80                _itoa
                0x00018c40                __strsep
                0x00018c40                strsep
                0x00018c40                __strsep_g
                0x00018cd0                __rtld_mutex_init
                0x00018d90                _dl_start_profile
                0x000195f0                __GI__dl_mcount
                0x000195f0                _dl_mcount
                0x000197f0                _dl_tunable_set_hwcaps
                0x0001a2b0                _dl_sysdep_start
                0x0001a600                _dl_sysdep_start_cleanup
                0x0001a610                _dl_show_auxv
                0x0001a7d0                _dl_usage
                0x0001a830                _dl_version
                0x0001a860                _dl_help
                0x0001ab80                _start
                0x0001ab8e                _dl_start_user
                0x0001bd60                handle_preload_list
                0x0001fb70                __brk
                0x0001fb70                brk
                0x0001fbb0                __getcwd
                0x0001fbb0                getcwd
                0x000202a0                openat64
                0x00020310                __alloc_dir
                0x000203e0                __opendir
                0x000203e0                opendir
                0x00020490                sbrk
                0x00020490                __sbrk
 *fill*         0x00020509        0x7 
 .text          0x00020510      0x100 /home/saraj/Desktop/glibc_modified/build32/elf/rtld-libc.a(rtld-check_fds.os)
                0x000205e0                __libc_check_standard_fds
 .text          0x00020610        0x0 /home/saraj/Desktop/glibc_modified/build32/elf/rtld-libc.a(rtld-errno.os)
 .text          0x00020610      0x339 /home/saraj/Desktop/glibc_modified/build32/elf/rtld-libc.a(rtld-divdi3.os)
                0x000207c0                __divdi3
                0x000207c0                __divdi3@GLIBC_2.0
                0x000207c0                __divdi3_internal
                0x00020860                __moddi3@GLIBC_2.0
                0x00020860                __moddi3
                0x00020860                __moddi3_internal
                0x000208f0                __udivdi3@GLIBC_2.0
                0x000208f0                __udivdi3
                0x000208f0                __udivdi3_internal
                0x00020920                __umoddi3_internal
                0x00020920                __umoddi3
                0x00020920                __umoddi3@GLIBC_2.0
 *fill*         0x00020949        0x7 
 .text          0x00020950       0x44 /home/saraj/Desktop/glibc_modified/build32/elf/rtld-libc.a(rtld-closedir.os)
                0x00020950                __closedir
                0x00020950                closedir
 *fill*         0x00020994        0xc 
 .text          0x000209a0       0xae /home/saraj/Desktop/glibc_modified/build32/elf/rtld-libc.a(rtld-fdopendir.os)
                0x000209a0                fdopendir
                0x000209a0                __fdopendir
 *fill*         0x00020a4e        0x2 
 .text          0x00020a50       0xe5 /home/saraj/Desktop/glibc_modified/build32/elf/rtld-libc.a(rtld-readdir64.os)
                0x00020a50                __readdir64
                0x00020a50                readdir64
 *fill*         0x00020b35        0xb 
 .text          0x00020b40       0x34 /home/saraj/Desktop/glibc_modified/build32/elf/rtld-libc.a(rtld-rewinddir.os)
                0x00020b40                rewinddir
                0x00020b40                __rewinddir
 *fill*         0x00020b74        0xc 
 .text          0x00020b80       0x48 /home/saraj/Desktop/glibc_modified/build32/elf/rtld-libc.a(rtld-getdents64.os)
                0x00020b80                getdents64
                0x00020b80                __getdents64
 *fill*         0x00020bc8        0x8 
 .text          0x00020bd0       0x5c /home/saraj/Desktop/glibc_modified/build32/elf/rtld-libc.a(rtld-dl-addr-obj.os)
                0x00020bd0                _dl_addr_inside_object
 *fill*         0x00020c2c        0x4 
 .text          0x00020c30       0x11 /home/saraj/Desktop/glibc_modified/build32/elf/rtld-libc.a(rtld-prof-freq.os)
                0x00020c30                __profile_frequency
 *fill*         0x00020c41        0xf 
 .text          0x00020c50      0x10e /home/saraj/Desktop/glibc_modified/build32/elf/rtld-libc.a(rtld-profil.os)
                0x00020c90                __profil
                0x00020c90                profil
 *fill*         0x00020d5e        0x2 
 .text          0x00020d60       0x37 /home/saraj/Desktop/glibc_modified/build32/elf/rtld-libc.a(rtld-access.os)
                0x00020d60                access
                0x00020d60                __access
 *fill*         0x00020d97        0x9 
 .text          0x00020da0       0xc1 /home/saraj/Desktop/glibc_modified/build32/elf/rtld-libc.a(rtld-fstat64.os)
                0x00020da0                __GI___fstat64_time64
                0x00020da0                __fstat64_time64
                0x00020df0                __GI___fstat64
                0x00020df0                fstat64
                0x00020df0                __fstat64
 *fill*         0x00020e61        0xf 
 .text          0x00020e70      0x3a8 /home/saraj/Desktop/glibc_modified/build32/elf/rtld-libc.a(rtld-fstatat64.os)
                0x00020e70                __fstatat64_time64
                0x00020e70                __GI___fstatat64_time64
                0x000211d0                fstatat64
                0x000211d0                __fstatat64
                0x000211d0                __GI___fstatat64
 *fill*         0x00021218        0x8 
 .text          0x00021220       0x87 /home/saraj/Desktop/glibc_modified/build32/elf/rtld-libc.a(rtld-lseek.os)
                0x00021220                lseek
                0x00021220                __lseek
                0x00021220                __libc_lseek
 *fill*         0x000212a7        0x9 
 .text          0x000212b0       0x68 /home/saraj/Desktop/glibc_modified/build32/elf/rtld-libc.a(rtld-lstat64.os)
                0x000212b0                __GI___lstat64_time64
                0x000212b0                __lstat64_time64
                0x000212d0                __lstat64
                0x000212d0                lstat64
                0x000212d0                __GI___lstat64
 *fill*         0x00021318        0x8 
 .text          0x00021320       0x61 /home/saraj/Desktop/glibc_modified/build32/elf/rtld-libc.a(rtld-openat64.os)
                0x00021320                __openat64
                0x00021320                __libc_openat64
 *fill*         0x00021381        0xf 
 .text          0x00021390       0x60 /home/saraj/Desktop/glibc_modified/build32/elf/rtld-libc.a(rtld-stat64.os)
                0x00021390                __stat64_time64
                0x00021390                __GI___stat64_time64
                0x000213b0                stat64
                0x000213b0                __stat64
                0x000213b0                __GI___stat64
 .text          0x000213f0       0x2f /home/saraj/Desktop/glibc_modified/build32/elf/rtld-libc.a(rtld-close_nocancel.os)
                0x000213f0                __GI___close_nocancel
 *fill*         0x0002141f        0x1 
 .text          0x00021420        0xe /home/saraj/Desktop/glibc_modified/build32/elf/rtld-libc.a(rtld-close_nocancel_nostatus.os)
                0x00021420                __GI___close_nocancel_nostatus
 *fill*         0x0002142e        0x2 
 .text          0x00021430       0xfb /home/saraj/Desktop/glibc_modified/build32/elf/rtld-libc.a(rtld-fcntl_nocancel.os)
                0x00021430                __fcntl64_nocancel
                0x00021430                __GI___fcntl64_nocancel
                0x000214b0                __fcntl64_nocancel_adjusted
 *fill*         0x0002152b        0x5 
 .text          0x00021530       0x61 /home/saraj/Desktop/glibc_modified/build32/elf/rtld-libc.a(rtld-open64_nocancel.os)
                0x00021530                __GI___open64_nocancel
                0x00021530                __open64_nocancel
 *fill*         0x00021591        0xf 
 .text          0x000215a0       0x61 /home/saraj/Desktop/glibc_modified/build32/elf/rtld-libc.a(rtld-open_nocancel.os)
                0x000215a0                __GI___open_nocancel
                0x000215a0                __open_nocancel
 *fill*         0x00021601        0xf 
 .text          0x00021610       0x52 /home/saraj/Desktop/glibc_modified/build32/elf/rtld-libc.a(rtld-pread64_nocancel.os)
                0x00021610                __GI___pread64_nocancel
                0x00021610                __pread64_nocancel
 *fill*         0x00021662        0xe 
 .text          0x00021670       0x40 /home/saraj/Desktop/glibc_modified/build32/elf/rtld-libc.a(rtld-read_nocancel.os)
                0x00021670                __read_nocancel
                0x00021670                __GI___read_nocancel
 .text          0x000216b0      0x119 /home/saraj/Desktop/glibc_modified/build32/elf/rtld-libc.a(rtld-stat_t64_cp.os)
                0x000216b0                __cp_stat64_t64_stat64
 *fill*         0x000217c9        0x7 
 .text          0x000217d0       0x40 /home/saraj/Desktop/glibc_modified/build32/elf/rtld-libc.a(rtld-write_nocancel.os)
                0x000217d0                __GI___write_nocancel
                0x000217d0                __write_nocancel
 .text          0x00021810       0xbd /home/saraj/Desktop/glibc_modified/build32/elf/rtld-libc.a(rtld-scratch_buffer_set_array_size.os)
                0x00021810                __libc_scratch_buffer_set_array_size
 *fill*         0x000218cd        0x3 
 .text          0x000218d0       0xa2 /home/saraj/Desktop/glibc_modified/build32/elf/rtld-libc.a(rtld-atomic_wide_counter.os)
                0x000218d0                __atomic_wide_counter_fetch_add_relaxed
                0x00021920                __atomic_wide_counter_load_relaxed
 *fill*         0x00021972        0xe 
 .text          0x00021980       0x54 /home/saraj/Desktop/glibc_modified/build32/elf/rtld-libc.a(rtld-fd_to_filename.os)
                0x00021980                __fd_to_filename
 *fill*         0x000219d4        0xc 
 .text          0x000219e0       0x8f /home/saraj/Desktop/glibc_modified/build32/elf/rtld-libc.a(rtld-mmap.os)
                0x000219e0                __mmap
                0x000219e0                mmap
 *fill*         0x00021a6f        0x1 
 .text          0x00021a70       0x21 /home/saraj/Desktop/glibc_modified/build32/elf/rtld-libc.a(rtld-mprotect.os)
                0x00021a70                __mprotect
                0x00021a70                __GI___mprotect
                0x00021a70                __GI_mprotect
                0x00021a70                mprotect
 *fill*         0x00021a91        0xf 
 .text          0x00021aa0       0x1f /home/saraj/Desktop/glibc_modified/build32/elf/rtld-libc.a(rtld-munmap.os)
                0x00021aa0                munmap
                0x00021aa0                __GI___munmap
                0x00021aa0                __GI_munmap
                0x00021aa0                __munmap
 *fill*         0x00021abf        0x1 
 .text          0x00021ac0       0xca /home/saraj/Desktop/glibc_modified/build32/elf/rtld-libc.a(rtld-setvmaname.os)
                0x00021ac0                __is_decorate_maps_enabled
                0x00021b30                __set_vma_name
 *fill*         0x00021b8a        0x6 
 .text          0x00021b90      0x11e /home/saraj/Desktop/glibc_modified/build32/elf/rtld-libc.a(rtld-lowlevellock.os)
                0x00021b90                __lll_lock_wait_private
                0x00021c00                __lll_lock_wait
                0x00021c70                __lll_lock_wake_private
                0x00021c90                __lll_lock_wake
 *fill*         0x00021cae        0x2 
 .text          0x00021cb0       0x36 /home/saraj/Desktop/glibc_modified/build32/elf/rtld-libc.a(rtld-_exit.os)
                0x00021cb0                _Exit
                0x00021cb0                __GI__exit
                0x00021cb0                _exit
 *fill*         0x00021ce6        0xa 
 .text          0x00021cf0        0x8 /home/saraj/Desktop/glibc_modified/build32/elf/rtld-libc.a(rtld-getpid.os)
                0x00021cf0                __getpid
                0x00021cf0                getpid
                0x00021cf0                __GI_getpid
                0x00021cf0                __GI___getpid
 *fill*         0x00021cf8        0x8 
 .text          0x00021d00       0x1b /home/saraj/Desktop/glibc_modified/build32/elf/rtld-libc.a(rtld-uname.os)
                0x00021d00                uname
                0x00021d00                __GI_uname
                0x00021d00                __uname
                0x00021d00                __GI___uname
 .text          0x00021d1b        0x0 /home/saraj/Desktop/glibc_modified/build32/elf/rtld-libc.a(rtld-environ.os)
 *fill*         0x00021d1b        0x5 
 .text          0x00021d20       0x1f /home/saraj/Desktop/glibc_modified/build32/elf/rtld-libc.a(rtld-setjmp.os)
                0x00021d20                __sigsetjmp
                0x00021d20                __GI___sigsetjmp
 *fill*         0x00021d3f        0x1 
 .text          0x00021d40       0x1b /home/saraj/Desktop/glibc_modified/build32/elf/rtld-libc.a(rtld-__longjmp.os)
                0x00021d40                __longjmp
 *fill*         0x00021d5b        0x5 
 .text          0x00021d60      0x182 /home/saraj/Desktop/glibc_modified/build32/elf/rtld-libc.a(rtld-libc_sigaction.os)
                0x00021d70                __libc_sigaction
 *fill*         0x00021ee2        0xe 
 .text          0x00021ef0      0x139 /home/saraj/Desktop/glibc_modified/build32/elf/rtld-libc.a(rtld-_fitoa_word.os)
                0x00021ef0                _itoa_word
                0x00021fd0                _fitoa_word
 .text          0x00022029        0x0 /home/saraj/Desktop/glibc_modified/build32/elf/rtld-libc.a(rtld-itoa-udigits.os)
 *fill*         0x00022029        0x7 
 .text          0x00022030       0xa6 /home/saraj/Desktop/glibc_modified/build32/elf/rtld-libc.a(rtld-getenv.os)
                0x00022030                getenv
 *fill*         0x000220d6        0xa 
 .text          0x000220e0       0x40 /home/saraj/Desktop/glibc_modified/build32/elf/rtld-libc.a(rtld-strdup.os)
                0x000220e0                __strdup
                0x000220e0                strdup
 .text          0x00022120        0x5 /home/saraj/Desktop/glibc_modified/build32/elf/rtld-libc.a(rtld-strerrorname_np.os)
                0x00022120                strerrorname_np
 *fill*         0x00022125        0xb 
 .text          0x00022130       0x27 /home/saraj/Desktop/glibc_modified/build32/elf/rtld-libc.a(rtld-strnlen.os)
                0x00022130                __strnlen
                0x00022130                strnlen
 *fill*         0x00022157        0x9 
 .text          0x00022160      0x2ab /home/saraj/Desktop/glibc_modified/build32/elf/rtld-libc.a(rtld-strncmp-c.os)
                0x00022160                strncmp
 *fill*         0x0002240b        0x5 
 .text          0x00022410      0x19b /home/saraj/Desktop/glibc_modified/build32/elf/rtld-libc.a(rtld-memchr-ia32.os)
                0x00022410                memchr
                0x00022410                __memchr
 *fill*         0x000225ab        0x5 
 .text          0x000225b0      0x2d3 /home/saraj/Desktop/glibc_modified/build32/elf/rtld-libc.a(rtld-memcmp-ia32.os)
                0x000225b0                bcmp
                0x000225b0                __memcmpeq
                0x000225b0                memcmp
 *fill*         0x00022883        0xd 
 .text          0x00022890       0x65 /home/saraj/Desktop/glibc_modified/build32/elf/rtld-libc.a(rtld-memcpy-ia32.os)
                0x00022890                memcpy
 *fill*         0x000228f5        0xb 
 .text          0x00022900       0x58 /home/saraj/Desktop/glibc_modified/build32/elf/rtld-libc.a(rtld-memmove-ia32.os)
                0x00022900                memmove
 *fill*         0x00022958        0x8 
 .text          0x00022960       0x22 /home/saraj/Desktop/glibc_modified/build32/elf/rtld-libc.a(rtld-mempcpy-ia32.os)
                0x00022960                mempcpy
                0x00022960                __mempcpy
 *fill*         0x00022982        0xe 
 .text          0x00022990       0x43 /home/saraj/Desktop/glibc_modified/build32/elf/rtld-libc.a(rtld-memset-ia32.os)
                0x00022990                memset
 *fill*         0x000229d3        0xd 
 .text          0x000229e0      0x1be /home/saraj/Desktop/glibc_modified/build32/elf/rtld-libc.a(rtld-strchr-ia32.os)
                0x000229e0                index
                0x000229e0                strchr
 *fill*         0x00022b9e        0x2 
 .text          0x00022ba0       0x25 /home/saraj/Desktop/glibc_modified/build32/elf/rtld-libc.a(rtld-strcmp-ia32.os)
                0x00022ba0                strcmp
 *fill*         0x00022bc5        0xb 
 .text          0x00022bd0       0xae /home/saraj/Desktop/glibc_modified/build32/elf/rtld-libc.a(rtld-strcspn-ia32.os)
                0x00022bd0                strcspn
 *fill*         0x00022c7e        0x2 
 .text          0x00022c80       0xbb /home/saraj/Desktop/glibc_modified/build32/elf/rtld-libc.a(rtld-strlen-ia32.os)
                0x00022c80                strlen
 *fill*         0x00022d3b        0x5 
 .text          0x00022d40       0x8b /home/saraj/Desktop/glibc_modified/build32/elf/rtld-libc.a(rtld-stpcpy-ia32.os)
                0x00022d40                stpcpy
                0x00022d40                __stpcpy
 *fill*         0x00022dcb        0x5 
 .text          0x00022dd0      0x1d3 /home/saraj/Desktop/glibc_modified/build32/elf/rtld-libc.a(rtld-setitimer.os)
                0x00022dd0                __setitimer64
                0x00022ef0                setitimer
                0x00022ef0                __setitimer
 *fill*         0x00022fa3        0xd 
 .text          0x00022fb0       0x19 /home/saraj/Desktop/glibc_modified/build32/elf/rtld-libc.a(rtld-sysdep.os)
                0x00022fb0                __syscall_error
 *fill*         0x00022fc9        0x7 
 .text          0x00022fd0       0x11 /home/saraj/Desktop/glibc_modified/build32/elf/rtld-libc.a(rtld-libc-do-syscall.os)
                0x00022fd0                __libc_do_syscall
 *fill*         0x00022fe1        0xf 
 .text          0x00022ff0       0x33 /home/saraj/Desktop/glibc_modified/build32/elf/rtld-libc.a(rtld-errname.os)
                0x00022ff0                __get_errname
 *fill*         0x00023023        0xd 
 .text          0x00023030      0x1c2 /usr/lib/gcc/x86_64-linux-gnu/12/32/libgcc.a(_udivmoddi4.o)
                0x00023030                __udivmoddi4
 *(.gnu.warning)

.text.unlikely  0x00000000     0x102a
 .text.unlikely
                0x00000000     0x100e /home/saraj/Desktop/glibc_modified/build32/elf/dl-allobjs.os
                0x000009a2                __GI___assert_fail
                0x000009a2                __assert_fail
                0x00000a1e                __GI___assert_perror_fail
                0x00000a1e                __assert_perror_fail
 .text.unlikely
                0x0000100e       0x1c /home/saraj/Desktop/glibc_modified/build32/elf/rtld-libc.a(rtld-fd_to_filename.os)

.text.__x86.get_pc_thunk.di
                0x00000000        0x4
 .text.__x86.get_pc_thunk.di
                0x00000000        0x4 /home/saraj/Desktop/glibc_modified/build32/elf/dl-allobjs.os
                0x00000000                __x86.get_pc_thunk.di

.text.__x86.get_pc_thunk.ax
                0x00000000        0x4
 .text.__x86.get_pc_thunk.ax
                0x00000000        0x4 /home/saraj/Desktop/glibc_modified/build32/elf/dl-allobjs.os
                0x00000000                __x86.get_pc_thunk.ax

.text.__x86.get_pc_thunk.dx
                0x00000000        0x4
 .text.__x86.get_pc_thunk.dx
                0x00000000        0x4 /home/saraj/Desktop/glibc_modified/build32/elf/dl-allobjs.os
                0x00000000                __x86.get_pc_thunk.dx

.text.__x86.get_pc_thunk.bx
                0x00000000        0x4
 .text.__x86.get_pc_thunk.bx
                0x00000000        0x4 /home/saraj/Desktop/glibc_modified/build32/elf/dl-allobjs.os
                0x00000000                __x86.get_pc_thunk.bx

.text.__x86.get_pc_thunk.cx
                0x00000000        0x4
 .text.__x86.get_pc_thunk.cx
                0x00000000        0x4 /home/saraj/Desktop/glibc_modified/build32/elf/dl-allobjs.os
                0x00000000                __x86.get_pc_thunk.cx

.text.__x86.get_pc_thunk.si
                0x00000000        0x4
 .text.__x86.get_pc_thunk.si
                0x00000000        0x4 /home/saraj/Desktop/glibc_modified/build32/elf/dl-allobjs.os
                0x00000000                __x86.get_pc_thunk.si

.text.__x86.get_pc_thunk.bp
                0x00000000        0x4
 .text.__x86.get_pc_thunk.bp
                0x00000000        0x4 /home/saraj/Desktop/glibc_modified/build32/elf/dl-allobjs.os
                0x00000000                __x86.get_pc_thunk.bp

.text.compat    0x00000000        0x1
 .text.compat   0x00000000        0x1 /home/saraj/Desktop/glibc_modified/build32/elf/dl-allobjs.os
                0x00000000                __rtld_version_placeholder_1
                0x00000000                __rtld_version_placeholder@GLIBC_2.34

.fini
 *(SORT_NONE(.fini))

.rodata         0x00000000     0x1cf5
 *(.rodata)
 .rodata        0x00000000     0x16f2 /home/saraj/Desktop/glibc_modified/build32/elf/dl-allobjs.os
 *fill*         0x000016f2        0x2 
 .rodata        0x000016f4       0x80 /home/saraj/Desktop/glibc_modified/build32/elf/rtld-libc.a(rtld-memcmp-ia32.os)
 *fill*         0x00001774        0xc 
 .rodata        0x00001780      0x575 /home/saraj/Desktop/glibc_modified/build32/elf/rtld-libc.a(rtld-errname.os)

.rodata.str1.1  0x00000000     0x1935
 .rodata.str1.1
                0x00000000     0x18ff /home/saraj/Desktop/glibc_modified/build32/elf/dl-allobjs.os
                0x00000f95                _dl_hwcaps_subdirs
 .rodata.str1.1
                0x000018ff       0x14 /home/saraj/Desktop/glibc_modified/build32/elf/rtld-libc.a(rtld-check_fds.os)
 .rodata.str1.1
                0x00001913        0x1 /home/saraj/Desktop/glibc_modified/build32/elf/rtld-libc.a(rtld-fstat64.os)
 .rodata.str1.1
                0x00001914       0x21 /home/saraj/Desktop/glibc_modified/build32/elf/rtld-libc.a(rtld-fd_to_filename.os)

.rodata.str1.4  0x00000000     0x31b3
 .rodata.str1.4
                0x00000000     0x3165 /home/saraj/Desktop/glibc_modified/build32/elf/dl-allobjs.os
                0x00001d74                __GI__itoa_lower_digits
                0x00001d74                _itoa_lower_digits
 *fill*         0x00003165        0x3 
 .rodata.str1.4
                0x00003168       0x11 /home/saraj/Desktop/glibc_modified/build32/elf/rtld-libc.a(rtld-fd_to_filename.os)
 *fill*         0x00003179        0x3 
 .rodata.str1.4
                0x0000317c       0x37 /home/saraj/Desktop/glibc_modified/build32/elf/rtld-libc.a(rtld-lowlevellock.os)

.rodata.str1.32
                0x00000000       0xc5
 .rodata.str1.32
                0x00000000       0x9b /home/saraj/Desktop/glibc_modified/build32/elf/dl-allobjs.os
 *fill*         0x0000009b        0x5 
 .rodata.str1.32
                0x000000a0       0x25 /home/saraj/Desktop/glibc_modified/build32/elf/rtld-libc.a(rtld-itoa-udigits.os)
                0x000000a0                __GI__itoa_upper_digits

.rodata.cst4    0x00000000        0x8
 .rodata.cst4   0x00000000        0x8 /home/saraj/Desktop/glibc_modified/build32/elf/dl-allobjs.os
                0x00000004                __rseq_flags

.rodata.cst2    0x00000000        0x6
 .rodata.cst2   0x00000000        0x6 /home/saraj/Desktop/glibc_modified/build32/elf/dl-allobjs.os

.rodata1
 *(.rodata1)

.eh_frame_hdr
 *(.eh_frame_hdr)

.eh_frame       0x00000000     0x85ac
 *(.eh_frame)
 .eh_frame      0x00000000     0x6dcc /home/saraj/Desktop/glibc_modified/build32/elf/dl-allobjs.os
 .eh_frame      0x00006dcc       0x98 /home/saraj/Desktop/glibc_modified/build32/elf/rtld-libc.a(rtld-check_fds.os)
                                 0xac (size before relaxing)
 .eh_frame      0x00006e64      0x154 /home/saraj/Desktop/glibc_modified/build32/elf/rtld-libc.a(rtld-divdi3.os)
 .eh_frame      0x00006fb8       0x4c /home/saraj/Desktop/glibc_modified/build32/elf/rtld-libc.a(rtld-closedir.os)
                                 0x60 (size before relaxing)
 .eh_frame      0x00007004       0x80 /home/saraj/Desktop/glibc_modified/build32/elf/rtld-libc.a(rtld-fdopendir.os)
                                 0x94 (size before relaxing)
 .eh_frame      0x00007084       0x90 /home/saraj/Desktop/glibc_modified/build32/elf/rtld-libc.a(rtld-readdir64.os)
                                 0xa4 (size before relaxing)
 .eh_frame      0x00007114       0x44 /home/saraj/Desktop/glibc_modified/build32/elf/rtld-libc.a(rtld-rewinddir.os)
 .eh_frame      0x00007158       0x48 /home/saraj/Desktop/glibc_modified/build32/elf/rtld-libc.a(rtld-getdents64.os)
                                 0x5c (size before relaxing)
 .eh_frame      0x000071a0       0x3c /home/saraj/Desktop/glibc_modified/build32/elf/rtld-libc.a(rtld-dl-addr-obj.os)
 .eh_frame      0x000071dc       0x2c /home/saraj/Desktop/glibc_modified/build32/elf/rtld-libc.a(rtld-prof-freq.os)
                                 0x40 (size before relaxing)
 .eh_frame      0x00007208       0x6c /home/saraj/Desktop/glibc_modified/build32/elf/rtld-libc.a(rtld-profil.os)
                                 0x94 (size before relaxing)
 .eh_frame      0x00007274       0x3c /home/saraj/Desktop/glibc_modified/build32/elf/rtld-libc.a(rtld-access.os)
                                 0x50 (size before relaxing)
 .eh_frame      0x000072b0       0x98 /home/saraj/Desktop/glibc_modified/build32/elf/rtld-libc.a(rtld-fstat64.os)
                                 0xac (size before relaxing)
 .eh_frame      0x00007348       0xac /home/saraj/Desktop/glibc_modified/build32/elf/rtld-libc.a(rtld-fstatat64.os)
                                 0xc0 (size before relaxing)
 .eh_frame      0x000073f4       0x6c /home/saraj/Desktop/glibc_modified/build32/elf/rtld-libc.a(rtld-lseek.os)
                                 0x80 (size before relaxing)
 .eh_frame      0x00007460       0x8c /home/saraj/Desktop/glibc_modified/build32/elf/rtld-libc.a(rtld-lstat64.os)
 .eh_frame      0x000074ec       0x54 /home/saraj/Desktop/glibc_modified/build32/elf/rtld-libc.a(rtld-openat64.os)
                                 0x68 (size before relaxing)
 .eh_frame      0x00007540       0x8c /home/saraj/Desktop/glibc_modified/build32/elf/rtld-libc.a(rtld-stat64.os)
 .eh_frame      0x000075cc       0x3c /home/saraj/Desktop/glibc_modified/build32/elf/rtld-libc.a(rtld-close_nocancel.os)
                                 0x50 (size before relaxing)
 .eh_frame      0x00007608       0x34 /home/saraj/Desktop/glibc_modified/build32/elf/rtld-libc.a(rtld-close_nocancel_nostatus.os)
 .eh_frame      0x0000763c       0x88 /home/saraj/Desktop/glibc_modified/build32/elf/rtld-libc.a(rtld-fcntl_nocancel.os)
                                 0x9c (size before relaxing)
 .eh_frame      0x000076c4       0x54 /home/saraj/Desktop/glibc_modified/build32/elf/rtld-libc.a(rtld-open64_nocancel.os)
                                 0x68 (size before relaxing)
 .eh_frame      0x00007718       0x54 /home/saraj/Desktop/glibc_modified/build32/elf/rtld-libc.a(rtld-open_nocancel.os)
                                 0x68 (size before relaxing)
 .eh_frame      0x0000776c       0x60 /home/saraj/Desktop/glibc_modified/build32/elf/rtld-libc.a(rtld-pread64_nocancel.os)
                                 0x74 (size before relaxing)
 .eh_frame      0x000077cc       0x48 /home/saraj/Desktop/glibc_modified/build32/elf/rtld-libc.a(rtld-read_nocancel.os)
                                 0x5c (size before relaxing)
 .eh_frame      0x00007814       0x54 /home/saraj/Desktop/glibc_modified/build32/elf/rtld-libc.a(rtld-stat_t64_cp.os)
                                 0x68 (size before relaxing)
 .eh_frame      0x00007868       0x48 /home/saraj/Desktop/glibc_modified/build32/elf/rtld-libc.a(rtld-write_nocancel.os)
                                 0x5c (size before relaxing)
 .eh_frame      0x000078b0       0x88 /home/saraj/Desktop/glibc_modified/build32/elf/rtld-libc.a(rtld-scratch_buffer_set_array_size.os)
                                 0x9c (size before relaxing)
 .eh_frame      0x00007938       0x98 /home/saraj/Desktop/glibc_modified/build32/elf/rtld-libc.a(rtld-atomic_wide_counter.os)
 .eh_frame      0x000079d0       0x68 /home/saraj/Desktop/glibc_modified/build32/elf/rtld-libc.a(rtld-fd_to_filename.os)
                                 0x7c (size before relaxing)
 .eh_frame      0x00007a38       0x60 /home/saraj/Desktop/glibc_modified/build32/elf/rtld-libc.a(rtld-mmap.os)
                                 0x74 (size before relaxing)
 .eh_frame      0x00007a98       0x34 /home/saraj/Desktop/glibc_modified/build32/elf/rtld-libc.a(rtld-mprotect.os)
 .eh_frame      0x00007acc       0x2c /home/saraj/Desktop/glibc_modified/build32/elf/rtld-libc.a(rtld-munmap.os)
 .eh_frame      0x00007af8       0xa8 /home/saraj/Desktop/glibc_modified/build32/elf/rtld-libc.a(rtld-setvmaname.os)
                                 0xd0 (size before relaxing)
 .eh_frame      0x00007ba0       0xd0 /home/saraj/Desktop/glibc_modified/build32/elf/rtld-libc.a(rtld-lowlevellock.os)
                                 0xe4 (size before relaxing)
 .eh_frame      0x00007c70       0x30 /home/saraj/Desktop/glibc_modified/build32/elf/rtld-libc.a(rtld-_exit.os)
                                 0x44 (size before relaxing)
 .eh_frame      0x00007ca0       0x2c /home/saraj/Desktop/glibc_modified/build32/elf/rtld-libc.a(rtld-getpid.os)
 .eh_frame      0x00007ccc       0x2c /home/saraj/Desktop/glibc_modified/build32/elf/rtld-libc.a(rtld-uname.os)
 .eh_frame      0x00007cf8       0x2c /home/saraj/Desktop/glibc_modified/build32/elf/rtld-libc.a(rtld-setjmp.os)
 .eh_frame      0x00007d24       0x2c /home/saraj/Desktop/glibc_modified/build32/elf/rtld-libc.a(rtld-__longjmp.os)
 .eh_frame      0x00007d50       0x70 /home/saraj/Desktop/glibc_modified/build32/elf/rtld-libc.a(rtld-libc_sigaction.os)
                                 0x84 (size before relaxing)
 .eh_frame      0x00007dc0       0xb8 /home/saraj/Desktop/glibc_modified/build32/elf/rtld-libc.a(rtld-_fitoa_word.os)
                                 0xcc (size before relaxing)
 .eh_frame      0x00007e78       0x84 /home/saraj/Desktop/glibc_modified/build32/elf/rtld-libc.a(rtld-getenv.os)
                                 0x98 (size before relaxing)
 .eh_frame      0x00007efc       0x5c /home/saraj/Desktop/glibc_modified/build32/elf/rtld-libc.a(rtld-strdup.os)
                                 0x70 (size before relaxing)
 .eh_frame      0x00007f58       0x2c /home/saraj/Desktop/glibc_modified/build32/elf/rtld-libc.a(rtld-strerrorname_np.os)
 .eh_frame      0x00007f84       0x4c /home/saraj/Desktop/glibc_modified/build32/elf/rtld-libc.a(rtld-strnlen.os)
 .eh_frame      0x00007fd0       0x58 /home/saraj/Desktop/glibc_modified/build32/elf/rtld-libc.a(rtld-strncmp-c.os)
 .eh_frame      0x00008028       0x40 /home/saraj/Desktop/glibc_modified/build32/elf/rtld-libc.a(rtld-memchr-ia32.os)
 .eh_frame      0x00008068       0x90 /home/saraj/Desktop/glibc_modified/build32/elf/rtld-libc.a(rtld-memcmp-ia32.os)
 .eh_frame      0x000080f8       0x2c /home/saraj/Desktop/glibc_modified/build32/elf/rtld-libc.a(rtld-memcpy-ia32.os)
 .eh_frame      0x00008124       0x48 /home/saraj/Desktop/glibc_modified/build32/elf/rtld-libc.a(rtld-memmove-ia32.os)
 .eh_frame      0x0000816c       0x38 /home/saraj/Desktop/glibc_modified/build32/elf/rtld-libc.a(rtld-mempcpy-ia32.os)
 .eh_frame      0x000081a4       0x34 /home/saraj/Desktop/glibc_modified/build32/elf/rtld-libc.a(rtld-memset-ia32.os)
 .eh_frame      0x000081d8       0x68 /home/saraj/Desktop/glibc_modified/build32/elf/rtld-libc.a(rtld-strchr-ia32.os)
 .eh_frame      0x00008240       0x2c /home/saraj/Desktop/glibc_modified/build32/elf/rtld-libc.a(rtld-strcmp-ia32.os)
 .eh_frame      0x0000826c      0x110 /home/saraj/Desktop/glibc_modified/build32/elf/rtld-libc.a(rtld-strcspn-ia32.os)
 .eh_frame      0x0000837c       0x2c /home/saraj/Desktop/glibc_modified/build32/elf/rtld-libc.a(rtld-strlen-ia32.os)
 .eh_frame      0x000083a8       0x48 /home/saraj/Desktop/glibc_modified/build32/elf/rtld-libc.a(rtld-stpcpy-ia32.os)
 .eh_frame      0x000083f0       0xc8 /home/saraj/Desktop/glibc_modified/build32/elf/rtld-libc.a(rtld-setitimer.os)
                                 0xf0 (size before relaxing)
 .eh_frame      0x000084b8       0x2c /home/saraj/Desktop/glibc_modified/build32/elf/rtld-libc.a(rtld-sysdep.os)
                                 0x40 (size before relaxing)
 .eh_frame      0x000084e4       0x44 /home/saraj/Desktop/glibc_modified/build32/elf/rtld-libc.a(rtld-libc-do-syscall.os)
 .eh_frame      0x00008528       0x2c /home/saraj/Desktop/glibc_modified/build32/elf/rtld-libc.a(rtld-errname.os)
                                 0x40 (size before relaxing)
 .eh_frame      0x00008554       0x58 /usr/lib/gcc/x86_64-linux-gnu/12/32/libgcc.a(_udivmoddi4.o)

.sframe
 *(.sframe)

.gcc_except_table
 *(.gcc_except_table)

.gnu_extab
 *(.gnu_extab*)

.exception_ranges
 *(.exception_ranges)

.eh_frame
 *(.eh_frame)

.sframe
 *(.sframe)

.gnu_extab
 *(.gnu_extab)

.gcc_except_table
 *(.gcc_except_table)

.exception_ranges
 *(.exception_ranges)

.tdata
 *(.tdata)

.tbss
 *(.tbss)

.jcr
 *(.jcr)

.dynamic
 *(.dynamic)

.got
 *(.got)

.got.plt
 *(.got.plt)

.data           0x00000000      0x4b8
 *(.data)
 .data          0x00000000      0x4b4 /home/saraj/Desktop/glibc_modified/build32/elf/dl-allobjs.os
                0x00000000                _rtld_global
                0x00000000                _rtld_local
 .data          0x000004b4        0x0 /home/saraj/Desktop/glibc_modified/build32/elf/rtld-libc.a(rtld-check_fds.os)
 .data          0x000004b4        0x0 /home/saraj/Desktop/glibc_modified/build32/elf/rtld-libc.a(rtld-errno.os)
 .data          0x000004b4        0x0 /home/saraj/Desktop/glibc_modified/build32/elf/rtld-libc.a(rtld-divdi3.os)
 .data          0x000004b4        0x0 /home/saraj/Desktop/glibc_modified/build32/elf/rtld-libc.a(rtld-closedir.os)
 .data          0x000004b4        0x0 /home/saraj/Desktop/glibc_modified/build32/elf/rtld-libc.a(rtld-fdopendir.os)
 .data          0x000004b4        0x0 /home/saraj/Desktop/glibc_modified/build32/elf/rtld-libc.a(rtld-readdir64.os)
 .data          0x000004b4        0x0 /home/saraj/Desktop/glibc_modified/build32/elf/rtld-libc.a(rtld-rewinddir.os)
 .data          0x000004b4        0x0 /home/saraj/Desktop/glibc_modified/build32/elf/rtld-libc.a(rtld-getdents64.os)
 .data          0x000004b4        0x0 /home/saraj/Desktop/glibc_modified/build32/elf/rtld-libc.a(rtld-dl-addr-obj.os)
 .data          0x000004b4        0x0 /home/saraj/Desktop/glibc_modified/build32/elf/rtld-libc.a(rtld-prof-freq.os)
 .data          0x000004b4        0x0 /home/saraj/Desktop/glibc_modified/build32/elf/rtld-libc.a(rtld-profil.os)
 .data          0x000004b4        0x0 /home/saraj/Desktop/glibc_modified/build32/elf/rtld-libc.a(rtld-access.os)
 .data          0x000004b4        0x0 /home/saraj/Desktop/glibc_modified/build32/elf/rtld-libc.a(rtld-fstat64.os)
 .data          0x000004b4        0x0 /home/saraj/Desktop/glibc_modified/build32/elf/rtld-libc.a(rtld-fstatat64.os)
 .data          0x000004b4        0x0 /home/saraj/Desktop/glibc_modified/build32/elf/rtld-libc.a(rtld-lseek.os)
 .data          0x000004b4        0x0 /home/saraj/Desktop/glibc_modified/build32/elf/rtld-libc.a(rtld-lstat64.os)
 .data          0x000004b4        0x0 /home/saraj/Desktop/glibc_modified/build32/elf/rtld-libc.a(rtld-openat64.os)
 .data          0x000004b4        0x0 /home/saraj/Desktop/glibc_modified/build32/elf/rtld-libc.a(rtld-stat64.os)
 .data          0x000004b4        0x0 /home/saraj/Desktop/glibc_modified/build32/elf/rtld-libc.a(rtld-close_nocancel.os)
 .data          0x000004b4        0x0 /home/saraj/Desktop/glibc_modified/build32/elf/rtld-libc.a(rtld-close_nocancel_nostatus.os)
 .data          0x000004b4        0x0 /home/saraj/Desktop/glibc_modified/build32/elf/rtld-libc.a(rtld-fcntl_nocancel.os)
 .data          0x000004b4        0x0 /home/saraj/Desktop/glibc_modified/build32/elf/rtld-libc.a(rtld-open64_nocancel.os)
 .data          0x000004b4        0x0 /home/saraj/Desktop/glibc_modified/build32/elf/rtld-libc.a(rtld-open_nocancel.os)
 .data          0x000004b4        0x0 /home/saraj/Desktop/glibc_modified/build32/elf/rtld-libc.a(rtld-pread64_nocancel.os)
 .data          0x000004b4        0x0 /home/saraj/Desktop/glibc_modified/build32/elf/rtld-libc.a(rtld-read_nocancel.os)
 .data          0x000004b4        0x0 /home/saraj/Desktop/glibc_modified/build32/elf/rtld-libc.a(rtld-stat_t64_cp.os)
 .data          0x000004b4        0x0 /home/saraj/Desktop/glibc_modified/build32/elf/rtld-libc.a(rtld-write_nocancel.os)
 .data          0x000004b4        0x0 /home/saraj/Desktop/glibc_modified/build32/elf/rtld-libc.a(rtld-scratch_buffer_set_array_size.os)
 .data          0x000004b4        0x0 /home/saraj/Desktop/glibc_modified/build32/elf/rtld-libc.a(rtld-atomic_wide_counter.os)
 .data          0x000004b4        0x0 /home/saraj/Desktop/glibc_modified/build32/elf/rtld-libc.a(rtld-fd_to_filename.os)
 .data          0x000004b4        0x0 /home/saraj/Desktop/glibc_modified/build32/elf/rtld-libc.a(rtld-mmap.os)
 .data          0x000004b4        0x0 /home/saraj/Desktop/glibc_modified/build32/elf/rtld-libc.a(rtld-mprotect.os)
 .data          0x000004b4        0x0 /home/saraj/Desktop/glibc_modified/build32/elf/rtld-libc.a(rtld-munmap.os)
 .data          0x000004b4        0x4 /home/saraj/Desktop/glibc_modified/build32/elf/rtld-libc.a(rtld-setvmaname.os)
 .data          0x000004b8        0x0 /home/saraj/Desktop/glibc_modified/build32/elf/rtld-libc.a(rtld-lowlevellock.os)
 .data          0x000004b8        0x0 /home/saraj/Desktop/glibc_modified/build32/elf/rtld-libc.a(rtld-_exit.os)
 .data          0x000004b8        0x0 /home/saraj/Desktop/glibc_modified/build32/elf/rtld-libc.a(rtld-getpid.os)
 .data          0x000004b8        0x0 /home/saraj/Desktop/glibc_modified/build32/elf/rtld-libc.a(rtld-uname.os)
 .data          0x000004b8        0x0 /home/saraj/Desktop/glibc_modified/build32/elf/rtld-libc.a(rtld-environ.os)
 .data          0x000004b8        0x0 /home/saraj/Desktop/glibc_modified/build32/elf/rtld-libc.a(rtld-setjmp.os)
 .data          0x000004b8        0x0 /home/saraj/Desktop/glibc_modified/build32/elf/rtld-libc.a(rtld-__longjmp.os)
 .data          0x000004b8        0x0 /home/saraj/Desktop/glibc_modified/build32/elf/rtld-libc.a(rtld-libc_sigaction.os)
 .data          0x000004b8        0x0 /home/saraj/Desktop/glibc_modified/build32/elf/rtld-libc.a(rtld-_fitoa_word.os)
 .data          0x000004b8        0x0 /home/saraj/Desktop/glibc_modified/build32/elf/rtld-libc.a(rtld-itoa-udigits.os)
 .data          0x000004b8        0x0 /home/saraj/Desktop/glibc_modified/build32/elf/rtld-libc.a(rtld-getenv.os)
 .data          0x000004b8        0x0 /home/saraj/Desktop/glibc_modified/build32/elf/rtld-libc.a(rtld-strdup.os)
 .data          0x000004b8        0x0 /home/saraj/Desktop/glibc_modified/build32/elf/rtld-libc.a(rtld-strerrorname_np.os)
 .data          0x000004b8        0x0 /home/saraj/Desktop/glibc_modified/build32/elf/rtld-libc.a(rtld-strnlen.os)
 .data          0x000004b8        0x0 /home/saraj/Desktop/glibc_modified/build32/elf/rtld-libc.a(rtld-strncmp-c.os)
 .data          0x000004b8        0x0 /home/saraj/Desktop/glibc_modified/build32/elf/rtld-libc.a(rtld-memchr-ia32.os)
 .data          0x000004b8        0x0 /home/saraj/Desktop/glibc_modified/build32/elf/rtld-libc.a(rtld-memcmp-ia32.os)
 .data          0x000004b8        0x0 /home/saraj/Desktop/glibc_modified/build32/elf/rtld-libc.a(rtld-memcpy-ia32.os)
 .data          0x000004b8        0x0 /home/saraj/Desktop/glibc_modified/build32/elf/rtld-libc.a(rtld-memmove-ia32.os)
 .data          0x000004b8        0x0 /home/saraj/Desktop/glibc_modified/build32/elf/rtld-libc.a(rtld-mempcpy-ia32.os)
 .data          0x000004b8        0x0 /home/saraj/Desktop/glibc_modified/build32/elf/rtld-libc.a(rtld-memset-ia32.os)
 .data          0x000004b8        0x0 /home/saraj/Desktop/glibc_modified/build32/elf/rtld-libc.a(rtld-strchr-ia32.os)
 .data          0x000004b8        0x0 /home/saraj/Desktop/glibc_modified/build32/elf/rtld-libc.a(rtld-strcmp-ia32.os)
 .data          0x000004b8        0x0 /home/saraj/Desktop/glibc_modified/build32/elf/rtld-libc.a(rtld-strcspn-ia32.os)
 .data          0x000004b8        0x0 /home/saraj/Desktop/glibc_modified/build32/elf/rtld-libc.a(rtld-strlen-ia32.os)
 .data          0x000004b8        0x0 /home/saraj/Desktop/glibc_modified/build32/elf/rtld-libc.a(rtld-stpcpy-ia32.os)
 .data          0x000004b8        0x0 /home/saraj/Desktop/glibc_modified/build32/elf/rtld-libc.a(rtld-setitimer.os)
 .data          0x000004b8        0x0 /home/saraj/Desktop/glibc_modified/build32/elf/rtld-libc.a(rtld-sysdep.os)
 .data          0x000004b8        0x0 /home/saraj/Desktop/glibc_modified/build32/elf/rtld-libc.a(rtld-libc-do-syscall.os)
 .data          0x000004b8        0x0 /home/saraj/Desktop/glibc_modified/build32/elf/rtld-libc.a(rtld-errname.os)
 .data          0x000004b8        0x0 /usr/lib/gcc/x86_64-linux-gnu/12/32/libgcc.a(_udivmoddi4.o)

.data.rel.ro    0x00000000     0x1454
 .data.rel.ro   0x00000000     0x1454 /home/saraj/Desktop/glibc_modified/build32/elf/dl-allobjs.os
                0x00000024                __rtld_search_dirs
                0x00000038                __rtld_env_path_list
                0x00000040                _dl_tls_initial_modid_limit
                0x00001170                __GI___rseq_size
                0x00001170                _rseq_size
                0x00001170                __rseq_size
                0x00001174                __rseq_offset
                0x00001174                __GI___rseq_offset
                0x00001174                _rseq_offset
                0x00001178                __rtld_realloc
                0x0000117c                __rtld_malloc
                0x00001180                __rtld_free
                0x00001184                __rtld_calloc
                0x00001188                ___rtld_mutex_unlock
                0x0000118c                ___rtld_mutex_lock
                0x00001190                _dl_random
                0x00001194                __libc_stack_end
                0x00001194                __GI___libc_stack_end
                0x00001198                __GI___libc_enable_secure
                0x00001198                __libc_enable_secure
                0x000011b0                __pointer_chk_guard_local
                0x000011b4                __GI__dl_argv
                0x000011b4                _dl_argv
                0x000011b8                _dl_argc
                0x000011c0                _rtld_global_ro
                0x000011c0                _rtld_local_ro

.data.rel.ro.local
                0x00000000       0x14
 .data.rel.ro.local
                0x00000000       0x14 /home/saraj/Desktop/glibc_modified/build32/elf/dl-allobjs.os
                0x00000000                __x86_cpu_features_p

.data1
 *(.data1)

.bss            0x00000000      0x5a4
 *(.bss)
 .bss           0x00000000      0x580 /home/saraj/Desktop/glibc_modified/build32/elf/dl-allobjs.os
                0x00000020                _r_debug_array
                0x0000018c                __GI__r_debug
                0x0000018c                _r_debug_extended
                0x0000018c                _r_debug
                0x000001c4                _dl_tls_threads_in_update
                0x000001c8                _rseq_align
                0x000001cc                __nptl_initial_report_events
                0x000001cc                __GI___nptl_initial_report_events
                0x000001ec                _dl_x86_features_tlsdesc_state_size
                0x000001f0                _dl_hwcaps_priorities_length
                0x000001f4                _dl_hwcaps_priorities
                0x00000240                __rtld_tls_init_tp_called
                0x00000260                _dl_rtld_auditstate
                0x000002e0                _dl_rtld_map
                0x0000057c                ___brk_addr
                0x0000057c                __curbrk
 .bss           0x00000580        0x0 /home/saraj/Desktop/glibc_modified/build32/elf/rtld-libc.a(rtld-check_fds.os)
 .bss           0x00000580        0x4 /home/saraj/Desktop/glibc_modified/build32/elf/rtld-libc.a(rtld-errno.os)
                0x00000580                rtld_errno
 .bss           0x00000584        0x0 /home/saraj/Desktop/glibc_modified/build32/elf/rtld-libc.a(rtld-divdi3.os)
 .bss           0x00000584        0x0 /home/saraj/Desktop/glibc_modified/build32/elf/rtld-libc.a(rtld-closedir.os)
 .bss           0x00000584        0x0 /home/saraj/Desktop/glibc_modified/build32/elf/rtld-libc.a(rtld-fdopendir.os)
 .bss           0x00000584        0x0 /home/saraj/Desktop/glibc_modified/build32/elf/rtld-libc.a(rtld-readdir64.os)
 .bss           0x00000584        0x0 /home/saraj/Desktop/glibc_modified/build32/elf/rtld-libc.a(rtld-rewinddir.os)
 .bss           0x00000584        0x0 /home/saraj/Desktop/glibc_modified/build32/elf/rtld-libc.a(rtld-getdents64.os)
 .bss           0x00000584        0x0 /home/saraj/Desktop/glibc_modified/build32/elf/rtld-libc.a(rtld-dl-addr-obj.os)
 .bss           0x00000584        0x0 /home/saraj/Desktop/glibc_modified/build32/elf/rtld-libc.a(rtld-prof-freq.os)
 .bss           0x00000584       0x10 /home/saraj/Desktop/glibc_modified/build32/elf/rtld-libc.a(rtld-profil.os)
 .bss           0x00000594        0x0 /home/saraj/Desktop/glibc_modified/build32/elf/rtld-libc.a(rtld-access.os)
 .bss           0x00000594        0x0 /home/saraj/Desktop/glibc_modified/build32/elf/rtld-libc.a(rtld-fstat64.os)
 .bss           0x00000594        0x0 /home/saraj/Desktop/glibc_modified/build32/elf/rtld-libc.a(rtld-fstatat64.os)
 .bss           0x00000594        0x0 /home/saraj/Desktop/glibc_modified/build32/elf/rtld-libc.a(rtld-lseek.os)
 .bss           0x00000594        0x0 /home/saraj/Desktop/glibc_modified/build32/elf/rtld-libc.a(rtld-lstat64.os)
 .bss           0x00000594        0x0 /home/saraj/Desktop/glibc_modified/build32/elf/rtld-libc.a(rtld-openat64.os)
 .bss           0x00000594        0x0 /home/saraj/Desktop/glibc_modified/build32/elf/rtld-libc.a(rtld-stat64.os)
 .bss           0x00000594        0x0 /home/saraj/Desktop/glibc_modified/build32/elf/rtld-libc.a(rtld-close_nocancel.os)
 .bss           0x00000594        0x0 /home/saraj/Desktop/glibc_modified/build32/elf/rtld-libc.a(rtld-close_nocancel_nostatus.os)
 .bss           0x00000594        0x0 /home/saraj/Desktop/glibc_modified/build32/elf/rtld-libc.a(rtld-fcntl_nocancel.os)
 .bss           0x00000594        0x0 /home/saraj/Desktop/glibc_modified/build32/elf/rtld-libc.a(rtld-open64_nocancel.os)
 .bss           0x00000594        0x0 /home/saraj/Desktop/glibc_modified/build32/elf/rtld-libc.a(rtld-open_nocancel.os)
 .bss           0x00000594        0x0 /home/saraj/Desktop/glibc_modified/build32/elf/rtld-libc.a(rtld-pread64_nocancel.os)
 .bss           0x00000594        0x0 /home/saraj/Desktop/glibc_modified/build32/elf/rtld-libc.a(rtld-read_nocancel.os)
 .bss           0x00000594        0x0 /home/saraj/Desktop/glibc_modified/build32/elf/rtld-libc.a(rtld-stat_t64_cp.os)
 .bss           0x00000594        0x0 /home/saraj/Desktop/glibc_modified/build32/elf/rtld-libc.a(rtld-write_nocancel.os)
 .bss           0x00000594        0x0 /home/saraj/Desktop/glibc_modified/build32/elf/rtld-libc.a(rtld-scratch_buffer_set_array_size.os)
 .bss           0x00000594        0x0 /home/saraj/Desktop/glibc_modified/build32/elf/rtld-libc.a(rtld-atomic_wide_counter.os)
 .bss           0x00000594        0x0 /home/saraj/Desktop/glibc_modified/build32/elf/rtld-libc.a(rtld-fd_to_filename.os)
 .bss           0x00000594        0x0 /home/saraj/Desktop/glibc_modified/build32/elf/rtld-libc.a(rtld-mmap.os)
 .bss           0x00000594        0x0 /home/saraj/Desktop/glibc_modified/build32/elf/rtld-libc.a(rtld-mprotect.os)
 .bss           0x00000594        0x0 /home/saraj/Desktop/glibc_modified/build32/elf/rtld-libc.a(rtld-munmap.os)
 .bss           0x00000594        0x0 /home/saraj/Desktop/glibc_modified/build32/elf/rtld-libc.a(rtld-setvmaname.os)
 .bss           0x00000594        0x4 /home/saraj/Desktop/glibc_modified/build32/elf/rtld-libc.a(rtld-lowlevellock.os)
                0x00000594                __pthread_force_elision
 .bss           0x00000598        0x0 /home/saraj/Desktop/glibc_modified/build32/elf/rtld-libc.a(rtld-_exit.os)
 .bss           0x00000598        0x0 /home/saraj/Desktop/glibc_modified/build32/elf/rtld-libc.a(rtld-getpid.os)
 .bss           0x00000598        0x0 /home/saraj/Desktop/glibc_modified/build32/elf/rtld-libc.a(rtld-uname.os)
 .bss           0x00000598        0xc /home/saraj/Desktop/glibc_modified/build32/elf/rtld-libc.a(rtld-environ.os)
                0x00000598                __environ_counter
                0x0000059c                __environ_array_list
                0x000005a0                _environ
                0x000005a0                __environ
                0x000005a0                environ
 .bss           0x000005a4        0x0 /home/saraj/Desktop/glibc_modified/build32/elf/rtld-libc.a(rtld-setjmp.os)
 .bss           0x000005a4        0x0 /home/saraj/Desktop/glibc_modified/build32/elf/rtld-libc.a(rtld-__longjmp.os)
 .bss           0x000005a4        0x0 /home/saraj/Desktop/glibc_modified/build32/elf/rtld-libc.a(rtld-libc_sigaction.os)
 .bss           0x000005a4        0x0 /home/saraj/Desktop/glibc_modified/build32/elf/rtld-libc.a(rtld-_fitoa_word.os)
 .bss           0x000005a4        0x0 /home/saraj/Desktop/glibc_modified/build32/elf/rtld-libc.a(rtld-itoa-udigits.os)
 .bss           0x000005a4        0x0 /home/saraj/Desktop/glibc_modified/build32/elf/rtld-libc.a(rtld-getenv.os)
 .bss           0x000005a4        0x0 /home/saraj/Desktop/glibc_modified/build32/elf/rtld-libc.a(rtld-strdup.os)
 .bss           0x000005a4        0x0 /home/saraj/Desktop/glibc_modified/build32/elf/rtld-libc.a(rtld-strerrorname_np.os)
 .bss           0x000005a4        0x0 /home/saraj/Desktop/glibc_modified/build32/elf/rtld-libc.a(rtld-strnlen.os)
 .bss           0x000005a4        0x0 /home/saraj/Desktop/glibc_modified/build32/elf/rtld-libc.a(rtld-strncmp-c.os)
 .bss           0x000005a4        0x0 /home/saraj/Desktop/glibc_modified/build32/elf/rtld-libc.a(rtld-memchr-ia32.os)
 .bss           0x000005a4        0x0 /home/saraj/Desktop/glibc_modified/build32/elf/rtld-libc.a(rtld-memcmp-ia32.os)
 .bss           0x000005a4        0x0 /home/saraj/Desktop/glibc_modified/build32/elf/rtld-libc.a(rtld-memcpy-ia32.os)
 .bss           0x000005a4        0x0 /home/saraj/Desktop/glibc_modified/build32/elf/rtld-libc.a(rtld-memmove-ia32.os)
 .bss           0x000005a4        0x0 /home/saraj/Desktop/glibc_modified/build32/elf/rtld-libc.a(rtld-mempcpy-ia32.os)
 .bss           0x000005a4        0x0 /home/saraj/Desktop/glibc_modified/build32/elf/rtld-libc.a(rtld-memset-ia32.os)
 .bss           0x000005a4        0x0 /home/saraj/Desktop/glibc_modified/build32/elf/rtld-libc.a(rtld-strchr-ia32.os)
 .bss           0x000005a4        0x0 /home/saraj/Desktop/glibc_modified/build32/elf/rtld-libc.a(rtld-strcmp-ia32.os)
 .bss           0x000005a4        0x0 /home/saraj/Desktop/glibc_modified/build32/elf/rtld-libc.a(rtld-strcspn-ia32.os)
 .bss           0x000005a4        0x0 /home/saraj/Desktop/glibc_modified/build32/elf/rtld-libc.a(rtld-strlen-ia32.os)
 .bss           0x000005a4        0x0 /home/saraj/Desktop/glibc_modified/build32/elf/rtld-libc.a(rtld-stpcpy-ia32.os)
 .bss           0x000005a4        0x0 /home/saraj/Desktop/glibc_modified/build32/elf/rtld-libc.a(rtld-setitimer.os)
 .bss           0x000005a4        0x0 /home/saraj/Desktop/glibc_modified/build32/elf/rtld-libc.a(rtld-sysdep.os)
 .bss           0x000005a4        0x0 /home/saraj/Desktop/glibc_modified/build32/elf/rtld-libc.a(rtld-libc-do-syscall.os)
 .bss           0x000005a4        0x0 /home/saraj/Desktop/glibc_modified/build32/elf/rtld-libc.a(rtld-errname.os)
 .bss           0x000005a4        0x0 /usr/lib/gcc/x86_64-linux-gnu/12/32/libgcc.a(_udivmoddi4.o)

.stab
 *(.stab)

.stabstr
 *(.stabstr)

.stab.excl
 *(.stab.excl)

.stab.exclstr
 *(.stab.exclstr)

.stab.index
 *(.stab.index)

.stab.indexstr
 *(.stab.indexstr)

.comment        0x00000000     0x12de
 *(.comment)
 .comment       0x00000000      0xa9a /home/saraj/Desktop/glibc_modified/build32/elf/dl-allobjs.os
 .comment       0x00000a9a       0x2e /home/saraj/Desktop/glibc_modified/build32/elf/rtld-libc.a(rtld-check_fds.os)
 .comment       0x00000ac8       0x2e /home/saraj/Desktop/glibc_modified/build32/elf/rtld-libc.a(rtld-errno.os)
 .comment       0x00000af6       0x2e /home/saraj/Desktop/glibc_modified/build32/elf/rtld-libc.a(rtld-divdi3.os)
 .comment       0x00000b24       0x2e /home/saraj/Desktop/glibc_modified/build32/elf/rtld-libc.a(rtld-closedir.os)
 .comment       0x00000b52       0x2e /home/saraj/Desktop/glibc_modified/build32/elf/rtld-libc.a(rtld-fdopendir.os)
 .comment       0x00000b80       0x2e /home/saraj/Desktop/glibc_modified/build32/elf/rtld-libc.a(rtld-readdir64.os)
 .comment       0x00000bae       0x2e /home/saraj/Desktop/glibc_modified/build32/elf/rtld-libc.a(rtld-rewinddir.os)
 .comment       0x00000bdc       0x2e /home/saraj/Desktop/glibc_modified/build32/elf/rtld-libc.a(rtld-getdents64.os)
 .comment       0x00000c0a       0x2e /home/saraj/Desktop/glibc_modified/build32/elf/rtld-libc.a(rtld-dl-addr-obj.os)
 .comment       0x00000c38       0x2e /home/saraj/Desktop/glibc_modified/build32/elf/rtld-libc.a(rtld-prof-freq.os)
 .comment       0x00000c66       0x2e /home/saraj/Desktop/glibc_modified/build32/elf/rtld-libc.a(rtld-profil.os)
 .comment       0x00000c94       0x2e /home/saraj/Desktop/glibc_modified/build32/elf/rtld-libc.a(rtld-access.os)
 .comment       0x00000cc2       0x2e /home/saraj/Desktop/glibc_modified/build32/elf/rtld-libc.a(rtld-fstat64.os)
 .comment       0x00000cf0       0x2e /home/saraj/Desktop/glibc_modified/build32/elf/rtld-libc.a(rtld-fstatat64.os)
 .comment       0x00000d1e       0x2e /home/saraj/Desktop/glibc_modified/build32/elf/rtld-libc.a(rtld-lseek.os)
 .comment       0x00000d4c       0x2e /home/saraj/Desktop/glibc_modified/build32/elf/rtld-libc.a(rtld-lstat64.os)
 .comment       0x00000d7a       0x2e /home/saraj/Desktop/glibc_modified/build32/elf/rtld-libc.a(rtld-openat64.os)
 .comment       0x00000da8       0x2e /home/saraj/Desktop/glibc_modified/build32/elf/rtld-libc.a(rtld-stat64.os)
 .comment       0x00000dd6       0x2e /home/saraj/Desktop/glibc_modified/build32/elf/rtld-libc.a(rtld-close_nocancel.os)
 .comment       0x00000e04       0x2e /home/saraj/Desktop/glibc_modified/build32/elf/rtld-libc.a(rtld-close_nocancel_nostatus.os)
 .comment       0x00000e32       0x2e /home/saraj/Desktop/glibc_modified/build32/elf/rtld-libc.a(rtld-fcntl_nocancel.os)
 .comment       0x00000e60       0x2e /home/saraj/Desktop/glibc_modified/build32/elf/rtld-libc.a(rtld-open64_nocancel.os)
 .comment       0x00000e8e       0x2e /home/saraj/Desktop/glibc_modified/build32/elf/rtld-libc.a(rtld-open_nocancel.os)
 .comment       0x00000ebc       0x2e /home/saraj/Desktop/glibc_modified/build32/elf/rtld-libc.a(rtld-pread64_nocancel.os)
 .comment       0x00000eea       0x2e /home/saraj/Desktop/glibc_modified/build32/elf/rtld-libc.a(rtld-read_nocancel.os)
 .comment       0x00000f18       0x2e /home/saraj/Desktop/glibc_modified/build32/elf/rtld-libc.a(rtld-stat_t64_cp.os)
 .comment       0x00000f46       0x2e /home/saraj/Desktop/glibc_modified/build32/elf/rtld-libc.a(rtld-write_nocancel.os)
 .comment       0x00000f74       0x2e /home/saraj/Desktop/glibc_modified/build32/elf/rtld-libc.a(rtld-scratch_buffer_set_array_size.os)
 .comment       0x00000fa2       0x2e /home/saraj/Desktop/glibc_modified/build32/elf/rtld-libc.a(rtld-atomic_wide_counter.os)
 .comment       0x00000fd0       0x2e /home/saraj/Desktop/glibc_modified/build32/elf/rtld-libc.a(rtld-fd_to_filename.os)
 .comment       0x00000ffe       0x2e /home/saraj/Desktop/glibc_modified/build32/elf/rtld-libc.a(rtld-mmap.os)
 .comment       0x0000102c       0x2e /home/saraj/Desktop/glibc_modified/build32/elf/rtld-libc.a(rtld-setvmaname.os)
 .comment       0x0000105a       0x2e /home/saraj/Desktop/glibc_modified/build32/elf/rtld-libc.a(rtld-lowlevellock.os)
 .comment       0x00001088       0x2e /home/saraj/Desktop/glibc_modified/build32/elf/rtld-libc.a(rtld-_exit.os)
 .comment       0x000010b6       0x2e /home/saraj/Desktop/glibc_modified/build32/elf/rtld-libc.a(rtld-environ.os)
 .comment       0x000010e4       0x2e /home/saraj/Desktop/glibc_modified/build32/elf/rtld-libc.a(rtld-libc_sigaction.os)
 .comment       0x00001112       0x2e /home/saraj/Desktop/glibc_modified/build32/elf/rtld-libc.a(rtld-_fitoa_word.os)
 .comment       0x00001140       0x2e /home/saraj/Desktop/glibc_modified/build32/elf/rtld-libc.a(rtld-itoa-udigits.os)
 .comment       0x0000116e       0x2e /home/saraj/Desktop/glibc_modified/build32/elf/rtld-libc.a(rtld-getenv.os)
 .comment       0x0000119c       0x2e /home/saraj/Desktop/glibc_modified/build32/elf/rtld-libc.a(rtld-strdup.os)
 .comment       0x000011ca       0x2e /home/saraj/Desktop/glibc_modified/build32/elf/rtld-libc.a(rtld-strerrorname_np.os)
 .comment       0x000011f8       0x2e /home/saraj/Desktop/glibc_modified/build32/elf/rtld-libc.a(rtld-strnlen.os)
 .comment       0x00001226       0x2e /home/saraj/Desktop/glibc_modified/build32/elf/rtld-libc.a(rtld-strncmp-c.os)
 .comment       0x00001254       0x2e /home/saraj/Desktop/glibc_modified/build32/elf/rtld-libc.a(rtld-setitimer.os)
 .comment       0x00001282       0x2e /home/saraj/Desktop/glibc_modified/build32/elf/rtld-libc.a(rtld-sysdep.os)
 .comment       0x000012b0       0x2e /home/saraj/Desktop/glibc_modified/build32/elf/rtld-libc.a(rtld-errname.os)

.group          0x00000000        0x8
 .group         0x00000000        0x8 /home/saraj/Desktop/glibc_modified/build32/elf/dl-allobjs.os

.group          0x00000000        0x8
 .group         0x00000000        0x8 /home/saraj/Desktop/glibc_modified/build32/elf/dl-allobjs.os

.group          0x00000000        0x8
 .group         0x00000000        0x8 /home/saraj/Desktop/glibc_modified/build32/elf/dl-allobjs.os

.group          0x00000000        0x8
 .group         0x00000000        0x8 /home/saraj/Desktop/glibc_modified/build32/elf/dl-allobjs.os

.group          0x00000000        0x8
 .group         0x00000000        0x8 /home/saraj/Desktop/glibc_modified/build32/elf/dl-allobjs.os

.group          0x00000000        0x8
 .group         0x00000000        0x8 /home/saraj/Desktop/glibc_modified/build32/elf/dl-allobjs.os

.group          0x00000000        0x8
 .group         0x00000000        0x8 /home/saraj/Desktop/glibc_modified/build32/elf/dl-allobjs.os

.note.GNU-stack
                0x00000000        0x0
 .note.GNU-stack
                0x00000000        0x0 /home/saraj/Desktop/glibc_modified/build32/elf/dl-allobjs.os
 .note.GNU-stack
                0x00000000        0x0 /home/saraj/Desktop/glibc_modified/build32/elf/rtld-libc.a(rtld-check_fds.os)
 .note.GNU-stack
                0x00000000        0x0 /home/saraj/Desktop/glibc_modified/build32/elf/rtld-libc.a(rtld-errno.os)
 .note.GNU-stack
                0x00000000        0x0 /home/saraj/Desktop/glibc_modified/build32/elf/rtld-libc.a(rtld-divdi3.os)
 .note.GNU-stack
                0x00000000        0x0 /home/saraj/Desktop/glibc_modified/build32/elf/rtld-libc.a(rtld-closedir.os)
 .note.GNU-stack
                0x00000000        0x0 /home/saraj/Desktop/glibc_modified/build32/elf/rtld-libc.a(rtld-fdopendir.os)
 .note.GNU-stack
                0x00000000        0x0 /home/saraj/Desktop/glibc_modified/build32/elf/rtld-libc.a(rtld-readdir64.os)
 .note.GNU-stack
                0x00000000        0x0 /home/saraj/Desktop/glibc_modified/build32/elf/rtld-libc.a(rtld-rewinddir.os)
 .note.GNU-stack
                0x00000000        0x0 /home/saraj/Desktop/glibc_modified/build32/elf/rtld-libc.a(rtld-getdents64.os)
 .note.GNU-stack
                0x00000000        0x0 /home/saraj/Desktop/glibc_modified/build32/elf/rtld-libc.a(rtld-dl-addr-obj.os)
 .note.GNU-stack
                0x00000000        0x0 /home/saraj/Desktop/glibc_modified/build32/elf/rtld-libc.a(rtld-prof-freq.os)
 .note.GNU-stack
                0x00000000        0x0 /home/saraj/Desktop/glibc_modified/build32/elf/rtld-libc.a(rtld-profil.os)
 .note.GNU-stack
                0x00000000        0x0 /home/saraj/Desktop/glibc_modified/build32/elf/rtld-libc.a(rtld-access.os)
 .note.GNU-stack
                0x00000000        0x0 /home/saraj/Desktop/glibc_modified/build32/elf/rtld-libc.a(rtld-fstat64.os)
 .note.GNU-stack
                0x00000000        0x0 /home/saraj/Desktop/glibc_modified/build32/elf/rtld-libc.a(rtld-fstatat64.os)
 .note.GNU-stack
                0x00000000        0x0 /home/saraj/Desktop/glibc_modified/build32/elf/rtld-libc.a(rtld-lseek.os)
 .note.GNU-stack
                0x00000000        0x0 /home/saraj/Desktop/glibc_modified/build32/elf/rtld-libc.a(rtld-lstat64.os)
 .note.GNU-stack
                0x00000000        0x0 /home/saraj/Desktop/glibc_modified/build32/elf/rtld-libc.a(rtld-openat64.os)
 .note.GNU-stack
                0x00000000        0x0 /home/saraj/Desktop/glibc_modified/build32/elf/rtld-libc.a(rtld-stat64.os)
 .note.GNU-stack
                0x00000000        0x0 /home/saraj/Desktop/glibc_modified/build32/elf/rtld-libc.a(rtld-close_nocancel.os)
 .note.GNU-stack
                0x00000000        0x0 /home/saraj/Desktop/glibc_modified/build32/elf/rtld-libc.a(rtld-close_nocancel_nostatus.os)
 .note.GNU-stack
                0x00000000        0x0 /home/saraj/Desktop/glibc_modified/build32/elf/rtld-libc.a(rtld-fcntl_nocancel.os)
 .note.GNU-stack
                0x00000000        0x0 /home/saraj/Desktop/glibc_modified/build32/elf/rtld-libc.a(rtld-open64_nocancel.os)
 .note.GNU-stack
                0x00000000        0x0 /home/saraj/Desktop/glibc_modified/build32/elf/rtld-libc.a(rtld-open_nocancel.os)
 .note.GNU-stack
                0x00000000        0x0 /home/saraj/Desktop/glibc_modified/build32/elf/rtld-libc.a(rtld-pread64_nocancel.os)
 .note.GNU-stack
                0x00000000        0x0 /home/saraj/Desktop/glibc_modified/build32/elf/rtld-libc.a(rtld-read_nocancel.os)
 .note.GNU-stack
                0x00000000        0x0 /home/saraj/Desktop/glibc_modified/build32/elf/rtld-libc.a(rtld-stat_t64_cp.os)
 .note.GNU-stack
                0x00000000        0x0 /home/saraj/Desktop/glibc_modified/build32/elf/rtld-libc.a(rtld-write_nocancel.os)
 .note.GNU-stack
                0x00000000        0x0 /home/saraj/Desktop/glibc_modified/build32/elf/rtld-libc.a(rtld-scratch_buffer_set_array_size.os)
 .note.GNU-stack
                0x00000000        0x0 /home/saraj/Desktop/glibc_modified/build32/elf/rtld-libc.a(rtld-atomic_wide_counter.os)
 .note.GNU-stack
                0x00000000        0x0 /home/saraj/Desktop/glibc_modified/build32/elf/rtld-libc.a(rtld-fd_to_filename.os)
 .note.GNU-stack
                0x00000000        0x0 /home/saraj/Desktop/glibc_modified/build32/elf/rtld-libc.a(rtld-mmap.os)
 .note.GNU-stack
                0x00000000        0x0 /home/saraj/Desktop/glibc_modified/build32/elf/rtld-libc.a(rtld-mprotect.os)
 .note.GNU-stack
                0x00000000        0x0 /home/saraj/Desktop/glibc_modified/build32/elf/rtld-libc.a(rtld-munmap.os)
 .note.GNU-stack
                0x00000000        0x0 /home/saraj/Desktop/glibc_modified/build32/elf/rtld-libc.a(rtld-setvmaname.os)
 .note.GNU-stack
                0x00000000        0x0 /home/saraj/Desktop/glibc_modified/build32/elf/rtld-libc.a(rtld-lowlevellock.os)
 .note.GNU-stack
                0x00000000        0x0 /home/saraj/Desktop/glibc_modified/build32/elf/rtld-libc.a(rtld-_exit.os)
 .note.GNU-stack
                0x00000000        0x0 /home/saraj/Desktop/glibc_modified/build32/elf/rtld-libc.a(rtld-getpid.os)
 .note.GNU-stack
                0x00000000        0x0 /home/saraj/Desktop/glibc_modified/build32/elf/rtld-libc.a(rtld-uname.os)
 .note.GNU-stack
                0x00000000        0x0 /home/saraj/Desktop/glibc_modified/build32/elf/rtld-libc.a(rtld-environ.os)
 .note.GNU-stack
                0x00000000        0x0 /home/saraj/Desktop/glibc_modified/build32/elf/rtld-libc.a(rtld-setjmp.os)
 .note.GNU-stack
                0x00000000        0x0 /home/saraj/Desktop/glibc_modified/build32/elf/rtld-libc.a(rtld-__longjmp.os)
 .note.GNU-stack
                0x00000000        0x0 /home/saraj/Desktop/glibc_modified/build32/elf/rtld-libc.a(rtld-libc_sigaction.os)
 .note.GNU-stack
                0x00000000        0x0 /home/saraj/Desktop/glibc_modified/build32/elf/rtld-libc.a(rtld-_fitoa_word.os)
 .note.GNU-stack
                0x00000000        0x0 /home/saraj/Desktop/glibc_modified/build32/elf/rtld-libc.a(rtld-itoa-udigits.os)
 .note.GNU-stack
                0x00000000        0x0 /home/saraj/Desktop/glibc_modified/build32/elf/rtld-libc.a(rtld-getenv.os)
 .note.GNU-stack
                0x00000000        0x0 /home/saraj/Desktop/glibc_modified/build32/elf/rtld-libc.a(rtld-strdup.os)
 .note.GNU-stack
                0x00000000        0x0 /home/saraj/Desktop/glibc_modified/build32/elf/rtld-libc.a(rtld-strerrorname_np.os)
 .note.GNU-stack
                0x00000000        0x0 /home/saraj/Desktop/glibc_modified/build32/elf/rtld-libc.a(rtld-strnlen.os)
 .note.GNU-stack
                0x00000000        0x0 /home/saraj/Desktop/glibc_modified/build32/elf/rtld-libc.a(rtld-strncmp-c.os)
 .note.GNU-stack
                0x00000000        0x0 /home/saraj/Desktop/glibc_modified/build32/elf/rtld-libc.a(rtld-memchr-ia32.os)
 .note.GNU-stack
                0x00000000        0x0 /home/saraj/Desktop/glibc_modified/build32/elf/rtld-libc.a(rtld-memcmp-ia32.os)
 .note.GNU-stack
                0x00000000        0x0 /home/saraj/Desktop/glibc_modified/build32/elf/rtld-libc.a(rtld-memcpy-ia32.os)
 .note.GNU-stack
                0x00000000        0x0 /home/saraj/Desktop/glibc_modified/build32/elf/rtld-libc.a(rtld-memmove-ia32.os)
 .note.GNU-stack
                0x00000000        0x0 /home/saraj/Desktop/glibc_modified/build32/elf/rtld-libc.a(rtld-mempcpy-ia32.os)
 .note.GNU-stack
                0x00000000        0x0 /home/saraj/Desktop/glibc_modified/build32/elf/rtld-libc.a(rtld-memset-ia32.os)
 .note.GNU-stack
                0x00000000        0x0 /home/saraj/Desktop/glibc_modified/build32/elf/rtld-libc.a(rtld-strchr-ia32.os)
 .note.GNU-stack
                0x00000000        0x0 /home/saraj/Desktop/glibc_modified/build32/elf/rtld-libc.a(rtld-strcmp-ia32.os)
 .note.GNU-stack
                0x00000000        0x0 /home/saraj/Desktop/glibc_modified/build32/elf/rtld-libc.a(rtld-strcspn-ia32.os)
 .note.GNU-stack
                0x00000000        0x0 /home/saraj/Desktop/glibc_modified/build32/elf/rtld-libc.a(rtld-strlen-ia32.os)
 .note.GNU-stack
                0x00000000        0x0 /home/saraj/Desktop/glibc_modified/build32/elf/rtld-libc.a(rtld-stpcpy-ia32.os)
 .note.GNU-stack
                0x00000000        0x0 /home/saraj/Desktop/glibc_modified/build32/elf/rtld-libc.a(rtld-setitimer.os)
 .note.GNU-stack
                0x00000000        0x0 /home/saraj/Desktop/glibc_modified/build32/elf/rtld-libc.a(rtld-sysdep.os)
 .note.GNU-stack
                0x00000000        0x0 /home/saraj/Desktop/glibc_modified/build32/elf/rtld-libc.a(rtld-libc-do-syscall.os)
 .note.GNU-stack
                0x00000000        0x0 /home/saraj/Desktop/glibc_modified/build32/elf/rtld-libc.a(rtld-errname.os)
 .note.GNU-stack
                0x00000000        0x0 /usr/lib/gcc/x86_64-linux-gnu/12/32/libgcc.a(_udivmoddi4.o)

.gnu.build.attributes
 *(.gnu.build.attributes)

.debug
 *(.debug)

.line
 *(.line)

.debug_srcinfo
 *(.debug_srcinfo)

.debug_sfnames
 *(.debug_sfnames)

.debug_aranges  0x00000000     0x10b8
 *(.debug_aranges)
 .debug_aranges
                0x00000000      0x8c0 /home/saraj/Desktop/glibc_modified/build32/elf/dl-allobjs.os
 .debug_aranges
                0x000008c0       0x20 /home/saraj/Desktop/glibc_modified/build32/elf/rtld-libc.a(rtld-check_fds.os)
 .debug_aranges
                0x000008e0       0x18 /home/saraj/Desktop/glibc_modified/build32/elf/rtld-libc.a(rtld-errno.os)
 .debug_aranges
                0x000008f8       0x20 /home/saraj/Desktop/glibc_modified/build32/elf/rtld-libc.a(rtld-divdi3.os)
 .debug_aranges
                0x00000918       0x20 /home/saraj/Desktop/glibc_modified/build32/elf/rtld-libc.a(rtld-closedir.os)
 .debug_aranges
                0x00000938       0x20 /home/saraj/Desktop/glibc_modified/build32/elf/rtld-libc.a(rtld-fdopendir.os)
 .debug_aranges
                0x00000958       0x20 /home/saraj/Desktop/glibc_modified/build32/elf/rtld-libc.a(rtld-readdir64.os)
 .debug_aranges
                0x00000978       0x20 /home/saraj/Desktop/glibc_modified/build32/elf/rtld-libc.a(rtld-rewinddir.os)
 .debug_aranges
                0x00000998       0x20 /home/saraj/Desktop/glibc_modified/build32/elf/rtld-libc.a(rtld-getdents64.os)
 .debug_aranges
                0x000009b8       0x20 /home/saraj/Desktop/glibc_modified/build32/elf/rtld-libc.a(rtld-dl-addr-obj.os)
 .debug_aranges
                0x000009d8       0x20 /home/saraj/Desktop/glibc_modified/build32/elf/rtld-libc.a(rtld-prof-freq.os)
 .debug_aranges
                0x000009f8       0x20 /home/saraj/Desktop/glibc_modified/build32/elf/rtld-libc.a(rtld-profil.os)
 .debug_aranges
                0x00000a18       0x20 /home/saraj/Desktop/glibc_modified/build32/elf/rtld-libc.a(rtld-access.os)
 .debug_aranges
                0x00000a38       0x20 /home/saraj/Desktop/glibc_modified/build32/elf/rtld-libc.a(rtld-fstat64.os)
 .debug_aranges
                0x00000a58       0x20 /home/saraj/Desktop/glibc_modified/build32/elf/rtld-libc.a(rtld-fstatat64.os)
 .debug_aranges
                0x00000a78       0x20 /home/saraj/Desktop/glibc_modified/build32/elf/rtld-libc.a(rtld-lseek.os)
 .debug_aranges
                0x00000a98       0x20 /home/saraj/Desktop/glibc_modified/build32/elf/rtld-libc.a(rtld-lstat64.os)
 .debug_aranges
                0x00000ab8       0x20 /home/saraj/Desktop/glibc_modified/build32/elf/rtld-libc.a(rtld-openat64.os)
 .debug_aranges
                0x00000ad8       0x20 /home/saraj/Desktop/glibc_modified/build32/elf/rtld-libc.a(rtld-stat64.os)
 .debug_aranges
                0x00000af8       0x20 /home/saraj/Desktop/glibc_modified/build32/elf/rtld-libc.a(rtld-close_nocancel.os)
 .debug_aranges
                0x00000b18       0x20 /home/saraj/Desktop/glibc_modified/build32/elf/rtld-libc.a(rtld-close_nocancel_nostatus.os)
 .debug_aranges
                0x00000b38       0x20 /home/saraj/Desktop/glibc_modified/build32/elf/rtld-libc.a(rtld-fcntl_nocancel.os)
 .debug_aranges
                0x00000b58       0x20 /home/saraj/Desktop/glibc_modified/build32/elf/rtld-libc.a(rtld-open64_nocancel.os)
 .debug_aranges
                0x00000b78       0x20 /home/saraj/Desktop/glibc_modified/build32/elf/rtld-libc.a(rtld-open_nocancel.os)
 .debug_aranges
                0x00000b98       0x20 /home/saraj/Desktop/glibc_modified/build32/elf/rtld-libc.a(rtld-pread64_nocancel.os)
 .debug_aranges
                0x00000bb8       0x20 /home/saraj/Desktop/glibc_modified/build32/elf/rtld-libc.a(rtld-read_nocancel.os)
 .debug_aranges
                0x00000bd8       0x20 /home/saraj/Desktop/glibc_modified/build32/elf/rtld-libc.a(rtld-stat_t64_cp.os)
 .debug_aranges
                0x00000bf8       0x20 /home/saraj/Desktop/glibc_modified/build32/elf/rtld-libc.a(rtld-write_nocancel.os)
 .debug_aranges
                0x00000c18       0x20 /home/saraj/Desktop/glibc_modified/build32/elf/rtld-libc.a(rtld-scratch_buffer_set_array_size.os)
 .debug_aranges
                0x00000c38       0x20 /home/saraj/Desktop/glibc_modified/build32/elf/rtld-libc.a(rtld-atomic_wide_counter.os)
 .debug_aranges
                0x00000c58       0x28 /home/saraj/Desktop/glibc_modified/build32/elf/rtld-libc.a(rtld-fd_to_filename.os)
 .debug_aranges
                0x00000c80       0x20 /home/saraj/Desktop/glibc_modified/build32/elf/rtld-libc.a(rtld-mmap.os)
 .debug_aranges
                0x00000ca0       0x20 /home/saraj/Desktop/glibc_modified/build32/elf/rtld-libc.a(rtld-mprotect.os)
 .debug_aranges
                0x00000cc0       0x20 /home/saraj/Desktop/glibc_modified/build32/elf/rtld-libc.a(rtld-munmap.os)
 .debug_aranges
                0x00000ce0       0x20 /home/saraj/Desktop/glibc_modified/build32/elf/rtld-libc.a(rtld-setvmaname.os)
 .debug_aranges
                0x00000d00       0x20 /home/saraj/Desktop/glibc_modified/build32/elf/rtld-libc.a(rtld-lowlevellock.os)
 .debug_aranges
                0x00000d20       0x20 /home/saraj/Desktop/glibc_modified/build32/elf/rtld-libc.a(rtld-_exit.os)
 .debug_aranges
                0x00000d40       0x20 /home/saraj/Desktop/glibc_modified/build32/elf/rtld-libc.a(rtld-getpid.os)
 .debug_aranges
                0x00000d60       0x20 /home/saraj/Desktop/glibc_modified/build32/elf/rtld-libc.a(rtld-uname.os)
 .debug_aranges
                0x00000d80       0x18 /home/saraj/Desktop/glibc_modified/build32/elf/rtld-libc.a(rtld-environ.os)
 .debug_aranges
                0x00000d98       0x20 /home/saraj/Desktop/glibc_modified/build32/elf/rtld-libc.a(rtld-setjmp.os)
 .debug_aranges
                0x00000db8       0x20 /home/saraj/Desktop/glibc_modified/build32/elf/rtld-libc.a(rtld-__longjmp.os)
 .debug_aranges
                0x00000dd8       0x20 /home/saraj/Desktop/glibc_modified/build32/elf/rtld-libc.a(rtld-libc_sigaction.os)
 .debug_aranges
                0x00000df8       0x20 /home/saraj/Desktop/glibc_modified/build32/elf/rtld-libc.a(rtld-_fitoa_word.os)
 .debug_aranges
                0x00000e18       0x18 /home/saraj/Desktop/glibc_modified/build32/elf/rtld-libc.a(rtld-itoa-udigits.os)
 .debug_aranges
                0x00000e30       0x20 /home/saraj/Desktop/glibc_modified/build32/elf/rtld-libc.a(rtld-getenv.os)
 .debug_aranges
                0x00000e50       0x20 /home/saraj/Desktop/glibc_modified/build32/elf/rtld-libc.a(rtld-strdup.os)
 .debug_aranges
                0x00000e70       0x20 /home/saraj/Desktop/glibc_modified/build32/elf/rtld-libc.a(rtld-strerrorname_np.os)
 .debug_aranges
                0x00000e90       0x20 /home/saraj/Desktop/glibc_modified/build32/elf/rtld-libc.a(rtld-strnlen.os)
 .debug_aranges
                0x00000eb0       0x20 /home/saraj/Desktop/glibc_modified/build32/elf/rtld-libc.a(rtld-strncmp-c.os)
 .debug_aranges
                0x00000ed0       0x20 /home/saraj/Desktop/glibc_modified/build32/elf/rtld-libc.a(rtld-memchr-ia32.os)
 .debug_aranges
                0x00000ef0       0x28 /home/saraj/Desktop/glibc_modified/build32/elf/rtld-libc.a(rtld-memcmp-ia32.os)
 .debug_aranges
                0x00000f18       0x20 /home/saraj/Desktop/glibc_modified/build32/elf/rtld-libc.a(rtld-memcpy-ia32.os)
 .debug_aranges
                0x00000f38       0x20 /home/saraj/Desktop/glibc_modified/build32/elf/rtld-libc.a(rtld-memmove-ia32.os)
 .debug_aranges
                0x00000f58       0x20 /home/saraj/Desktop/glibc_modified/build32/elf/rtld-libc.a(rtld-mempcpy-ia32.os)
 .debug_aranges
                0x00000f78       0x20 /home/saraj/Desktop/glibc_modified/build32/elf/rtld-libc.a(rtld-memset-ia32.os)
 .debug_aranges
                0x00000f98       0x20 /home/saraj/Desktop/glibc_modified/build32/elf/rtld-libc.a(rtld-strchr-ia32.os)
 .debug_aranges
                0x00000fb8       0x20 /home/saraj/Desktop/glibc_modified/build32/elf/rtld-libc.a(rtld-strcmp-ia32.os)
 .debug_aranges
                0x00000fd8       0x20 /home/saraj/Desktop/glibc_modified/build32/elf/rtld-libc.a(rtld-strcspn-ia32.os)
 .debug_aranges
                0x00000ff8       0x20 /home/saraj/Desktop/glibc_modified/build32/elf/rtld-libc.a(rtld-strlen-ia32.os)
 .debug_aranges
                0x00001018       0x20 /home/saraj/Desktop/glibc_modified/build32/elf/rtld-libc.a(rtld-stpcpy-ia32.os)
 .debug_aranges
                0x00001038       0x20 /home/saraj/Desktop/glibc_modified/build32/elf/rtld-libc.a(rtld-setitimer.os)
 .debug_aranges
                0x00001058       0x20 /home/saraj/Desktop/glibc_modified/build32/elf/rtld-libc.a(rtld-sysdep.os)
 .debug_aranges
                0x00001078       0x20 /home/saraj/Desktop/glibc_modified/build32/elf/rtld-libc.a(rtld-libc-do-syscall.os)
 .debug_aranges
                0x00001098       0x20 /home/saraj/Desktop/glibc_modified/build32/elf/rtld-libc.a(rtld-errname.os)

.debug_pubnames
 *(.debug_pubnames)

.debug_info     0x00000000    0x9d7ed
 *(.debug_info)
 .debug_info    0x00000000    0x89dd8 /home/saraj/Desktop/glibc_modified/build32/elf/dl-allobjs.os
 .debug_info    0x00089dd8      0x779 /home/saraj/Desktop/glibc_modified/build32/elf/rtld-libc.a(rtld-check_fds.os)
 .debug_info    0x0008a551      0x3e9 /home/saraj/Desktop/glibc_modified/build32/elf/rtld-libc.a(rtld-errno.os)
 .debug_info    0x0008a93a      0x3d8 /home/saraj/Desktop/glibc_modified/build32/elf/rtld-libc.a(rtld-divdi3.os)
 .debug_info    0x0008ad12      0x568 /home/saraj/Desktop/glibc_modified/build32/elf/rtld-libc.a(rtld-closedir.os)
 .debug_info    0x0008b27a      0x6fc /home/saraj/Desktop/glibc_modified/build32/elf/rtld-libc.a(rtld-fdopendir.os)
 .debug_info    0x0008b976      0x704 /home/saraj/Desktop/glibc_modified/build32/elf/rtld-libc.a(rtld-readdir64.os)
 .debug_info    0x0008c07a      0x4eb /home/saraj/Desktop/glibc_modified/build32/elf/rtld-libc.a(rtld-rewinddir.os)
 .debug_info    0x0008c565      0x484 /home/saraj/Desktop/glibc_modified/build32/elf/rtld-libc.a(rtld-getdents64.os)
 .debug_info    0x0008c9e9      0xdd7 /home/saraj/Desktop/glibc_modified/build32/elf/rtld-libc.a(rtld-dl-addr-obj.os)
 .debug_info    0x0008d7c0     0x2085 /home/saraj/Desktop/glibc_modified/build32/elf/rtld-libc.a(rtld-prof-freq.os)
 .debug_info    0x0008f845      0xa17 /home/saraj/Desktop/glibc_modified/build32/elf/rtld-libc.a(rtld-profil.os)
 .debug_info    0x0009025c      0x455 /home/saraj/Desktop/glibc_modified/build32/elf/rtld-libc.a(rtld-access.os)
 .debug_info    0x000906b1      0x7d0 /home/saraj/Desktop/glibc_modified/build32/elf/rtld-libc.a(rtld-fstat64.os)
 .debug_info    0x00090e81      0xc73 /home/saraj/Desktop/glibc_modified/build32/elf/rtld-libc.a(rtld-fstatat64.os)
 .debug_info    0x00091af4      0x532 /home/saraj/Desktop/glibc_modified/build32/elf/rtld-libc.a(rtld-lseek.os)
 .debug_info    0x00092026      0x455 /home/saraj/Desktop/glibc_modified/build32/elf/rtld-libc.a(rtld-lstat64.os)
 .debug_info    0x0009247b      0x4d8 /home/saraj/Desktop/glibc_modified/build32/elf/rtld-libc.a(rtld-openat64.os)
 .debug_info    0x00092953      0x455 /home/saraj/Desktop/glibc_modified/build32/elf/rtld-libc.a(rtld-stat64.os)
 .debug_info    0x00092da8      0x43f /home/saraj/Desktop/glibc_modified/build32/elf/rtld-libc.a(rtld-close_nocancel.os)
 .debug_info    0x000931e7      0x40e /home/saraj/Desktop/glibc_modified/build32/elf/rtld-libc.a(rtld-close_nocancel_nostatus.os)
 .debug_info    0x000935f5      0x6f2 /home/saraj/Desktop/glibc_modified/build32/elf/rtld-libc.a(rtld-fcntl_nocancel.os)
 .debug_info    0x00093ce7      0x4b5 /home/saraj/Desktop/glibc_modified/build32/elf/rtld-libc.a(rtld-open64_nocancel.os)
 .debug_info    0x0009419c      0x4ac /home/saraj/Desktop/glibc_modified/build32/elf/rtld-libc.a(rtld-open_nocancel.os)
 .debug_info    0x00094648      0x4b2 /home/saraj/Desktop/glibc_modified/build32/elf/rtld-libc.a(rtld-pread64_nocancel.os)
 .debug_info    0x00094afa      0x483 /home/saraj/Desktop/glibc_modified/build32/elf/rtld-libc.a(rtld-read_nocancel.os)
 .debug_info    0x00094f7d      0x527 /home/saraj/Desktop/glibc_modified/build32/elf/rtld-libc.a(rtld-stat_t64_cp.os)
 .debug_info    0x000954a4      0x487 /home/saraj/Desktop/glibc_modified/build32/elf/rtld-libc.a(rtld-write_nocancel.os)
 .debug_info    0x0009592b      0x35c /home/saraj/Desktop/glibc_modified/build32/elf/rtld-libc.a(rtld-scratch_buffer_set_array_size.os)
 .debug_info    0x00095c87      0x515 /home/saraj/Desktop/glibc_modified/build32/elf/rtld-libc.a(rtld-atomic_wide_counter.os)
 .debug_info    0x0009619c      0x1ab /home/saraj/Desktop/glibc_modified/build32/elf/rtld-libc.a(rtld-fd_to_filename.os)
 .debug_info    0x00096347      0x581 /home/saraj/Desktop/glibc_modified/build32/elf/rtld-libc.a(rtld-mmap.os)
 .debug_info    0x000968c8       0x56 /home/saraj/Desktop/glibc_modified/build32/elf/rtld-libc.a(rtld-mprotect.os)
 .debug_info    0x0009691e       0x56 /home/saraj/Desktop/glibc_modified/build32/elf/rtld-libc.a(rtld-munmap.os)
 .debug_info    0x00096974      0x80a /home/saraj/Desktop/glibc_modified/build32/elf/rtld-libc.a(rtld-setvmaname.os)
 .debug_info    0x0009717e      0x6d2 /home/saraj/Desktop/glibc_modified/build32/elf/rtld-libc.a(rtld-lowlevellock.os)
 .debug_info    0x00097850      0x437 /home/saraj/Desktop/glibc_modified/build32/elf/rtld-libc.a(rtld-_exit.os)
 .debug_info    0x00097c87       0x56 /home/saraj/Desktop/glibc_modified/build32/elf/rtld-libc.a(rtld-getpid.os)
 .debug_info    0x00097cdd       0x56 /home/saraj/Desktop/glibc_modified/build32/elf/rtld-libc.a(rtld-uname.os)
 .debug_info    0x00097d33      0x492 /home/saraj/Desktop/glibc_modified/build32/elf/rtld-libc.a(rtld-environ.os)
 .debug_info    0x000981c5       0x3c /home/saraj/Desktop/glibc_modified/build32/elf/rtld-libc.a(rtld-setjmp.os)
 .debug_info    0x00098201       0x31 /home/saraj/Desktop/glibc_modified/build32/elf/rtld-libc.a(rtld-__longjmp.os)
 .debug_info    0x00098232     0x254b /home/saraj/Desktop/glibc_modified/build32/elf/rtld-libc.a(rtld-libc_sigaction.os)
 .debug_info    0x0009a77d      0x189 /home/saraj/Desktop/glibc_modified/build32/elf/rtld-libc.a(rtld-_fitoa_word.os)
 .debug_info    0x0009a906       0x79 /home/saraj/Desktop/glibc_modified/build32/elf/rtld-libc.a(rtld-itoa-udigits.os)