Archive member included to satisfy reference by file (symbol)

/home/saraj/Desktop/glibc_modified/build32/libc_pic.a(check_fds.os)
                              /home/saraj/Desktop/glibc_modified/build32/elf/dl-allobjs.os (__libc_check_standard_fds)
/home/saraj/Desktop/glibc_modified/build32/libc_pic.a(errno.os)
                              /home/saraj/Desktop/glibc_modified/build32/libc_pic.a(check_fds.os) (__libc_errno)
/home/saraj/Desktop/glibc_modified/build32/libc_pic.a(divdi3.os)
                              /home/saraj/Desktop/glibc_modified/build32/elf/dl-allobjs.os (__udivdi3)
/home/saraj/Desktop/glibc_modified/build32/libc_pic.a(setjmp.os)
                              /home/saraj/Desktop/glibc_modified/build32/elf/dl-allobjs.os (__sigsetjmp)
/home/saraj/Desktop/glibc_modified/build32/libc_pic.a(__longjmp.os)
                              /home/saraj/Desktop/glibc_modified/build32/elf/dl-allobjs.os (__longjmp)
/home/saraj/Desktop/glibc_modified/build32/libc_pic.a(getenv.os)
                              /home/saraj/Desktop/glibc_modified/build32/elf/dl-allobjs.os (getenv)
/home/saraj/Desktop/glibc_modified/build32/libc_pic.a(lowlevellock.os)
                              /home/saraj/Desktop/glibc_modified/build32/elf/dl-allobjs.os (__lll_lock_wait_private)
/home/saraj/Desktop/glibc_modified/build32/libc_pic.a(scratch_buffer_set_array_size.os)
                              /home/saraj/Desktop/glibc_modified/build32/elf/dl-allobjs.os (__libc_scratch_buffer_set_array_size)
/home/saraj/Desktop/glibc_modified/build32/libc_pic.a(memchr.os)
                              /home/saraj/Desktop/glibc_modified/build32/elf/dl-allobjs.os (memchr)
/home/saraj/Desktop/glibc_modified/build32/libc_pic.a(memcmp.os)
                              /home/saraj/Desktop/glibc_modified/build32/elf/dl-allobjs.os (memcmp)
/home/saraj/Desktop/glibc_modified/build32/libc_pic.a(memcpy.os)
                              /home/saraj/Desktop/glibc_modified/build32/elf/dl-allobjs.os (memcpy)
/home/saraj/Desktop/glibc_modified/build32/libc_pic.a(memmove.os)
                              /home/saraj/Desktop/glibc_modified/build32/elf/dl-allobjs.os (memmove)
/home/saraj/Desktop/glibc_modified/build32/libc_pic.a(mempcpy.os)
                              /home/saraj/Desktop/glibc_modified/build32/elf/dl-allobjs.os (mempcpy)
/home/saraj/Desktop/glibc_modified/build32/libc_pic.a(memset.os)
                              /home/saraj/Desktop/glibc_modified/build32/elf/dl-allobjs.os (memset)
/home/saraj/Desktop/glibc_modified/build32/libc_pic.a(stpcpy.os)
                              /home/saraj/Desktop/glibc_modified/build32/elf/dl-allobjs.os (stpcpy)
/home/saraj/Desktop/glibc_modified/build32/libc_pic.a(strchr.os)
                              /home/saraj/Desktop/glibc_modified/build32/elf/dl-allobjs.os (strchr)
/home/saraj/Desktop/glibc_modified/build32/libc_pic.a(strcmp.os)
                              /home/saraj/Desktop/glibc_modified/build32/elf/dl-allobjs.os (strcmp)
/home/saraj/Desktop/glibc_modified/build32/libc_pic.a(strcspn.os)
                              /home/saraj/Desktop/glibc_modified/build32/elf/dl-allobjs.os (strcspn)
/home/saraj/Desktop/glibc_modified/build32/libc_pic.a(strdup.os)
                              /home/saraj/Desktop/glibc_modified/build32/elf/dl-allobjs.os (__strdup)
/home/saraj/Desktop/glibc_modified/build32/libc_pic.a(strerrorname_np.os)
                              /home/saraj/Desktop/glibc_modified/build32/elf/dl-allobjs.os (strerrorname_np)
/home/saraj/Desktop/glibc_modified/build32/libc_pic.a(strlen.os)
                              /home/saraj/Desktop/glibc_modified/build32/elf/dl-allobjs.os (strlen)
/home/saraj/Desktop/glibc_modified/build32/libc_pic.a(strncmp.os)
                              /home/saraj/Desktop/glibc_modified/build32/elf/dl-allobjs.os (strncmp)
/home/saraj/Desktop/glibc_modified/build32/libc_pic.a(strnlen.os)
                              /home/saraj/Desktop/glibc_modified/build32/elf/dl-allobjs.os (strnlen)
/home/saraj/Desktop/glibc_modified/build32/libc_pic.a(memset-sse2.os)
                              /home/saraj/Desktop/glibc_modified/build32/libc_pic.a(memset.os) (__memset_sse2)
/home/saraj/Desktop/glibc_modified/build32/libc_pic.a(memcpy-ssse3.os)
                              /home/saraj/Desktop/glibc_modified/build32/libc_pic.a(memcpy.os) (__memcpy_ssse3)
/home/saraj/Desktop/glibc_modified/build32/libc_pic.a(mempcpy-ssse3.os)
                              /home/saraj/Desktop/glibc_modified/build32/libc_pic.a(mempcpy.os) (__mempcpy_ssse3)
/home/saraj/Desktop/glibc_modified/build32/libc_pic.a(memmove-ssse3.os)
                              /home/saraj/Desktop/glibc_modified/build32/libc_pic.a(memmove.os) (__memmove_ssse3)
/home/saraj/Desktop/glibc_modified/build32/libc_pic.a(memcpy-ssse3-rep.os)
                              /home/saraj/Desktop/glibc_modified/build32/libc_pic.a(memcpy.os) (__memcpy_ssse3_rep)
[...]
Memory Configuration

Name             Origin             Length             Attributes
*default*        0x00000000         0xffffffff

Linker script and memory map

LOAD /home/saraj/Desktop/glibc_modified/build32/elf/librtld.mapT.o
START GROUP
LOAD /home/saraj/Desktop/glibc_modified/build32/elf/dl-allobjs.os
LOAD /home/saraj/Desktop/glibc_modified/build32/libc_pic.a
LOAD /usr/lib/gcc/x86_64-linux-gnu/12/32/libgcc.a
END GROUP

.interp
 *(.interp)

.note.gnu.build-id
 *(.note.gnu.build-id)

.hash
 *(.hash)

.gnu.hash
 *(.gnu.hash)

.dynsym
 *(.dynsym)

.dynstr
 *(.dynstr)

.gnu.version
 *(.gnu.version)

.gnu.version_d
 *(.gnu.version_d)

.gnu.version_r
 *(.gnu.version_r)

.rel.init
 *(.rel.init)

.rel.text
 *(.rel.text)

.rel.fini
 *(.rel.fini)

.rel.rodata
 *(.rel.rodata)

.rel.data.rel.ro
 *(.rel.data.rel.ro)

.rel.data
 *(.rel.data)

.rel.tdata
 *(.rel.tdata)

.rel.tbss
 *(.rel.tbss)

.rel.ctors
 *(.rel.ctors)

.rel.dtors
 *(.rel.dtors)

.rel.got
 *(.rel.got)

.rel.bss
 *(.rel.bss)

.rel.ifunc
 *(.rel.ifunc)

.rel.plt
 *(.rel.plt)

.relr.dyn
 *(.relr.dyn)

.init
 *(SORT_NONE(.init))

.plt
 *(.plt)

.plt.got
 *(.plt.got)

.plt.sec
 *(.plt.sec)

.text           0x00000000    0x25d82
 *(.text .stub)
 .text          0x00000000        0x0 /home/saraj/Desktop/glibc_modified/build32/elf/librtld.mapT.o
                0x00000000                __stack_chk_fail_local
                0x00000000                malloc
                0x00000000                __libc_assert_fail
                0x00000000                __stack_chk_fail
                0x00000000                calloc
                0x00000000                realloc
                0x00000000                __syscall_cancel
                0x00000000                free
 .text          0x00000000    0x20509 /home/saraj/Desktop/glibc_modified/build32/elf/dl-allobjs.os
                0x00000000                _dl_call_libc_early_init
                0x00000070                _dl_call_fini
                0x000001a0                _dl_signal_exception
                0x000001a0                __GI__dl_signal_exception
                0x00000210                __GI__dl_signal_error
                0x00000210                _dl_signal_error
                0x00000290                _dl_signal_cexception
                0x00000320                _dl_signal_cerror
                0x000003b0                _dl_receive_error
                0x00000440                _dl_catch_exception
                0x00000440                __GI__dl_catch_exception
                0x000005d0                _dl_catch_error
                0x00000700                _dl_close_worker
                0x00001520                _dl_close
                0x000015a0                _dl_debug_post_relocate
                0x00001620                _dl_debug_update
                0x00001660                _dl_debug_change_state
                0x000016b0                _dl_debug_initialize
                0x00001790                _dl_debug_state
                0x00001790                __GI__dl_debug_state
                0x000017e0                _dl_map_object_deps
                0x000027e0                _dl_error_free
                0x00002810                _dl_exception_create
                0x00002810                __GI__dl_exception_create
                0x00002900                __GI__dl_exception_create_format
                0x00002900                _dl_exception_create_format
                0x00002c70                _dl_exception_free
                0x00002c70                __GI__dl_exception_free
                0x00002cb0                _dl_make_stack_executable
                0x00002d00                _dl_handle_execstack_tunable
                0x00003040                __GI__dl_find_object
                0x00003040                _dl_find_object
                0x000033d0                _dlfo_sort_mappings
                0x000034d0                _dl_find_object_init
                0x00003680                _dl_find_object_update
                0x00003ae0                _dl_find_object_dlclose
                0x00003bb0                _dl_find_object_freeres
                0x00003c30                _dl_fini
                0x00003ff0                _dl_init
                0x00005020                _dl_dst_count
                0x000050d0                _dl_dst_substitute
                0x00005850                _dl_init_paths
                0x00005b80                _dl_process_pt_gnu_property
                0x00007b10                _dl_lookup_map
                0x00007bf0                _dl_map_new_object
                0x000086c0                _dl_map_object
                0x00008730                _dl_rtld_di_serinfo
                0x00009410                _dl_lookup_symbol_x
                0x0000a020                _dl_lookup_direct
                0x0000a190                __minimal_malloc
                0x0000a2b0                __minimal_calloc
                0x0000a300                __minimal_free
                0x0000a350                __minimal_realloc
                0x0000a3c0                _dl_sysdep_read_whole_file
                0x0000a460                _dl_name_match_p
                0x0000a4c0                _dl_higher_prime_number
                0x0000a510                _dl_strtoul
                0x0000a7b0                _dl_add_to_namespace_list
                0x0000a860                _dl_new_object
                0x0000b0d0                __GI__dl_find_dso_for_object
                0x0000b0d0                _dl_find_dso_for_object
                0x0000b180                _dl_open
                0x0000b5a0                _dl_show_scope
                0x0000c150                _dl_get_origin
                0x0000c2a0                _dl_canonicalize
                0x0000c790                _dl_debug_printf
                0x0000c7c0                _dl_debug_printf_c
                0x0000c7f0                _dl_dprintf
                0x0000c810                _dl_printf
                0x0000c830                _dl_error_printf
                0x0000c850                _dl_fatal_printf
                0x0000c850                __GI__dl_fatal_printf
                0x0000c880                _dl_readonly_area
                0x0000ca60                _dl_try_allocate_static_tls
                0x0000cb90                _dl_allocate_static_tls
                0x0000cbe0                _dl_protect_relro
                0x0000cc50                _dl_reloc_bad_type
                0x0000ccc0                _dl_relocate_object_no_relro
                0x0000e7b0                _dl_relocate_object
                0x0000e7f0                _dl_fixup
                0x0000ea40                _dl_profile_fixup
                0x0000ed30                _dl_scope_free
                0x0000ee10                _dl_setup_hash
                0x0000ef90                _dl_sort_maps_init
                0x0000efd0                _dl_sort_maps
                0x0000f4c0                __thread_gscope_wait
                0x0000f9d0                _dl_tls_static_surplus_init
                0x0000fa60                _dl_assign_tls_modid
                0x0000fb40                _dl_count_modids
                0x0000fba0                _dl_determine_tlsoffset
                0x0000fdc0                _dl_get_tls_static_info
                0x0000fdf0                _dl_allocate_tls_storage
                0x0000fed0                __GI__dl_allocate_tls_init
                0x0000fed0                _dl_allocate_tls_init
                0x00010140                __GI__dl_allocate_tls
                0x00010140                _dl_allocate_tls
                0x00010180                _dl_deallocate_tls
                0x00010180                __GI__dl_deallocate_tls
                0x00010210                _dl_update_slotinfo
                0x000103f0                ___tls_get_addr_internal
                0x00010450                _dl_tls_get_addr_soft
                0x000104d0                _dl_tls_initial_modid_limit_setup
                0x00010520                _dl_add_to_slotinfo
                0x00010660                _dl_init_static_tls
                0x000107b0                __tls_pre_init_tp
                0x00010800                __tls_init_tp
                0x00010940                _dl_runtime_resolve
                0x00010960                _dl_runtime_profile
                0x00010d50                __tunable_is_initialized
                0x00010d50                __GI___tunable_is_initialized
                0x00010d70                __GI___tunable_set_val
                0x00010da0                __GI___tunables_init
                0x00011230                __GI___tunables_print
                0x00011330                __tunable_get_default
                0x00011330                __GI___tunable_get_default
                0x000113a0                __tunable_get_val
                0x000113a0                __GI___tunable_get_val
                0x00011440                _dl_check_map_versions
                0x00011d60                _dl_check_all_versions
                0x00011dc0                _dl_write
                0x00011de0                _dl_cache_libcmp
                0x000124d0                _dl_load_cache_lookup
                0x00012810                _dl_unload_cache
                0x00012870                ___tls_get_addr
                0x00012870                __GI____tls_get_addr
                0x000128c0                __tls_get_addr
                0x00015250                __x86_cpu_features
                0x00015280                _dl_x86_init_cpu_features
                0x000152a0                _dl_x86_get_cpu_features
                0x000152c0                _dl_tlsdesc_return
                0x000152d0                _dl_tlsdesc_undefweak
                0x000152e0                _dl_tlsdesc_dynamic_fnsave
                0x00015340                _dl_tlsdesc_dynamic_fxsave
                0x000153b0                _dl_tlsdesc_dynamic_xsave
                0x000154b0                _dl_tlsdesc_dynamic_xsavec
                0x00015590                _____tls_get_addr_fnsave
                0x000155c0                _____tls_get_addr_fxsave
                0x00015600                _____tls_get_addr_xsave
                0x000156d0                _____tls_get_addr_xsavec
                0x00015780                _dl_make_tlsdesc_dynamic
                0x00015a40                _dl_unmap
                0x00015ac0                _dl_audit_activity_map
                0x00015b60                _dl_audit_activity_nsid
                0x00015bb0                _dl_audit_objsearch
                0x00015c70                _dl_audit_objopen
                0x00015d50                _dl_audit_objclose
                0x00015e10                _dl_audit_preinit
                0x00015ec0                _dl_audit_symbind_alt
                0x00015ec0                __GI__dl_audit_symbind_alt
                0x00016080                _dl_audit_symbind
                0x00016380                _dl_audit_pltenter
                0x00016570                _dl_audit_pltexit
                0x00016770                _dl_diagnostics_print_string
                0x00016800                _dl_diagnostics_print_labeled_string
                0x00016850                _dl_diagnostics_print_labeled_value
                0x000168b0                _dl_print_diagnostics
                0x00017730                _dl_diagnostics_cpu
                0x00017ec0                _dl_diagnostics_kernel
                0x00017f90                _dl_next_ld_env_entry
                0x00017fd0                unsetenv
                0x00018100                _dl_important_hwcaps
                0x00018410                _dl_hwcaps_subdirs_active
                0x00018420                _dl_hwcaps_split
                0x000184b0                _dl_hwcaps_contains
                0x00018550                _dl_hwcaps_split_masked
                0x00018610                __rtld_libc_freeres
                0x00018790                __rtld_malloc_init_stubs
                0x000187d0                __sigjmp_save
                0x000187e0                __strerror_r
                0x00018950                __GI___libc_fatal
                0x00018950                __libc_fatal
                0x00018970                __GI___chk_fail
                0x00018970                __chk_fail
                0x00018980                __rtld_malloc_is_complete
                0x00018a70                __rtld_malloc_init_real
                0x00018b80                _itoa
                0x00018c40                __strsep
                0x00018c40                strsep
                0x00018c40                __strsep_g
                0x00018cd0                __rtld_mutex_init
                0x00018d90                _dl_start_profile
                0x000195f0                __GI__dl_mcount
                0x000195f0                _dl_mcount
                0x000197f0                _dl_tunable_set_hwcaps
                0x0001a2b0                _dl_sysdep_start
                0x0001a600                _dl_sysdep_start_cleanup
                0x0001a610                _dl_show_auxv
                0x0001a7d0                _dl_usage
                0x0001a830                _dl_version
                0x0001a860                _dl_help
                0x0001ab80                _start
                0x0001ab8e                _dl_start_user
                0x0001bd60                handle_preload_list
                0x0001fb70                __brk
                0x0001fb70                brk
                0x0001fbb0                __getcwd
                0x0001fbb0                getcwd
                0x000202a0                openat64
                0x00020310                __alloc_dir
                0x000203e0                __opendir
                0x000203e0                opendir
                0x00020490                sbrk
                0x00020490                __sbrk
 *fill*         0x00020509        0x7 
 .text          0x00020510      0x100 /home/saraj/Desktop/glibc_modified/build32/libc_pic.a(check_fds.os)
                0x000205e0                __libc_check_standard_fds
 .text          0x00020610        0x0 /home/saraj/Desktop/glibc_modified/build32/libc_pic.a(errno.os)
 .text          0x00020610      0x339 /home/saraj/Desktop/glibc_modified/build32/libc_pic.a(divdi3.os)
                0x000207c0                __divdi3
                0x000207c0                __divdi3@GLIBC_2.0
                0x000207c0                __divdi3_internal
                0x00020860                __moddi3@GLIBC_2.0
                0x00020860                __moddi3
                0x00020860                __moddi3_internal
                0x000208f0                __udivdi3@GLIBC_2.0
                0x000208f0                __udivdi3
                0x000208f0                __udivdi3_internal
                0x00020920                __umoddi3_internal
                0x00020920                __umoddi3
                0x00020920                __umoddi3@GLIBC_2.0
 *fill*         0x00020949        0x7 
 .text          0x00020950       0x35 /home/saraj/Desktop/glibc_modified/build32/libc_pic.a(setjmp.os)
                0x00020950                __sigsetjmp
                0x00020950                __GI___sigsetjmp
 *fill*         0x00020985        0xb 
 .text          0x00020990       0x31 /home/saraj/Desktop/glibc_modified/build32/libc_pic.a(__longjmp.os)
                0x00020990                __longjmp
 *fill*         0x000209c1        0xf 
 .text          0x000209d0       0xa2 /home/saraj/Desktop/glibc_modified/build32/libc_pic.a(getenv.os)
                0x000209d0                getenv
                0x000209d0                __GI_getenv
 *fill*         0x00020a72        0xe 
 .text          0x00020a80      0x143 /home/saraj/Desktop/glibc_modified/build32/libc_pic.a(lowlevellock.os)
                0x00020a80                __GI___lll_lock_wait_private
                0x00020a80                __lll_lock_wait_private
                0x00020af0                __lll_lock_wait
                0x00020af0                __GI___lll_lock_wait
                0x00020b70                __lll_lock_wake_private
                0x00020b70                __GI___lll_lock_wake_private
                0x00020ba0                __lll_lock_wake
                0x00020ba0                __GI___lll_lock_wake
 *fill*         0x00020bc3        0xd 
 .text          0x00020bd0       0xb3 /home/saraj/Desktop/glibc_modified/build32/libc_pic.a(scratch_buffer_set_array_size.os)
                0x00020bd0                __libc_scratch_buffer_set_array_size
                0x00020bd0                __GI___libc_scratch_buffer_set_array_size
 *fill*         0x00020c83        0xd 
 .text          0x00020c90       0x34 /home/saraj/Desktop/glibc_modified/build32/libc_pic.a(memchr.os)
                0x00020c90                memchr
                0x00020c90                __memchr
 *fill*         0x00020cc4        0xc 
 .text          0x00020cd0       0x35 /home/saraj/Desktop/glibc_modified/build32/libc_pic.a(memcmp.os)
                0x00020cd0                bcmp
                0x00020cd0                __GI___memcmpeq
                0x00020cd0                __memcmpeq
                0x00020cd0                memcmp
 *fill*         0x00020d05        0xb 
 .text          0x00020d10       0x43 /home/saraj/Desktop/glibc_modified/build32/libc_pic.a(memcpy.os)
                0x00020d10                memcpy
 *fill*         0x00020d53        0xd 
 .text          0x00020d60       0x43 /home/saraj/Desktop/glibc_modified/build32/libc_pic.a(memmove.os)
                0x00020d60                memmove
 *fill*         0x00020da3        0xd 
 .text          0x00020db0       0x43 /home/saraj/Desktop/glibc_modified/build32/libc_pic.a(mempcpy.os)
                0x00020db0                mempcpy
                0x00020db0                __mempcpy
 *fill*         0x00020df3        0xd 
 .text          0x00020e00       0x34 /home/saraj/Desktop/glibc_modified/build32/libc_pic.a(memset.os)
                0x00020e00                memset
 *fill*         0x00020e34        0xc 
 .text          0x00020e40       0x3a /home/saraj/Desktop/glibc_modified/build32/libc_pic.a(stpcpy.os)
                0x00020e40                stpcpy
                0x00020e40                __stpcpy
 *fill*         0x00020e7a        0x6 
 .text          0x00020e80       0x34 /home/saraj/Desktop/glibc_modified/build32/libc_pic.a(strchr.os)
                0x00020e80                index
                0x00020e80                strchr
 *fill*         0x00020eb4        0xc 
 .text          0x00020ec0       0x35 /home/saraj/Desktop/glibc_modified/build32/libc_pic.a(strcmp.os)
                0x00020ec0                strcmp
 *fill*         0x00020ef5        0xb 
 .text          0x00020f00       0x24 /home/saraj/Desktop/glibc_modified/build32/libc_pic.a(strcspn.os)
                0x00020f00                strcspn
 *fill*         0x00020f24        0xc 
 .text          0x00020f30       0x3f /home/saraj/Desktop/glibc_modified/build32/libc_pic.a(strdup.os)
                0x00020f30                __GI___strdup
                0x00020f30                __strdup
                0x00020f30                strdup
 *fill*         0x00020f6f        0x1 
 .text          0x00020f70        0x5 /home/saraj/Desktop/glibc_modified/build32/libc_pic.a(strerrorname_np.os)
                0x00020f70                strerrorname_np
 *fill*         0x00020f75        0xb 
 .text          0x00020f80       0x34 /home/saraj/Desktop/glibc_modified/build32/libc_pic.a(strlen.os)
                0x00020f80                strlen
 *fill*         0x00020fb4        0xc 
 .text          0x00020fc0       0x35 /home/saraj/Desktop/glibc_modified/build32/libc_pic.a(strncmp.os)
                0x00020fc0                strncmp
 *fill*         0x00020ff5        0xb 
 .text          0x00021000       0x24 /home/saraj/Desktop/glibc_modified/build32/libc_pic.a(strnlen.os)
                0x00021000                __strnlen
                0x00021000                strnlen
 .text          0x00021024        0x0 /home/saraj/Desktop/glibc_modified/build32/libc_pic.a(memset-sse2.os)
 .text          0x00021024        0x0 /home/saraj/Desktop/glibc_modified/build32/libc_pic.a(memcpy-ssse3.os)
 .text          0x00021024        0x0 /home/saraj/Desktop/glibc_modified/build32/libc_pic.a(mempcpy-ssse3.os)
 .text          0x00021024        0x0 /home/saraj/Desktop/glibc_modified/build32/libc_pic.a(memmove-ssse3.os)
 .text          0x00021024        0x0 /home/saraj/Desktop/glibc_modified/build32/libc_pic.a(memcpy-ssse3-rep.os)
 .text          0x00021024        0x0 /home/saraj/Desktop/glibc_modified/build32/libc_pic.a(mempcpy-ssse3-rep.os)
 .text          0x00021024        0x0 /home/saraj/Desktop/glibc_modified/build32/libc_pic.a(memmove-ssse3-rep.os)
 .text          0x00021024        0x0 /home/saraj/Desktop/glibc_modified/build32/libc_pic.a(memset-sse2-rep.os)
 .text          0x00021024        0x0 /home/saraj/Desktop/glibc_modified/build32/libc_pic.a(strcmp-ssse3.os)
 .text          0x00021024        0x0 /home/saraj/Desktop/glibc_modified/build32/libc_pic.a(strcmp-sse4.os)
 *fill*         0x00021024        0xc 
 .text          0x00021030      0x2ab /home/saraj/Desktop/glibc_modified/build32/libc_pic.a(strncmp-c.os)
                0x00021030                __GI_strncmp
                0x00021030                __strncmp_ia32
 .text          0x000212db        0x0 /home/saraj/Desktop/glibc_modified/build32/libc_pic.a(strncmp-ssse3.os)
 .text          0x000212db        0x0 /home/saraj/Desktop/glibc_modified/build32/libc_pic.a(strncmp-sse4.os)
 .text          0x000212db        0x0 /home/saraj/Desktop/glibc_modified/build32/libc_pic.a(memcmp-ssse3.os)
 .text          0x000212db        0x0 /home/saraj/Desktop/glibc_modified/build32/libc_pic.a(memcmp-sse4.os)
 .text          0x000212db        0x0 /home/saraj/Desktop/glibc_modified/build32/libc_pic.a(strlen-sse2.os)
 *fill*         0x000212db        0x5 
 .text          0x000212e0       0xc8 /home/saraj/Desktop/glibc_modified/build32/libc_pic.a(strlen-sse2-bsf.os)
                0x000212e0                __strlen_sse2_bsf
 *fill*         0x000213a8        0x8 
 .text          0x000213b0     0x186c /home/saraj/Desktop/glibc_modified/build32/libc_pic.a(stpcpy-ssse3.os)
                0x000213b0                __stpcpy_ssse3
 *fill*         0x00022c1c        0x4 
 .text          0x00022c20      0x606 /home/saraj/Desktop/glibc_modified/build32/libc_pic.a(stpcpy-sse2.os)
                0x00022c20                __stpcpy_sse2
 .text          0x00023226        0x0 /home/saraj/Desktop/glibc_modified/build32/libc_pic.a(strchr-sse2.os)
 *fill*         0x00023226        0xa 
 .text          0x00023230      0x104 /home/saraj/Desktop/glibc_modified/build32/libc_pic.a(strchr-sse2-bsf.os)
                0x00023230                __strchr_sse2_bsf
 .text          0x00023334        0x0 /home/saraj/Desktop/glibc_modified/build32/libc_pic.a(memchr-sse2.os)
 *fill*         0x00023334        0xc 
 .text          0x00023340      0x354 /home/saraj/Desktop/glibc_modified/build32/libc_pic.a(memchr-sse2-bsf.os)
                0x00023340                __memchr_sse2_bsf
 .text          0x00023694        0x0 /home/saraj/Desktop/glibc_modified/build32/libc_pic.a(strnlen-sse2.os)
 *fill*         0x00023694        0xc 
 .text          0x000236a0       0x27 /home/saraj/Desktop/glibc_modified/build32/libc_pic.a(strnlen-c.os)
                0x000236a0                __strnlen_ia32_1
                0x000236a0                __GI___strnlen
                0x000236a0                __GI_strnlen
                0x000236a0                __strnlen_ia32
 .text          0x000236c7        0x0 /home/saraj/Desktop/glibc_modified/build32/libc_pic.a(memcpy-sse2-unaligned.os)
 .text          0x000236c7        0x0 /home/saraj/Desktop/glibc_modified/build32/libc_pic.a(mempcpy-sse2-unaligned.os)
 .text          0x000236c7        0x0 /home/saraj/Desktop/glibc_modified/build32/libc_pic.a(memmove-sse2-unaligned.os)
 .text          0x000236c7        0x0 /home/saraj/Desktop/glibc_modified/build32/libc_pic.a(strcspn-c.os)
 *fill*         0x000236c7        0x9 
 .text          0x000236d0      0x19b /home/saraj/Desktop/glibc_modified/build32/libc_pic.a(memchr-ia32.os)
                0x000236d0                __GI_memchr
                0x000236d0                __memchr_ia32
 *fill*         0x0002386b        0x5 
 .text          0x00023870      0x2d3 /home/saraj/Desktop/glibc_modified/build32/libc_pic.a(memcmp-ia32.os)
                0x00023870                __GI_memcmp
                0x00023870                __memcmp_ia32
 *fill*         0x00023b43        0xd 
 .text          0x00023b50       0x75 /home/saraj/Desktop/glibc_modified/build32/libc_pic.a(memcpy-ia32.os)
                0x00023b50                __memcpy_chk_ia32
                0x00023b60                __GI_memcpy
                0x00023b60                __memcpy_ia32
 *fill*         0x00023bc5        0xb 
 .text          0x00023bd0       0x68 /home/saraj/Desktop/glibc_modified/build32/libc_pic.a(memmove-ia32.os)
                0x00023bd0                __memmove_chk_ia32
                0x00023be0                __memmove_ia32
                0x00023be0                __GI_memmove
 *fill*         0x00023c38        0x8 
 .text          0x00023c40       0x32 /home/saraj/Desktop/glibc_modified/build32/libc_pic.a(mempcpy-ia32.os)
                0x00023c40                __mempcpy_chk_ia32
                0x00023c50                __GI_mempcpy
                0x00023c50                __mempcpy_ia32
                0x00023c50                __GI___mempcpy
 *fill*         0x00023c72        0xe 
 .text          0x00023c80       0x53 /home/saraj/Desktop/glibc_modified/build32/libc_pic.a(memset-ia32.os)
                0x00023c80                __memset_chk_ia32
                0x00023c90                __GI_memset
                0x00023c90                __memset_ia32
 *fill*         0x00023cd3        0xd 
 .text          0x00023ce0      0x1be /home/saraj/Desktop/glibc_modified/build32/libc_pic.a(strchr-ia32.os)
                0x00023ce0                __GI_strchr
                0x00023ce0                __strchr_ia32
 *fill*         0x00023e9e        0x2 
 .text          0x00023ea0       0x25 /home/saraj/Desktop/glibc_modified/build32/libc_pic.a(strcmp-ia32.os)
                0x00023ea0                __strcmp_ia32
                0x00023ea0                __GI_strcmp
 *fill*         0x00023ec5        0xb 
 .text          0x00023ed0       0xae /home/saraj/Desktop/glibc_modified/build32/libc_pic.a(strcspn-ia32.os)
                0x00023ed0                __strcspn_ia32
                0x00023ed0                __GI_strcspn
 *fill*         0x00023f7e        0x2 
 .text          0x00023f80       0xbb /home/saraj/Desktop/glibc_modified/build32/libc_pic.a(strlen-ia32.os)
                0x00023f80                __strlen_ia32
                0x00023f80                __GI_strlen
 *fill*         0x0002403b        0x5 
 .text          0x00024040       0x8b /home/saraj/Desktop/glibc_modified/build32/libc_pic.a(stpcpy-ia32.os)
                0x00024040                __stpcpy_ia32
                0x00024040                __GI_stpcpy
                0x00024040                __GI___stpcpy
 *fill*         0x000240cb        0x5 
 .text          0x000240d0      0x196 /home/saraj/Desktop/glibc_modified/build32/libc_pic.a(cacheinfo.os)
                0x000240d0                __x86_cacheinfo
                0x00024170                __cache_sysconf
 *fill*         0x00024266        0xa 
 .text          0x00024270       0x49 /home/saraj/Desktop/glibc_modified/build32/libc_pic.a(closedir.os)
                0x00024270                __closedir
                0x00024270                closedir
 *fill*         0x000242b9        0x7 
 .text          0x000242c0       0xb9 /home/saraj/Desktop/glibc_modified/build32/libc_pic.a(fdopendir.os)
                0x000242c0                fdopendir
                0x000242c0                __fdopendir
 *fill*         0x00024379        0x7 
 .text          0x00024380       0xda /home/saraj/Desktop/glibc_modified/build32/libc_pic.a(readdir64.os)
                0x00024400                readdir64@@GLIBC_2.2
                0x00024400                __readdir64
                0x00024400                __GI___readdir64
 *fill*         0x0002445a        0x6 
 .text          0x00024460       0x7e /home/saraj/Desktop/glibc_modified/build32/libc_pic.a(rewinddir.os)
                0x00024460                rewinddir
                0x00024460                __rewinddir
                0x00024460                __GI___rewinddir
 *fill*         0x000244de        0x2 
 .text          0x000244e0       0x38 /home/saraj/Desktop/glibc_modified/build32/libc_pic.a(_exit.os)
                0x000244e0                _Exit
                0x000244e0                __GI__exit
                0x000244e0                _exit
 *fill*         0x00024518        0x8 
 .text          0x00024520        0xd /home/saraj/Desktop/glibc_modified/build32/libc_pic.a(getpid.os)
                0x00024520                __getpid
                0x00024520                getpid
                0x00024520                __GI_getpid
                0x00024520                __GI___getpid
 *fill*         0x0002452d        0x3 
 .text          0x00024530       0x20 /home/saraj/Desktop/glibc_modified/build32/libc_pic.a(uname.os)
                0x00024530                uname
                0x00024530                __GI_uname
                0x00024530                __uname
                0x00024530                __GI___uname
 .text          0x00024550        0x0 /home/saraj/Desktop/glibc_modified/build32/libc_pic.a(environ.os)
 .text          0x00024550       0x42 /home/saraj/Desktop/glibc_modified/build32/libc_pic.a(access.os)
                0x00024550                __GI___access
                0x00024550                access
                0x00024550                __access
 *fill*         0x00024592        0xe 
 .text          0x000245a0       0xc4 /home/saraj/Desktop/glibc_modified/build32/libc_pic.a(fstat64.os)
                0x000245a0                __GI___fstat64_time64
                0x000245a0                __fstat64_time64
                0x000245f0                __GI___fstat64
                0x000245f0                fstat64
                0x000245f0                __fstat64
 *fill*         0x00024664        0xc 
 .text          0x00024670      0x3b8 /home/saraj/Desktop/glibc_modified/build32/libc_pic.a(fstatat64.os)
                0x00024670                __fstatat64_time64
                0x00024670                __GI___fstatat64_time64
                0x000249e0                fstatat64
                0x000249e0                __fstatat64
                0x000249e0                __GI___fstatat64
 *fill*         0x00024a28        0x8 
 .text          0x00024a30       0x9a /home/saraj/Desktop/glibc_modified/build32/libc_pic.a(lseek.os)
                0x00024a30                __GI___lseek
                0x00024a30                lseek
                0x00024a30                __lseek
                0x00024a30                __libc_lseek
 *fill*         0x00024aca        0x6 
 .text          0x00024ad0       0x68 /home/saraj/Desktop/glibc_modified/build32/libc_pic.a(lstat64.os)
                0x00024ad0                __GI___lstat64_time64
                0x00024ad0                __lstat64_time64
                0x00024af0                __lstat64
                0x00024af0                lstat64
                0x00024af0                __GI___lstat64
 *fill*         0x00024b38        0x8 
 .text          0x00024b40       0x46 /home/saraj/Desktop/glibc_modified/build32/libc_pic.a(openat64.os)
                0x00024b40                __openat64
                0x00024b40                __GI___openat64
                0x00024b40                __libc_openat64
 *fill*         0x00024b86        0xa 
 .text          0x00024b90       0x60 /home/saraj/Desktop/glibc_modified/build32/libc_pic.a(stat64.os)
                0x00024b90                __stat64_time64
                0x00024b90                __GI___stat64_time64
                0x00024bb0                stat64
                0x00024bb0                __stat64
                0x00024bb0                __GI___stat64
 .text          0x00024bf0       0x3a /home/saraj/Desktop/glibc_modified/build32/libc_pic.a(close_nocancel.os)
                0x00024bf0                __GI___close_nocancel
                0x00024bf0                __close_nocancel
 *fill*         0x00024c2a        0x6 
 .text          0x00024c30       0x13 /home/saraj/Desktop/glibc_modified/build32/libc_pic.a(close_nocancel_nostatus.os)
                0x00024c30                __GI___close_nocancel_nostatus
                0x00024c30                __close_nocancel_nostatus
 *fill*         0x00024c43        0xd 
 .text          0x00024c50      0x116 /home/saraj/Desktop/glibc_modified/build32/libc_pic.a(fcntl_nocancel.os)
                0x00024c50                __fcntl64_nocancel
                0x00024c50                __GI___fcntl64_nocancel
                0x00024ce0                __fcntl64_nocancel_adjusted
 *fill*         0x00024d66        0xa 
 .text          0x00024d70       0x74 /home/saraj/Desktop/glibc_modified/build32/libc_pic.a(open64_nocancel.os)
                0x00024d70                __GI___open64_nocancel
                0x00024d70                __open64_nocancel
 *fill*         0x00024de4        0xc 
 .text          0x00024df0       0x74 /home/saraj/Desktop/glibc_modified/build32/libc_pic.a(open_nocancel.os)
                0x00024df0                __GI___open_nocancel
                0x00024df0                __open_nocancel
 *fill*         0x00024e64        0xc 
 .text          0x00024e70       0x55 /home/saraj/Desktop/glibc_modified/build32/libc_pic.a(pread64_nocancel.os)
                0x00024e70                __GI___pread64_nocancel
                0x00024e70                __pread64_nocancel
 *fill*         0x00024ec5        0xb 
 .text          0x00024ed0       0x43 /home/saraj/Desktop/glibc_modified/build32/libc_pic.a(read_nocancel.os)
                0x00024ed0                __read_nocancel
                0x00024ed0                __GI___read_nocancel
 *fill*         0x00024f13        0xd 
 .text          0x00024f20      0x11c /home/saraj/Desktop/glibc_modified/build32/libc_pic.a(stat_t64_cp.os)
                0x00024f20                __cp_stat64_t64_stat64
 *fill*         0x0002503c        0x4 
 .text          0x00025040       0x43 /home/saraj/Desktop/glibc_modified/build32/libc_pic.a(write_nocancel.os)
                0x00025040                __GI___write_nocancel
                0x00025040                __write_nocancel
 *fill*         0x00025083        0xd 
 .text          0x00025090       0xa2 /home/saraj/Desktop/glibc_modified/build32/libc_pic.a(atomic_wide_counter.os)
                0x00025090                __atomic_wide_counter_fetch_add_relaxed
                0x000250e0                __atomic_wide_counter_load_relaxed
 *fill*         0x00025132        0xe 
 .text          0x00025140       0x6c /home/saraj/Desktop/glibc_modified/build32/libc_pic.a(fd_to_filename.os)
                0x00025140                __fd_to_filename
 *fill*         0x000251ac        0x4 
 .text          0x000251b0       0x92 /home/saraj/Desktop/glibc_modified/build32/libc_pic.a(mmap.os)
                0x000251b0                __GI___mmap
                0x000251b0                __mmap
                0x000251b0                mmap
 *fill*         0x00025242        0xe 
 .text          0x00025250       0x26 /home/saraj/Desktop/glibc_modified/build32/libc_pic.a(mprotect.os)
                0x00025250                __mprotect
                0x00025250                __GI___mprotect
                0x00025250                __GI_mprotect
                0x00025250                mprotect
 *fill*         0x00025276        0xa 
 .text          0x00025280       0x24 /home/saraj/Desktop/glibc_modified/build32/libc_pic.a(munmap.os)
                0x00025280                munmap
                0x00025280                __GI___munmap
                0x00025280                __GI_munmap
                0x00025280                __munmap
 *fill*         0x000252a4        0xc 
 .text          0x000252b0       0xd2 /home/saraj/Desktop/glibc_modified/build32/libc_pic.a(setvmaname.os)
                0x000252b0                __is_decorate_maps_enabled
                0x00025320                __set_vma_name
 *fill*         0x00025382        0xe 
 .text          0x00025390       0x14 /home/saraj/Desktop/glibc_modified/build32/libc_pic.a(prof-freq.os)
                0x00025390                __GI___profile_frequency
                0x00025390                __profile_frequency
 *fill*         0x000253a4        0xc 
 .text          0x000253b0      0x20a /home/saraj/Desktop/glibc_modified/build32/libc_pic.a(profil.os)
                0x000253f0                __profil
                0x000253f0                profil
 *fill*         0x000255ba        0x6 
 .text          0x000255c0       0x5c /home/saraj/Desktop/glibc_modified/build32/libc_pic.a(dl-addr-obj.os)
                0x000255c0                _dl_addr_inside_object
 *fill*         0x0002561c        0x4 
 .text          0x00025620       0x1c /home/saraj/Desktop/glibc_modified/build32/libc_pic.a(sysdep.os)
                0x00025620                __syscall_error
 *fill*         0x0002563c        0x4 
 .text          0x00025640      0x192 /home/saraj/Desktop/glibc_modified/build32/libc_pic.a(libc_sigaction.os)
                0x00025650                __libc_sigaction
                0x00025650                __GI___libc_sigaction
 *fill*         0x000257d2        0xe 
 .text          0x000257e0      0x139 /home/saraj/Desktop/glibc_modified/build32/libc_pic.a(_fitoa_word.os)
                0x000257e0                _itoa_word
                0x000258c0                _fitoa_word
 .text          0x00025919        0x0 /home/saraj/Desktop/glibc_modified/build32/libc_pic.a(itoa-udigits.os)
 *fill*         0x00025919        0x7 
 .text          0x00025920       0x33 /home/saraj/Desktop/glibc_modified/build32/libc_pic.a(errname.os)
                0x00025920                __get_errname
 .text          0x00025953        0x0 /home/saraj/Desktop/glibc_modified/build32/libc_pic.a(varshift.os)
 *fill*         0x00025953        0xd 
 .text          0x00025960      0x1da /home/saraj/Desktop/glibc_modified/build32/libc_pic.a(setitimer.os)
                0x00025960                __GI___setitimer64
                0x00025960                __setitimer64
                0x00025a90                setitimer
                0x00025a90                __setitimer
 *fill*         0x00025b3a        0x6 
 .text          0x00025b40       0x53 /home/saraj/Desktop/glibc_modified/build32/libc_pic.a(getdents64.os)
                0x00025b40                __GI___getdents64
                0x00025b40                getdents64
                0x00025b40                __getdents64
 *fill*         0x00025b93        0xd 
 .text          0x00025ba0       0x16 /home/saraj/Desktop/glibc_modified/build32/libc_pic.a(libc-do-syscall.os)
                0x00025ba0                __libc_do_syscall
 *fill*         0x00025bb6        0xa 
 .text          0x00025bc0      0x1c2 /usr/lib/gcc/x86_64-linux-gnu/12/32/libgcc.a(_udivmoddi4.o)
                0x00025bc0                __udivmoddi4
 *(.gnu.warning)

.text.unlikely  0x00000000     0x100e
 .text.unlikely
                0x00000000     0x100e /home/saraj/Desktop/glibc_modified/build32/elf/dl-allobjs.os
                0x000009a2                __GI___assert_fail
                0x000009a2                __assert_fail
                0x00000a1e                __GI___assert_perror_fail
                0x00000a1e                __assert_perror_fail

.text.__x86.get_pc_thunk.di
                0x00000000        0x4
 .text.__x86.get_pc_thunk.di
                0x00000000        0x4 /home/saraj/Desktop/glibc_modified/build32/elf/dl-allobjs.os
                0x00000000                __x86.get_pc_thunk.di

.text.__x86.get_pc_thunk.ax
                0x00000000        0x4
 .text.__x86.get_pc_thunk.ax
                0x00000000        0x4 /home/saraj/Desktop/glibc_modified/build32/elf/dl-allobjs.os
                0x00000000                __x86.get_pc_thunk.ax

.text.__x86.get_pc_thunk.dx
                0x00000000        0x4
 .text.__x86.get_pc_thunk.dx
                0x00000000        0x4 /home/saraj/Desktop/glibc_modified/build32/elf/dl-allobjs.os
                0x00000000                __x86.get_pc_thunk.dx

.text.__x86.get_pc_thunk.bx
                0x00000000        0x4
 .text.__x86.get_pc_thunk.bx
                0x00000000        0x4 /home/saraj/Desktop/glibc_modified/build32/elf/dl-allobjs.os
                0x00000000                __x86.get_pc_thunk.bx

.text.__x86.get_pc_thunk.cx
                0x00000000        0x4
 .text.__x86.get_pc_thunk.cx
                0x00000000        0x4 /home/saraj/Desktop/glibc_modified/build32/elf/dl-allobjs.os
                0x00000000                __x86.get_pc_thunk.cx

.text.__x86.get_pc_thunk.si
                0x00000000        0x4
 .text.__x86.get_pc_thunk.si
                0x00000000        0x4 /home/saraj/Desktop/glibc_modified/build32/elf/dl-allobjs.os
                0x00000000                __x86.get_pc_thunk.si

.text.__x86.get_pc_thunk.bp
                0x00000000        0x4
 .text.__x86.get_pc_thunk.bp
                0x00000000        0x4 /home/saraj/Desktop/glibc_modified/build32/elf/dl-allobjs.os
                0x00000000                __x86.get_pc_thunk.bp

.text.compat    0x00000000      0x146
 .text.compat   0x00000000        0x1 /home/saraj/Desktop/glibc_modified/build32/elf/dl-allobjs.os
                0x00000000                __rtld_version_placeholder_1
                0x00000000                __rtld_version_placeholder@GLIBC_2.34
 *fill*         0x00000001        0xf 
 .text.compat   0x00000010      0x136 /home/saraj/Desktop/glibc_modified/build32/libc_pic.a(readdir64.os)
                0x00000010                readdir64@GLIBC_2.1
                0x00000010                __old_readdir64
                0x00000010                __GI___old_readdir64

.text.sse2      0x00000000     0x19f2
 .text.sse2     0x00000000      0x678 /home/saraj/Desktop/glibc_modified/build32/libc_pic.a(memset-sse2.os)
                0x00000000                __memset_chk_sse2
                0x00000010                __memset_sse2
 *fill*         0x00000678        0x8 
 .text.sse2     0x00000680      0x588 /home/saraj/Desktop/glibc_modified/build32/libc_pic.a(memset-sse2-rep.os)
                0x00000680                __memset_chk_sse2_rep
                0x00000690                __memset_sse2_rep
 *fill*         0x00000c08        0x8 
 .text.sse2     0x00000c10      0x312 /home/saraj/Desktop/glibc_modified/build32/libc_pic.a(memcpy-sse2-unaligned.os)
                0x00000c10                __memcpy_chk_sse2_unaligned
                0x00000c20                __memcpy_sse2_unaligned
 *fill*         0x00000f22        0xe 
 .text.sse2     0x00000f30      0x318 /home/saraj/Desktop/glibc_modified/build32/libc_pic.a(mempcpy-sse2-unaligned.os)
                0x00000f30                __mempcpy_chk_sse2_unaligned
                0x00000f40                __mempcpy_sse2_unaligned
 *fill*         0x00001248        0x8 
 .text.sse2     0x00001250      0x7a2 /home/saraj/Desktop/glibc_modified/build32/libc_pic.a(memmove-sse2-unaligned.os)
                0x00001250                __memmove_chk_sse2_unaligned
                0x00001260                __memmove_sse2_unaligned

.text.ssse3     0x00000000     0xc191
 .text.ssse3    0x00000000     0x1ff5 /home/saraj/Desktop/glibc_modified/build32/libc_pic.a(memcpy-ssse3.os)
                0x00000000                __memcpy_chk_ssse3
                0x00000010                __memcpy_ssse3
 *fill*         0x00001ff5        0xb 
 .text.ssse3    0x00002000     0x1fdb /home/saraj/Desktop/glibc_modified/build32/libc_pic.a(mempcpy-ssse3.os)
                0x00002000                __mempcpy_chk_ssse3
                0x00002010                __mempcpy_ssse3
 *fill*         0x00003fdb        0x5 
 .text.ssse3    0x00003fe0     0x2259 /home/saraj/Desktop/glibc_modified/build32/libc_pic.a(memmove-ssse3.os)
                0x00003fe0                __memmove_chk_ssse3
                0x00003ff0                __memmove_ssse3
 *fill*         0x00006239        0x7 
 .text.ssse3    0x00006240      0xfd5 /home/saraj/Desktop/glibc_modified/build32/libc_pic.a(memcpy-ssse3-rep.os)
                0x00006240                __memcpy_chk_ssse3_rep
                0x00006250                __memcpy_ssse3_rep
 *fill*         0x00007215        0xb 
 .text.ssse3    0x00007220      0xfeb /home/saraj/Desktop/glibc_modified/build32/libc_pic.a(mempcpy-ssse3-rep.os)
                0x00007220                __mempcpy_chk_ssse3_rep
                0x00007230                __mempcpy_ssse3_rep
 *fill*         0x0000820b        0x5 
 .text.ssse3    0x00008210     0x1121 /home/saraj/Desktop/glibc_modified/build32/libc_pic.a(memmove-ssse3-rep.os)
                0x00008210                __memmove_chk_ssse3_rep
                0x00008220                __memmove_ssse3_rep
 *fill*         0x00009331        0xf 
 .text.ssse3    0x00009340     0x146d /home/saraj/Desktop/glibc_modified/build32/libc_pic.a(strcmp-ssse3.os)
                0x00009340                __strcmp_ssse3
 *fill*         0x0000a7ad        0x3 
 .text.ssse3    0x0000a7b0     0x19e1 /home/saraj/Desktop/glibc_modified/build32/libc_pic.a(strncmp-ssse3.os)
                0x0000a7b0                __strncmp_ssse3

.text.sse4.2    0x00000000     0x1291
 .text.sse4.2   0x00000000      0x28b /home/saraj/Desktop/glibc_modified/build32/libc_pic.a(strcmp-sse4.os)
                0x00000000                __strcmp_sse4_2
 *fill*         0x0000028b        0x5 
 .text.sse4.2   0x00000290      0x338 /home/saraj/Desktop/glibc_modified/build32/libc_pic.a(strncmp-sse4.os)
                0x00000290                __strncmp_sse4_2
 *fill*         0x000005c8        0x8 
 .text.sse4.2   0x000005d0      0xb81 /home/saraj/Desktop/glibc_modified/build32/libc_pic.a(memcmp-sse4.os)
                0x000005d0                __memcmp_sse4_2
 *fill*         0x00001151        0xf 
 .text.sse4.2   0x00001160      0x131 /home/saraj/Desktop/glibc_modified/build32/libc_pic.a(strcspn-c.os)
                0x00001160                __strcspn_sse42

.text.atom      0x00000000     0x2a0b
 .text.atom     0x00000000     0x16ab /home/saraj/Desktop/glibc_modified/build32/libc_pic.a(memcmp-ssse3.os)
                0x00000000                __memcmp_ssse3
 *fill*         0x000016ab        0x5 
 .text.atom     0x000016b0      0x31c /home/saraj/Desktop/glibc_modified/build32/libc_pic.a(strlen-sse2.os)
                0x000016b0                __strlen_sse2
 *fill*         0x000019cc        0x4 
 .text.atom     0x000019d0      0x3d4 /home/saraj/Desktop/glibc_modified/build32/libc_pic.a(strchr-sse2.os)
                0x000019d0                __strchr_sse2
 *fill*         0x00001da4        0xc 
 .text.atom     0x00001db0      0x564 /home/saraj/Desktop/glibc_modified/build32/libc_pic.a(memchr-sse2.os)
                0x00001db0                __memchr_sse2
 *fill*         0x00002314        0xc 
 .text.atom     0x00002320      0x6eb /home/saraj/Desktop/glibc_modified/build32/libc_pic.a(strnlen-sse2.os)
                0x00002320                __strnlen_sse2

.fini
 *(SORT_NONE(.fini))

.rodata         0x00000000     0x1d5f
 *(.rodata)
 .rodata        0x00000000     0x16f2 /home/saraj/Desktop/glibc_modified/build32/elf/dl-allobjs.os
 *fill*         0x000016f2        0x2 
 .rodata        0x000016f4       0x80 /home/saraj/Desktop/glibc_modified/build32/libc_pic.a(memcmp-ia32.os)
 .rodata        0x00001774       0x34 /home/saraj/Desktop/glibc_modified/build32/libc_pic.a(cacheinfo.os)
 *fill*         0x000017a8       0x18 
 .rodata        0x000017c0      0x575 /home/saraj/Desktop/glibc_modified/build32/libc_pic.a(errname.os)
 *fill*         0x00001d35        0xb 
 .rodata        0x00001d40       0x1f /home/saraj/Desktop/glibc_modified/build32/libc_pic.a(varshift.os)
                0x00001d40                ___m128i_shift_right

.rodata.str1.1  0x00000000     0x1935
 .rodata.str1.1
                0x00000000     0x18ff /home/saraj/Desktop/glibc_modified/build32/elf/dl-allobjs.os
                0x00000f95                _dl_hwcaps_subdirs
 .rodata.str1.1
                0x000018ff       0x14 /home/saraj/Desktop/glibc_modified/build32/libc_pic.a(check_fds.os)
 .rodata.str1.1
                0x00001913        0x1 /home/saraj/Desktop/glibc_modified/build32/libc_pic.a(fstat64.os)
 .rodata.str1.1
                0x00001914       0x21 /home/saraj/Desktop/glibc_modified/build32/libc_pic.a(fd_to_filename.os)

.rodata.str1.4  0x00000000     0x31b1
 .rodata.str1.4
                0x00000000     0x3165 /home/saraj/Desktop/glibc_modified/build32/elf/dl-allobjs.os
                0x00001d74                __GI__itoa_lower_digits
                0x00001d74                _itoa_lower_digits
 *fill*         0x00003165        0x3 
 .rodata.str1.4
                0x00003168       0x37 /home/saraj/Desktop/glibc_modified/build32/libc_pic.a(lowlevellock.os)
 *fill*         0x0000319f        0x1 
 .rodata.str1.4
                0x000031a0       0x11 /home/saraj/Desktop/glibc_modified/build32/libc_pic.a(fd_to_filename.os)

.rodata.str1.32
                0x00000000       0xc5
 .rodata.str1.32
                0x00000000       0x9b /home/saraj/Desktop/glibc_modified/build32/elf/dl-allobjs.os
 *fill*         0x0000009b        0x5 
 .rodata.str1.32
                0x000000a0       0x25 /home/saraj/Desktop/glibc_modified/build32/libc_pic.a(itoa-udigits.os)
                0x000000a0                __GI__itoa_upper_digits
                0x000000a0                _itoa_upper_digits

.rodata.cst4    0x00000000        0x8
 .rodata.cst4   0x00000000        0x8 /home/saraj/Desktop/glibc_modified/build32/elf/dl-allobjs.os
                0x00000004                __rseq_flags

.rodata.cst2    0x00000000        0x6
 .rodata.cst2   0x00000000        0x6 /home/saraj/Desktop/glibc_modified/build32/elf/dl-allobjs.os

.rodata.sse2    0x00000000      0x500
 .rodata.sse2   0x00000000      0x280 /home/saraj/Desktop/glibc_modified/build32/libc_pic.a(memset-sse2.os)
 .rodata.sse2   0x00000280      0x280 /home/saraj/Desktop/glibc_modified/build32/libc_pic.a(memset-sse2-rep.os)

.rodata.ssse3   0x00000000      0xcc0
 .rodata.ssse3  0x00000000      0x280 /home/saraj/Desktop/glibc_modified/build32/libc_pic.a(memcpy-ssse3.os)
 .rodata.ssse3  0x00000280      0x280 /home/saraj/Desktop/glibc_modified/build32/libc_pic.a(mempcpy-ssse3.os)
 .rodata.ssse3  0x00000500      0x280 /home/saraj/Desktop/glibc_modified/build32/libc_pic.a(memmove-ssse3.os)
 .rodata.ssse3  0x00000780      0x1c0 /home/saraj/Desktop/glibc_modified/build32/libc_pic.a(memcpy-ssse3-rep.os)
 .rodata.ssse3  0x00000940      0x1c0 /home/saraj/Desktop/glibc_modified/build32/libc_pic.a(mempcpy-ssse3-rep.os)
 .rodata.ssse3  0x00000b00      0x1c0 /home/saraj/Desktop/glibc_modified/build32/libc_pic.a(memmove-ssse3-rep.os)

.rodata.sse4.2  0x00000000      0x104
 .rodata.sse4.2
                0x00000000      0x104 /home/saraj/Desktop/glibc_modified/build32/libc_pic.a(memcmp-sse4.os)

.rodata1
 *(.rodata1)

.eh_frame_hdr
 *(.eh_frame_hdr)

.eh_frame       0x00000000     0xa6ec
 *(.eh_frame)
 .eh_frame      0x00000000     0x6dcc /home/saraj/Desktop/glibc_modified/build32/elf/dl-allobjs.os
 .eh_frame      0x00006dcc       0x98 /home/saraj/Desktop/glibc_modified/build32/libc_pic.a(check_fds.os)
                                 0xac (size before relaxing)
 .eh_frame      0x00006e64      0x154 /home/saraj/Desktop/glibc_modified/build32/libc_pic.a(divdi3.os)
 .eh_frame      0x00006fb8       0x2c /home/saraj/Desktop/glibc_modified/build32/libc_pic.a(setjmp.os)
 .eh_frame      0x00006fe4       0x44 /home/saraj/Desktop/glibc_modified/build32/libc_pic.a(__longjmp.os)
 .eh_frame      0x00007028       0x84 /home/saraj/Desktop/glibc_modified/build32/libc_pic.a(getenv.os)
                                 0x98 (size before relaxing)
 .eh_frame      0x000070ac       0xd0 /home/saraj/Desktop/glibc_modified/build32/libc_pic.a(lowlevellock.os)
                                 0xe4 (size before relaxing)
 .eh_frame      0x0000717c       0x74 /home/saraj/Desktop/glibc_modified/build32/libc_pic.a(scratch_buffer_set_array_size.os)
                                 0x88 (size before relaxing)
 .eh_frame      0x000071f0       0x2c /home/saraj/Desktop/glibc_modified/build32/libc_pic.a(memchr.os)
                                 0x40 (size before relaxing)
 .eh_frame      0x0000721c       0x2c /home/saraj/Desktop/glibc_modified/build32/libc_pic.a(memcmp.os)
                                 0x40 (size before relaxing)
 .eh_frame      0x00007248       0x34 /home/saraj/Desktop/glibc_modified/build32/libc_pic.a(memcpy.os)
                                 0x48 (size before relaxing)
 .eh_frame      0x0000727c       0x34 /home/saraj/Desktop/glibc_modified/build32/libc_pic.a(memmove.os)
                                 0x48 (size before relaxing)
 .eh_frame      0x000072b0       0x34 /home/saraj/Desktop/glibc_modified/build32/libc_pic.a(mempcpy.os)
                                 0x48 (size before relaxing)
 .eh_frame      0x000072e4       0x2c /home/saraj/Desktop/glibc_modified/build32/libc_pic.a(memset.os)
                                 0x40 (size before relaxing)
 .eh_frame      0x00007310       0x2c /home/saraj/Desktop/glibc_modified/build32/libc_pic.a(stpcpy.os)
                                 0x40 (size before relaxing)
 .eh_frame      0x0000733c       0x2c /home/saraj/Desktop/glibc_modified/build32/libc_pic.a(strchr.os)
                                 0x40 (size before relaxing)
 .eh_frame      0x00007368       0x2c /home/saraj/Desktop/glibc_modified/build32/libc_pic.a(strcmp.os)
                                 0x40 (size before relaxing)
 .eh_frame      0x00007394       0x2c /home/saraj/Desktop/glibc_modified/build32/libc_pic.a(strcspn.os)
                                 0x40 (size before relaxing)
 .eh_frame      0x000073c0       0x5c /home/saraj/Desktop/glibc_modified/build32/libc_pic.a(strdup.os)
                                 0x70 (size before relaxing)
 .eh_frame      0x0000741c       0x2c /home/saraj/Desktop/glibc_modified/build32/libc_pic.a(strerrorname_np.os)
 .eh_frame      0x00007448       0x2c /home/saraj/Desktop/glibc_modified/build32/libc_pic.a(strlen.os)
                                 0x40 (size before relaxing)
 .eh_frame      0x00007474       0x2c /home/saraj/Desktop/glibc_modified/build32/libc_pic.a(strncmp.os)
                                 0x40 (size before relaxing)
 .eh_frame      0x000074a0       0x2c /home/saraj/Desktop/glibc_modified/build32/libc_pic.a(strnlen.os)
                                 0x40 (size before relaxing)
 .eh_frame      0x000074cc       0xfc /home/saraj/Desktop/glibc_modified/build32/libc_pic.a(memset-sse2.os)
 .eh_frame      0x000075c8      0x2cc /home/saraj/Desktop/glibc_modified/build32/libc_pic.a(memcpy-ssse3.os)
 .eh_frame      0x00007894      0x2c8 /home/saraj/Desktop/glibc_modified/build32/libc_pic.a(mempcpy-ssse3.os)
 .eh_frame      0x00007b5c      0x2d8 /home/saraj/Desktop/glibc_modified/build32/libc_pic.a(memmove-ssse3.os)
 .eh_frame      0x00007e34      0x194 /home/saraj/Desktop/glibc_modified/build32/libc_pic.a(memcpy-ssse3-rep.os)
 .eh_frame      0x00007fc8      0x194 /home/saraj/Desktop/glibc_modified/build32/libc_pic.a(mempcpy-ssse3-rep.os)
 .eh_frame      0x0000815c      0x1a4 /home/saraj/Desktop/glibc_modified/build32/libc_pic.a(memmove-ssse3-rep.os)
 .eh_frame      0x00008300      0x114 /home/saraj/Desktop/glibc_modified/build32/libc_pic.a(memset-sse2-rep.os)
 .eh_frame      0x00008414       0x48 /home/saraj/Desktop/glibc_modified/build32/libc_pic.a(strcmp-ssse3.os)
 .eh_frame      0x0000845c       0x40 /home/saraj/Desktop/glibc_modified/build32/libc_pic.a(strcmp-sse4.os)
 .eh_frame      0x0000849c       0x58 /home/saraj/Desktop/glibc_modified/build32/libc_pic.a(strncmp-c.os)
 .eh_frame      0x000084f4       0xc4 /home/saraj/Desktop/glibc_modified/build32/libc_pic.a(strncmp-ssse3.os)
 .eh_frame      0x000085b8       0x64 /home/saraj/Desktop/glibc_modified/build32/libc_pic.a(strncmp-sse4.os)
 .eh_frame      0x0000861c      0x27c /home/saraj/Desktop/glibc_modified/build32/libc_pic.a(memcmp-ssse3.os)
 .eh_frame      0x00008898       0xf8 /home/saraj/Desktop/glibc_modified/build32/libc_pic.a(memcmp-sse4.os)
 .eh_frame      0x00008990       0x2c /home/saraj/Desktop/glibc_modified/build32/libc_pic.a(strlen-sse2.os)
 .eh_frame      0x000089bc       0x60 /home/saraj/Desktop/glibc_modified/build32/libc_pic.a(strlen-sse2-bsf.os)
 .eh_frame      0x00008a1c       0xd0 /home/saraj/Desktop/glibc_modified/build32/libc_pic.a(stpcpy-ssse3.os)
 .eh_frame      0x00008aec       0xd0 /home/saraj/Desktop/glibc_modified/build32/libc_pic.a(stpcpy-sse2.os)
 .eh_frame      0x00008bbc       0xf4 /home/saraj/Desktop/glibc_modified/build32/libc_pic.a(strchr-sse2.os)
 .eh_frame      0x00008cb0       0x4c /home/saraj/Desktop/glibc_modified/build32/libc_pic.a(strchr-sse2-bsf.os)
 .eh_frame      0x00008cfc      0x164 /home/saraj/Desktop/glibc_modified/build32/libc_pic.a(memchr-sse2.os)
 .eh_frame      0x00008e60       0xb0 /home/saraj/Desktop/glibc_modified/build32/libc_pic.a(memchr-sse2-bsf.os)
 .eh_frame      0x00008f10      0x174 /home/saraj/Desktop/glibc_modified/build32/libc_pic.a(strnlen-sse2.os)
 .eh_frame      0x00009084       0x4c /home/saraj/Desktop/glibc_modified/build32/libc_pic.a(strnlen-c.os)
 .eh_frame      0x000090d0       0x50 /home/saraj/Desktop/glibc_modified/build32/libc_pic.a(memcpy-sse2-unaligned.os)
 .eh_frame      0x00009120       0x50 /home/saraj/Desktop/glibc_modified/build32/libc_pic.a(mempcpy-sse2-unaligned.os)
 .eh_frame      0x00009170       0xb0 /home/saraj/Desktop/glibc_modified/build32/libc_pic.a(memmove-sse2-unaligned.os)
 .eh_frame      0x00009220       0x74 /home/saraj/Desktop/glibc_modified/build32/libc_pic.a(strcspn-c.os)
                                 0x88 (size before relaxing)
 .eh_frame      0x00009294       0x40 /home/saraj/Desktop/glibc_modified/build32/libc_pic.a(memchr-ia32.os)
 .eh_frame      0x000092d4       0x90 /home/saraj/Desktop/glibc_modified/build32/libc_pic.a(memcmp-ia32.os)
 .eh_frame      0x00009364       0x40 /home/saraj/Desktop/glibc_modified/build32/libc_pic.a(memcpy-ia32.os)
 .eh_frame      0x000093a4       0x5c /home/saraj/Desktop/glibc_modified/build32/libc_pic.a(memmove-ia32.os)
 .eh_frame      0x00009400       0x4c /home/saraj/Desktop/glibc_modified/build32/libc_pic.a(mempcpy-ia32.os)
 .eh_frame      0x0000944c       0x48 /home/saraj/Desktop/glibc_modified/build32/libc_pic.a(memset-ia32.os)
 .eh_frame      0x00009494       0x68 /home/saraj/Desktop/glibc_modified/build32/libc_pic.a(strchr-ia32.os)
 .eh_frame      0x000094fc       0x2c /home/saraj/Desktop/glibc_modified/build32/libc_pic.a(strcmp-ia32.os)
 .eh_frame      0x00009528      0x110 /home/saraj/Desktop/glibc_modified/build32/libc_pic.a(strcspn-ia32.os)
 .eh_frame      0x00009638       0x2c /home/saraj/Desktop/glibc_modified/build32/libc_pic.a(strlen-ia32.os)
 .eh_frame      0x00009664       0x48 /home/saraj/Desktop/glibc_modified/build32/libc_pic.a(stpcpy-ia32.os)
 .eh_frame      0x000096ac       0x48 /home/saraj/Desktop/glibc_modified/build32/libc_pic.a(cacheinfo.os)
                                 0x70 (size before relaxing)
 .eh_frame      0x000096f4       0x5c /home/saraj/Desktop/glibc_modified/build32/libc_pic.a(closedir.os)
                                 0x70 (size before relaxing)
 .eh_frame      0x00009750       0x80 /home/saraj/Desktop/glibc_modified/build32/libc_pic.a(fdopendir.os)
                                 0x94 (size before relaxing)
 .eh_frame      0x000097d0      0x130 /home/saraj/Desktop/glibc_modified/build32/libc_pic.a(readdir64.os)
                                0x158 (size before relaxing)
 .eh_frame      0x00009900       0x68 /home/saraj/Desktop/glibc_modified/build32/libc_pic.a(rewinddir.os)
 .eh_frame      0x00009968       0x30 /home/saraj/Desktop/glibc_modified/build32/libc_pic.a(_exit.os)
                                 0x44 (size before relaxing)
 .eh_frame      0x00009998       0x2c /home/saraj/Desktop/glibc_modified/build32/libc_pic.a(getpid.os)
 .eh_frame      0x000099c4       0x2c /home/saraj/Desktop/glibc_modified/build32/libc_pic.a(uname.os)
 .eh_frame      0x000099f0       0x3c /home/saraj/Desktop/glibc_modified/build32/libc_pic.a(access.os)
                                 0x50 (size before relaxing)
 .eh_frame      0x00009a2c       0x98 /home/saraj/Desktop/glibc_modified/build32/libc_pic.a(fstat64.os)
                                 0xac (size before relaxing)
 .eh_frame      0x00009ac4       0xac /home/saraj/Desktop/glibc_modified/build32/libc_pic.a(fstatat64.os)
                                 0xc0 (size before relaxing)
 .eh_frame      0x00009b70       0x6c /home/saraj/Desktop/glibc_modified/build32/libc_pic.a(lseek.os)
                                 0x80 (size before relaxing)
 .eh_frame      0x00009bdc       0x8c /home/saraj/Desktop/glibc_modified/build32/libc_pic.a(lstat64.os)
 .eh_frame      0x00009c68       0x4c /home/saraj/Desktop/glibc_modified/build32/libc_pic.a(openat64.os)
 .eh_frame      0x00009cb4       0x8c /home/saraj/Desktop/glibc_modified/build32/libc_pic.a(stat64.os)
 .eh_frame      0x00009d40       0x3c /home/saraj/Desktop/glibc_modified/build32/libc_pic.a(close_nocancel.os)
                                 0x50 (size before relaxing)
 .eh_frame      0x00009d7c       0x34 /home/saraj/Desktop/glibc_modified/build32/libc_pic.a(close_nocancel_nostatus.os)
 .eh_frame      0x00009db0       0x88 /home/saraj/Desktop/glibc_modified/build32/libc_pic.a(fcntl_nocancel.os)
                                 0x9c (size before relaxing)
 .eh_frame      0x00009e38       0x54 /home/saraj/Desktop/glibc_modified/build32/libc_pic.a(open64_nocancel.os)
                                 0x68 (size before relaxing)
 .eh_frame      0x00009e8c       0x54 /home/saraj/Desktop/glibc_modified/build32/libc_pic.a(open_nocancel.os)
                                 0x68 (size before relaxing)
 .eh_frame      0x00009ee0       0x60 /home/saraj/Desktop/glibc_modified/build32/libc_pic.a(pread64_nocancel.os)
                                 0x74 (size before relaxing)
 .eh_frame      0x00009f40       0x48 /home/saraj/Desktop/glibc_modified/build32/libc_pic.a(read_nocancel.os)
                                 0x5c (size before relaxing)
 .eh_frame      0x00009f88       0x54 /home/saraj/Desktop/glibc_modified/build32/libc_pic.a(stat_t64_cp.os)
                                 0x68 (size before relaxing)
 .eh_frame      0x00009fdc       0x48 /home/saraj/Desktop/glibc_modified/build32/libc_pic.a(write_nocancel.os)
                                 0x5c (size before relaxing)
 .eh_frame      0x0000a024       0x98 /home/saraj/Desktop/glibc_modified/build32/libc_pic.a(atomic_wide_counter.os)
 .eh_frame      0x0000a0bc       0x58 /home/saraj/Desktop/glibc_modified/build32/libc_pic.a(fd_to_filename.os)
                                 0x6c (size before relaxing)
 .eh_frame      0x0000a114       0x60 /home/saraj/Desktop/glibc_modified/build32/libc_pic.a(mmap.os)
                                 0x74 (size before relaxing)
 .eh_frame      0x0000a174       0x34 /home/saraj/Desktop/glibc_modified/build32/libc_pic.a(mprotect.os)
 .eh_frame      0x0000a1a8       0x2c /home/saraj/Desktop/glibc_modified/build32/libc_pic.a(munmap.os)
 .eh_frame      0x0000a1d4       0xa8 /home/saraj/Desktop/glibc_modified/build32/libc_pic.a(setvmaname.os)
                                 0xd0 (size before relaxing)
 .eh_frame      0x0000a27c       0x2c /home/saraj/Desktop/glibc_modified/build32/libc_pic.a(prof-freq.os)
                                 0x40 (size before relaxing)
 .eh_frame      0x0000a2a8       0xe8 /home/saraj/Desktop/glibc_modified/build32/libc_pic.a(profil.os)
                                0x110 (size before relaxing)
 .eh_frame      0x0000a390       0x3c /home/saraj/Desktop/glibc_modified/build32/libc_pic.a(dl-addr-obj.os)
 .eh_frame      0x0000a3cc       0x2c /home/saraj/Desktop/glibc_modified/build32/libc_pic.a(sysdep.os)
                                 0x40 (size before relaxing)
 .eh_frame      0x0000a3f8       0x70 /home/saraj/Desktop/glibc_modified/build32/libc_pic.a(libc_sigaction.os)
                                 0x84 (size before relaxing)
 .eh_frame      0x0000a468       0xb8 /home/saraj/Desktop/glibc_modified/build32/libc_pic.a(_fitoa_word.os)
                                 0xcc (size before relaxing)
 .eh_frame      0x0000a520       0x2c /home/saraj/Desktop/glibc_modified/build32/libc_pic.a(errname.os)
                                 0x40 (size before relaxing)
 .eh_frame      0x0000a54c       0xbc /home/saraj/Desktop/glibc_modified/build32/libc_pic.a(setitimer.os)
                                 0xd0 (size before relaxing)
 .eh_frame      0x0000a608       0x48 /home/saraj/Desktop/glibc_modified/build32/libc_pic.a(getdents64.os)
                                 0x5c (size before relaxing)
 .eh_frame      0x0000a650       0x44 /home/saraj/Desktop/glibc_modified/build32/libc_pic.a(libc-do-syscall.os)
 .eh_frame      0x0000a694       0x58 /usr/lib/gcc/x86_64-linux-gnu/12/32/libgcc.a(_udivmoddi4.o)

.sframe
 *(.sframe)

.gcc_except_table
 *(.gcc_except_table)

.gnu_extab
 *(.gnu_extab*)

.exception_ranges
 *(.exception_ranges)

.eh_frame
 *(.eh_frame)

.sframe
 *(.sframe)

.gnu_extab
 *(.gnu_extab)

.gcc_except_table
 *(.gcc_except_table)

.exception_ranges
 *(.exception_ranges)

.tdata
 *(.tdata)

.tbss           0x00000000        0x4
 *(.tbss)
 .tbss          0x00000000        0x4 /home/saraj/Desktop/glibc_modified/build32/libc_pic.a(errno.os)
                0x00000000                errno
                0x00000000                __libc_errno

.jcr
 *(.jcr)

.dynamic
 *(.dynamic)

.got
 *(.got)

.got.plt
 *(.got.plt)

.data           0x00000000      0x4d0
 *(.data)
 .data          0x00000000        0x0 /home/saraj/Desktop/glibc_modified/build32/elf/librtld.mapT.o
 .data          0x00000000      0x4b4 /home/saraj/Desktop/glibc_modified/build32/elf/dl-allobjs.os
                0x00000000                _rtld_global
                0x00000000                _rtld_local
 .data          0x000004b4        0x0 /home/saraj/Desktop/glibc_modified/build32/libc_pic.a(check_fds.os)
 .data          0x000004b4        0x0 /home/saraj/Desktop/glibc_modified/build32/libc_pic.a(errno.os)
 .data          0x000004b4        0x0 /home/saraj/Desktop/glibc_modified/build32/libc_pic.a(divdi3.os)
 .data          0x000004b4        0x0 /home/saraj/Desktop/glibc_modified/build32/libc_pic.a(setjmp.os)
 .data          0x000004b4        0x0 /home/saraj/Desktop/glibc_modified/build32/libc_pic.a(__longjmp.os)
 .data          0x000004b4        0x0 /home/saraj/Desktop/glibc_modified/build32/libc_pic.a(getenv.os)
 .data          0x000004b4        0x0 /home/saraj/Desktop/glibc_modified/build32/libc_pic.a(lowlevellock.os)
 .data          0x000004b4        0x0 /home/saraj/Desktop/glibc_modified/build32/libc_pic.a(scratch_buffer_set_array_size.os)
 .data          0x000004b4        0x0 /home/saraj/Desktop/glibc_modified/build32/libc_pic.a(memchr.os)
 .data          0x000004b4        0x0 /home/saraj/Desktop/glibc_modified/build32/libc_pic.a(memcmp.os)
 .data          0x000004b4        0x0 /home/saraj/Desktop/glibc_modified/build32/libc_pic.a(memcpy.os)
 .data          0x000004b4        0x0 /home/saraj/Desktop/glibc_modified/build32/libc_pic.a(memmove.os)
 .data          0x000004b4        0x0 /home/saraj/Desktop/glibc_modified/build32/libc_pic.a(mempcpy.os)
 .data          0x000004b4        0x0 /home/saraj/Desktop/glibc_modified/build32/libc_pic.a(memset.os)
 .data          0x000004b4        0x0 /home/saraj/Desktop/glibc_modified/build32/libc_pic.a(stpcpy.os)
 .data          0x000004b4        0x0 /home/saraj/Desktop/glibc_modified/build32/libc_pic.a(strchr.os)
 .data          0x000004b4        0x0 /home/saraj/Desktop/glibc_modified/build32/libc_pic.a(strcmp.os)
 .data          0x000004b4        0x0 /home/saraj/Desktop/glibc_modified/build32/libc_pic.a(strcspn.os)
 .data          0x000004b4        0x0 /home/saraj/Desktop/glibc_modified/build32/libc_pic.a(strdup.os)
 .data          0x000004b4        0x0 /home/saraj/Desktop/glibc_modified/build32/libc_pic.a(strerrorname_np.os)
 .data          0x000004b4        0x0 /home/saraj/Desktop/glibc_modified/build32/libc_pic.a(strlen.os)
 .data          0x000004b4        0x0 /home/saraj/Desktop/glibc_modified/build32/libc_pic.a(strncmp.os)
 .data          0x000004b4        0x0 /home/saraj/Desktop/glibc_modified/build32/libc_pic.a(strnlen.os)
 .data          0x000004b4        0x0 /home/saraj/Desktop/glibc_modified/build32/libc_pic.a(memset-sse2.os)
 .data          0x000004b4        0x0 /home/saraj/Desktop/glibc_modified/build32/libc_pic.a(memcpy-ssse3.os)
 .data          0x000004b4        0x0 /home/saraj/Desktop/glibc_modified/build32/libc_pic.a(mempcpy-ssse3.os)
 .data          0x000004b4        0x0 /home/saraj/Desktop/glibc_modified/build32/libc_pic.a(memmove-ssse3.os)
 .data          0x000004b4        0x0 /home/saraj/Desktop/glibc_modified/build32/libc_pic.a(memcpy-ssse3-rep.os)
 .data          0x000004b4        0x0 /home/saraj/Desktop/glibc_modified/build32/libc_pic.a(mempcpy-ssse3-rep.os)
 .data          0x000004b4        0x0 /home/saraj/Desktop/glibc_modified/build32/libc_pic.a(memmove-ssse3-rep.os)
 .data          0x000004b4        0x0 /home/saraj/Desktop/glibc_modified/build32/libc_pic.a(memset-sse2-rep.os)
 .data          0x000004b4        0x0 /home/saraj/Desktop/glibc_modified/build32/libc_pic.a(strcmp-ssse3.os)
 .data          0x000004b4        0x0 /home/saraj/Desktop/glibc_modified/build32/libc_pic.a(strcmp-sse4.os)
 .data          0x000004b4        0x0 /home/saraj/Desktop/glibc_modified/build32/libc_pic.a(strncmp-c.os)
 .data          0x000004b4        0x0 /home/saraj/Desktop/glibc_modified/build32/libc_pic.a(strncmp-ssse3.os)
 .data          0x000004b4        0x0 /home/saraj/Desktop/glibc_modified/build32/libc_pic.a(strncmp-sse4.os)
 .data          0x000004b4        0x0 /home/saraj/Desktop/glibc_modified/build32/libc_pic.a(memcmp-ssse3.os)
 .data          0x000004b4        0x0 /home/saraj/Desktop/glibc_modified/build32/libc_pic.a(memcmp-sse4.os)
 .data          0x000004b4        0x0 /home/saraj/Desktop/glibc_modified/build32/libc_pic.a(strlen-sse2.os)
 .data          0x000004b4        0x0 /home/saraj/Desktop/glibc_modified/build32/libc_pic.a(strlen-sse2-bsf.os)
 .data          0x000004b4        0x0 /home/saraj/Desktop/glibc_modified/build32/libc_pic.a(stpcpy-ssse3.os)
 .data          0x000004b4        0x0 /home/saraj/Desktop/glibc_modified/build32/libc_pic.a(stpcpy-sse2.os)
 .data          0x000004b4        0x0 /home/saraj/Desktop/glibc_modified/build32/libc_pic.a(strchr-sse2.os)
 .data          0x000004b4        0x0 /home/saraj/Desktop/glibc_modified/build32/libc_pic.a(strchr-sse2-bsf.os)
 .data          0x000004b4        0x0 /home/saraj/Desktop/glibc_modified/build32/libc_pic.a(memchr-sse2.os)
 .data          0x000004b4        0x0 /home/saraj/Desktop/glibc_modified/build32/libc_pic.a(memchr-sse2-bsf.os)
 .data          0x000004b4        0x0 /home/saraj/Desktop/glibc_modified/build32/libc_pic.a(strnlen-sse2.os)
 .data          0x000004b4        0x0 /home/saraj/Desktop/glibc_modified/build32/libc_pic.a(strnlen-c.os)
 .data          0x000004b4        0x0 /home/saraj/Desktop/glibc_modified/build32/libc_pic.a(memcpy-sse2-unaligned.os)
 .data          0x000004b4        0x0 /home/saraj/Desktop/glibc_modified/build32/libc_pic.a(mempcpy-sse2-unaligned.os)
 .data          0x000004b4        0x0 /home/saraj/Desktop/glibc_modified/build32/libc_pic.a(memmove-sse2-unaligned.os)
 .data          0x000004b4        0x0 /home/saraj/Desktop/glibc_modified/build32/libc_pic.a(strcspn-c.os)
 .data          0x000004b4        0x0 /home/saraj/Desktop/glibc_modified/build32/libc_pic.a(memchr-ia32.os)
 .data          0x000004b4        0x0 /home/saraj/Desktop/glibc_modified/build32/libc_pic.a(memcmp-ia32.os)
 .data          0x000004b4        0x0 /home/saraj/Desktop/glibc_modified/build32/libc_pic.a(memcpy-ia32.os)
 .data          0x000004b4        0x0 /home/saraj/Desktop/glibc_modified/build32/libc_pic.a(memmove-ia32.os)
 .data          0x000004b4        0x0 /home/saraj/Desktop/glibc_modified/build32/libc_pic.a(mempcpy-ia32.os)
 .data          0x000004b4        0x0 /home/saraj/Desktop/glibc_modified/build32/libc_pic.a(memset-ia32.os)
 .data          0x000004b4        0x0 /home/saraj/Desktop/glibc_modified/build32/libc_pic.a(strchr-ia32.os)
 .data          0x000004b4        0x0 /home/saraj/Desktop/glibc_modified/build32/libc_pic.a(strcmp-ia32.os)
 .data          0x000004b4        0x0 /home/saraj/Desktop/glibc_modified/build32/libc_pic.a(strcspn-ia32.os)
 .data          0x000004b4        0x0 /home/saraj/Desktop/glibc_modified/build32/libc_pic.a(strlen-ia32.os)
 .data          0x000004b4        0x0 /home/saraj/Desktop/glibc_modified/build32/libc_pic.a(stpcpy-ia32.os)
 .data          0x000004b4       0x18 /home/saraj/Desktop/glibc_modified/build32/libc_pic.a(cacheinfo.os)
                0x000004b4                __x86_rep_stosb_threshold
                0x000004b8                __x86_rep_movsb_threshold
                0x000004bc                __x86_shared_cache_size
                0x000004c0                __x86_shared_cache_size_half
                0x000004c4                __x86_data_cache_size
                0x000004c8                __x86_data_cache_size_half
 .data          0x000004cc        0x0 /home/saraj/Desktop/glibc_modified/build32/libc_pic.a(closedir.os)
 .data          0x000004cc        0x0 /home/saraj/Desktop/glibc_modified/build32/libc_pic.a(fdopendir.os)
 .data          0x000004cc        0x0 /home/saraj/Desktop/glibc_modified/build32/libc_pic.a(readdir64.os)
 .data          0x000004cc        0x0 /home/saraj/Desktop/glibc_modified/build32/libc_pic.a(rewinddir.os)
 .data          0x000004cc        0x0 /home/saraj/Desktop/glibc_modified/build32/libc_pic.a(_exit.os)
 .data          0x000004cc        0x0 /home/saraj/Desktop/glibc_modified/build32/libc_pic.a(getpid.os)
 .data          0x000004cc        0x0 /home/saraj/Desktop/glibc_modified/build32/libc_pic.a(uname.os)
 .data          0x000004cc        0x0 /home/saraj/Desktop/glibc_modified/build32/libc_pic.a(environ.os)
 .data          0x000004cc        0x0 /home/saraj/Desktop/glibc_modified/build32/libc_pic.a(access.os)
 .data          0x000004cc        0x0 /home/saraj/Desktop/glibc_modified/build32/libc_pic.a(fstat64.os)
 .data          0x000004cc        0x0 /home/saraj/Desktop/glibc_modified/build32/libc_pic.a(fstatat64.os)
 .data          0x000004cc        0x0 /home/saraj/Desktop/glibc_modified/build32/libc_pic.a(lseek.os)
 .data          0x000004cc        0x0 /home/saraj/Desktop/glibc_modified/build32/libc_pic.a(lstat64.os)
 .data          0x000004cc        0x0 /home/saraj/Desktop/glibc_modified/build32/libc_pic.a(openat64.os)
 .data          0x000004cc        0x0 /home/saraj/Desktop/glibc_modified/build32/libc_pic.a(stat64.os)
 .data          0x000004cc        0x0 /home/saraj/Desktop/glibc_modified/build32/libc_pic.a(close_nocancel.os)
 .data          0x000004cc        0x0 /home/saraj/Desktop/glibc_modified/build32/libc_pic.a(close_nocancel_nostatus.os)
 .data          0x000004cc        0x0 /home/saraj/Desktop/glibc_modified/build32/libc_pic.a(fcntl_nocancel.os)
 .data          0x000004cc        0x0 /home/saraj/Desktop/glibc_modified/build32/libc_pic.a(open64_nocancel.os)
 .data          0x000004cc        0x0 /home/saraj/Desktop/glibc_modified/build32/libc_pic.a(open_nocancel.os)
 .data          0x000004cc        0x0 /home/saraj/Desktop/glibc_modified/build32/libc_pic.a(pread64_nocancel.os)
 .data          0x000004cc        0x0 /home/saraj/Desktop/glibc_modified/build32/libc_pic.a(read_nocancel.os)
 .data          0x000004cc        0x0 /home/saraj/Desktop/glibc_modified/build32/libc_pic.a(stat_t64_cp.os)
 .data          0x000004cc        0x0 /home/saraj/Desktop/glibc_modified/build32/libc_pic.a(write_nocancel.os)
 .data          0x000004cc        0x0 /home/saraj/Desktop/glibc_modified/build32/libc_pic.a(atomic_wide_counter.os)
 .data          0x000004cc        0x0 /home/saraj/Desktop/glibc_modified/build32/libc_pic.a(fd_to_filename.os)
 .data          0x000004cc        0x0 /home/saraj/Desktop/glibc_modified/build32/libc_pic.a(mmap.os)
 .data          0x000004cc        0x0 /home/saraj/Desktop/glibc_modified/build32/libc_pic.a(mprotect.os)
 .data          0x000004cc        0x0 /home/saraj/Desktop/glibc_modified/build32/libc_pic.a(munmap.os)
 .data          0x000004cc        0x4 /home/saraj/Desktop/glibc_modified/build32/libc_pic.a(setvmaname.os)
 .data          0x000004d0        0x0 /home/saraj/Desktop/glibc_modified/build32/libc_pic.a(prof-freq.os)
 .data          0x000004d0        0x0 /home/saraj/Desktop/glibc_modified/build32/libc_pic.a(profil.os)
 .data          0x000004d0        0x0 /home/saraj/Desktop/glibc_modified/build32/libc_pic.a(dl-addr-obj.os)
 .data          0x000004d0        0x0 /home/saraj/Desktop/glibc_modified/build32/libc_pic.a(sysdep.os)
 .data          0x000004d0        0x0 /home/saraj/Desktop/glibc_modified/build32/libc_pic.a(libc_sigaction.os)
 .data          0x000004d0        0x0 /home/saraj/Desktop/glibc_modified/build32/libc_pic.a(_fitoa_word.os)
 .data          0x000004d0        0x0 /home/saraj/Desktop/glibc_modified/build32/libc_pic.a(itoa-udigits.os)
 .data          0x000004d0        0x0 /home/saraj/Desktop/glibc_modified/build32/libc_pic.a(errname.os)
 .data          0x000004d0        0x0 /home/saraj/Desktop/glibc_modified/build32/libc_pic.a(varshift.os)
 .data          0x000004d0        0x0 /home/saraj/Desktop/glibc_modified/build32/libc_pic.a(setitimer.os)
 .data          0x000004d0        0x0 /home/saraj/Desktop/glibc_modified/build32/libc_pic.a(getdents64.os)
 .data          0x000004d0        0x0 /home/saraj/Desktop/glibc_modified/build32/libc_pic.a(libc-do-syscall.os)
 .data          0x000004d0        0x0 /usr/lib/gcc/x86_64-linux-gnu/12/32/libgcc.a(_udivmoddi4.o)

.data.rel.ro    0x00000000     0x1454
 .data.rel.ro   0x00000000     0x1454 /home/saraj/Desktop/glibc_modified/build32/elf/dl-allobjs.os
                0x00000024                __rtld_search_dirs
                0x00000038                __rtld_env_path_list
                0x00000040                _dl_tls_initial_modid_limit
                0x00001170                __GI___rseq_size
                0x00001170                _rseq_size
                0x00001170                __rseq_size
                0x00001174                __rseq_offset
                0x00001174                __GI___rseq_offset
                0x00001174                _rseq_offset
                0x00001178                __rtld_realloc
                0x0000117c                __rtld_malloc
                0x00001180                __rtld_free
                0x00001184                __rtld_calloc
                0x00001188                ___rtld_mutex_unlock
                0x0000118c                ___rtld_mutex_lock
                0x00001190                _dl_random
                0x00001194                __libc_stack_end
                0x00001194                __GI___libc_stack_end
                0x00001198                __GI___libc_enable_secure
                0x00001198                __libc_enable_secure
                0x000011b0                __pointer_chk_guard_local
                0x000011b4                __GI__dl_argv
                0x000011b4                _dl_argv
                0x000011b8                _dl_argc
                0x000011c0                _rtld_global_ro
                0x000011c0                _rtld_local_ro

.data.rel.ro.local
                0x00000000       0x18
 .data.rel.ro.local
                0x00000000       0x14 /home/saraj/Desktop/glibc_modified/build32/elf/dl-allobjs.os
                0x00000000                __x86_cpu_features_p
 .data.rel.ro.local
                0x00000014        0x4 /home/saraj/Desktop/glibc_modified/build32/libc_pic.a(cacheinfo.os)
                0x00000014                __x86_cacheinfo_p

.data1
 *(.data1)

.bss            0x00000000      0x64c
 *(.bss)
 .bss           0x00000000        0x0 /home/saraj/Desktop/glibc_modified/build32/elf/librtld.mapT.o
 .bss           0x00000000      0x580 /home/saraj/Desktop/glibc_modified/build32/elf/dl-allobjs.os
                0x00000020                _r_debug_array
                0x0000018c                __GI__r_debug
                0x0000018c                _r_debug_extended
                0x0000018c                _r_debug
                0x000001c4                _dl_tls_threads_in_update
                0x000001c8                _rseq_align
                0x000001cc                __nptl_initial_report_events
                0x000001cc                __GI___nptl_initial_report_events
                0x000001ec                _dl_x86_features_tlsdesc_state_size
                0x000001f0                _dl_hwcaps_priorities_length
                0x000001f4                _dl_hwcaps_priorities
                0x00000240                __rtld_tls_init_tp_called
                0x00000260                _dl_rtld_auditstate
                0x000002e0                _dl_rtld_map
                0x0000057c                ___brk_addr
                0x0000057c                __curbrk
 .bss           0x00000580        0x0 /home/saraj/Desktop/glibc_modified/build32/libc_pic.a(check_fds.os)
 .bss           0x00000580        0x0 /home/saraj/Desktop/glibc_modified/build32/libc_pic.a(errno.os)
 .bss           0x00000580        0x0 /home/saraj/Desktop/glibc_modified/build32/libc_pic.a(divdi3.os)
 .bss           0x00000580        0x0 /home/saraj/Desktop/glibc_modified/build32/libc_pic.a(setjmp.os)
 .bss           0x00000580        0x0 /home/saraj/Desktop/glibc_modified/build32/libc_pic.a(__longjmp.os)
 .bss           0x00000580        0x0 /home/saraj/Desktop/glibc_modified/build32/libc_pic.a(getenv.os)
 .bss           0x00000580        0x4 /home/saraj/Desktop/glibc_modified/build32/libc_pic.a(lowlevellock.os)
                0x00000580                __GI___pthread_force_elision
                0x00000580                __pthread_force_elision
 .bss           0x00000584        0x0 /home/saraj/Desktop/glibc_modified/build32/libc_pic.a(scratch_buffer_set_array_size.os)
 .bss           0x00000584        0x0 /home/saraj/Desktop/glibc_modified/build32/libc_pic.a(memchr.os)
 .bss           0x00000584        0x0 /home/saraj/Desktop/glibc_modified/build32/libc_pic.a(memcmp.os)
 .bss           0x00000584        0x0 /home/saraj/Desktop/glibc_modified/build32/libc_pic.a(memcpy.os)
 .bss           0x00000584        0x0 /home/saraj/Desktop/glibc_modified/build32/libc_pic.a(memmove.os)
 .bss           0x00000584        0x0 /home/saraj/Desktop/glibc_modified/build32/libc_pic.a(mempcpy.os)
 .bss           0x00000584        0x0 /home/saraj/Desktop/glibc_modified/build32/libc_pic.a(memset.os)
 .bss           0x00000584        0x0 /home/saraj/Desktop/glibc_modified/build32/libc_pic.a(stpcpy.os)
 .bss           0x00000584        0x0 /home/saraj/Desktop/glibc_modified/build32/libc_pic.a(strchr.os)
 .bss           0x00000584        0x0 /home/saraj/Desktop/glibc_modified/build32/libc_pic.a(strcmp.os)
 .bss           0x00000584        0x0 /home/saraj/Desktop/glibc_modified/build32/libc_pic.a(strcspn.os)
 .bss           0x00000584        0x0 /home/saraj/Desktop/glibc_modified/build32/libc_pic.a(strdup.os)
 .bss           0x00000584        0x0 /home/saraj/Desktop/glibc_modified/build32/libc_pic.a(strerrorname_np.os)
 .bss           0x00000584        0x0 /home/saraj/Desktop/glibc_modified/build32/libc_pic.a(strlen.os)
 .bss           0x00000584        0x0 /home/saraj/Desktop/glibc_modified/build32/libc_pic.a(strncmp.os)
 .bss           0x00000584        0x0 /home/saraj/Desktop/glibc_modified/build32/libc_pic.a(strnlen.os)
 .bss           0x00000584        0x0 /home/saraj/Desktop/glibc_modified/build32/libc_pic.a(memset-sse2.os)
 .bss           0x00000584        0x0 /home/saraj/Desktop/glibc_modified/build32/libc_pic.a(memcpy-ssse3.os)
 .bss           0x00000584        0x0 /home/saraj/Desktop/glibc_modified/build32/libc_pic.a(mempcpy-ssse3.os)
 .bss           0x00000584        0x0 /home/saraj/Desktop/glibc_modified/build32/libc_pic.a(memmove-ssse3.os)
 .bss           0x00000584        0x0 /home/saraj/Desktop/glibc_modified/build32/libc_pic.a(memcpy-ssse3-rep.os)
 .bss           0x00000584        0x0 /home/saraj/Desktop/glibc_modified/build32/libc_pic.a(mempcpy-ssse3-rep.os)
 .bss           0x00000584        0x0 /home/saraj/Desktop/glibc_modified/build32/libc_pic.a(memmove-ssse3-rep.os)
 .bss           0x00000584        0x0 /home/saraj/Desktop/glibc_modified/build32/libc_pic.a(memset-sse2-rep.os)
 .bss           0x00000584        0x0 /home/saraj/Desktop/glibc_modified/build32/libc_pic.a(strcmp-ssse3.os)
 .bss           0x00000584        0x0 /home/saraj/Desktop/glibc_modified/build32/libc_pic.a(strcmp-sse4.os)
 .bss           0x00000584        0x0 /home/saraj/Desktop/glibc_modified/build32/libc_pic.a(strncmp-c.os)
 .bss           0x00000584        0x0 /home/saraj/Desktop/glibc_modified/build32/libc_pic.a(strncmp-ssse3.os)
 .bss           0x00000584        0x0 /home/saraj/Desktop/glibc_modified/build32/libc_pic.a(strncmp-sse4.os)
 .bss           0x00000584        0x0 /home/saraj/Desktop/glibc_modified/build32/libc_pic.a(memcmp-ssse3.os)
 .bss           0x00000584        0x0 /home/saraj/Desktop/glibc_modified/build32/libc_pic.a(memcmp-sse4.os)
 .bss           0x00000584        0x0 /home/saraj/Desktop/glibc_modified/build32/libc_pic.a(strlen-sse2.os)
 .bss           0x00000584        0x0 /home/saraj/Desktop/glibc_modified/build32/libc_pic.a(strlen-sse2-bsf.os)
 .bss           0x00000584        0x0 /home/saraj/Desktop/glibc_modified/build32/libc_pic.a(stpcpy-ssse3.os)
 .bss           0x00000584        0x0 /home/saraj/Desktop/glibc_modified/build32/libc_pic.a(stpcpy-sse2.os)
 .bss           0x00000584        0x0 /home/saraj/Desktop/glibc_modified/build32/libc_pic.a(strchr-sse2.os)
 .bss           0x00000584        0x0 /home/saraj/Desktop/glibc_modified/build32/libc_pic.a(strchr-sse2-bsf.os)
 .bss           0x00000584        0x0 /home/saraj/Desktop/glibc_modified/build32/libc_pic.a(memchr-sse2.os)
 .bss           0x00000584        0x0 /home/saraj/Desktop/glibc_modified/build32/libc_pic.a(memchr-sse2-bsf.os)
 .bss           0x00000584        0x0 /home/saraj/Desktop/glibc_modified/build32/libc_pic.a(strnlen-sse2.os)
 .bss           0x00000584        0x0 /home/saraj/Desktop/glibc_modified/build32/libc_pic.a(strnlen-c.os)
 .bss           0x00000584        0x0 /home/saraj/Desktop/glibc_modified/build32/libc_pic.a(memcpy-sse2-unaligned.os)
 .bss           0x00000584        0x0 /home/saraj/Desktop/glibc_modified/build32/libc_pic.a(mempcpy-sse2-unaligned.os)
 .bss           0x00000584        0x0 /home/saraj/Desktop/glibc_modified/build32/libc_pic.a(memmove-sse2-unaligned.os)
 .bss           0x00000584        0x0 /home/saraj/Desktop/glibc_modified/build32/libc_pic.a(strcspn-c.os)
 .bss           0x00000584        0x0 /home/saraj/Desktop/glibc_modified/build32/libc_pic.a(memchr-ia32.os)
 .bss           0x00000584        0x0 /home/saraj/Desktop/glibc_modified/build32/libc_pic.a(memcmp-ia32.os)
 .bss           0x00000584        0x0 /home/saraj/Desktop/glibc_modified/build32/libc_pic.a(memcpy-ia32.os)
 .bss           0x00000584        0x0 /home/saraj/Desktop/glibc_modified/build32/libc_pic.a(memmove-ia32.os)
 .bss           0x00000584        0x0 /home/saraj/Desktop/glibc_modified/build32/libc_pic.a(mempcpy-ia32.os)
 .bss           0x00000584        0x0 /home/saraj/Desktop/glibc_modified/build32/libc_pic.a(memset-ia32.os)
 .bss           0x00000584        0x0 /home/saraj/Desktop/glibc_modified/build32/libc_pic.a(strchr-ia32.os)
 .bss           0x00000584        0x0 /home/saraj/Desktop/glibc_modified/build32/libc_pic.a(strcmp-ia32.os)
 .bss           0x00000584        0x0 /home/saraj/Desktop/glibc_modified/build32/libc_pic.a(strcspn-ia32.os)
 .bss           0x00000584        0x0 /home/saraj/Desktop/glibc_modified/build32/libc_pic.a(strlen-ia32.os)
 .bss           0x00000584        0x0 /home/saraj/Desktop/glibc_modified/build32/libc_pic.a(stpcpy-ia32.os)
 .bss           0x00000584       0x10 /home/saraj/Desktop/glibc_modified/build32/libc_pic.a(cacheinfo.os)
                0x00000584                __x86_string_control
                0x00000588                __x86_rep_movsb_stop_threshold
                0x0000058c                __x86_memset_non_temporal_threshold
                0x00000590                __x86_shared_non_temporal_threshold
 .bss           0x00000594        0x0 /home/saraj/Desktop/glibc_modified/build32/libc_pic.a(closedir.os)
 .bss           0x00000594        0x0 /home/saraj/Desktop/glibc_modified/build32/libc_pic.a(fdopendir.os)
 .bss           0x00000594        0x0 /home/saraj/Desktop/glibc_modified/build32/libc_pic.a(readdir64.os)
 .bss           0x00000594        0x0 /home/saraj/Desktop/glibc_modified/build32/libc_pic.a(rewinddir.os)
 .bss           0x00000594        0x0 /home/saraj/Desktop/glibc_modified/build32/libc_pic.a(_exit.os)
 .bss           0x00000594        0x0 /home/saraj/Desktop/glibc_modified/build32/libc_pic.a(getpid.os)
 .bss           0x00000594        0x0 /home/saraj/Desktop/glibc_modified/build32/libc_pic.a(uname.os)
 .bss           0x00000594        0xc /home/saraj/Desktop/glibc_modified/build32/libc_pic.a(environ.os)
                0x00000594                __environ_counter
                0x00000598                __environ_array_list
                0x0000059c                _environ
                0x0000059c                __environ
                0x0000059c                environ
 .bss           0x000005a0        0x0 /home/saraj/Desktop/glibc_modified/build32/libc_pic.a(access.os)
 .bss           0x000005a0        0x0 /home/saraj/Desktop/glibc_modified/build32/libc_pic.a(fstat64.os)
 .bss           0x000005a0        0x0 /home/saraj/Desktop/glibc_modified/build32/libc_pic.a(fstatat64.os)
 .bss           0x000005a0        0x0 /home/saraj/Desktop/glibc_modified/build32/libc_pic.a(lseek.os)
 .bss           0x000005a0        0x0 /home/saraj/Desktop/glibc_modified/build32/libc_pic.a(lstat64.os)
 .bss           0x000005a0        0x0 /home/saraj/Desktop/glibc_modified/build32/libc_pic.a(openat64.os)
 .bss           0x000005a0        0x0 /home/saraj/Desktop/glibc_modified/build32/libc_pic.a(stat64.os)
 .bss           0x000005a0        0x0 /home/saraj/Desktop/glibc_modified/build32/libc_pic.a(close_nocancel.os)
 .bss           0x000005a0        0x0 /home/saraj/Desktop/glibc_modified/build32/libc_pic.a(close_nocancel_nostatus.os)
 .bss           0x000005a0        0x0 /home/saraj/Desktop/glibc_modified/build32/libc_pic.a(fcntl_nocancel.os)
 .bss           0x000005a0        0x0 /home/saraj/Desktop/glibc_modified/build32/libc_pic.a(open64_nocancel.os)
 .bss           0x000005a0        0x0 /home/saraj/Desktop/glibc_modified/build32/libc_pic.a(open_nocancel.os)
 .bss           0x000005a0        0x0 /home/saraj/Desktop/glibc_modified/build32/libc_pic.a(pread64_nocancel.os)
 .bss           0x000005a0        0x0 /home/saraj/Desktop/glibc_modified/build32/libc_pic.a(read_nocancel.os)
 .bss           0x000005a0        0x0 /home/saraj/Desktop/glibc_modified/build32/libc_pic.a(stat_t64_cp.os)
 .bss           0x000005a0        0x0 /home/saraj/Desktop/glibc_modified/build32/libc_pic.a(write_nocancel.os)
 .bss           0x000005a0        0x0 /home/saraj/Desktop/glibc_modified/build32/libc_pic.a(atomic_wide_counter.os)
 .bss           0x000005a0        0x0 /home/saraj/Desktop/glibc_modified/build32/libc_pic.a(fd_to_filename.os)
 .bss           0x000005a0        0x0 /home/saraj/Desktop/glibc_modified/build32/libc_pic.a(mmap.os)
 .bss           0x000005a0        0x0 /home/saraj/Desktop/glibc_modified/build32/libc_pic.a(mprotect.os)
 .bss           0x000005a0        0x0 /home/saraj/Desktop/glibc_modified/build32/libc_pic.a(munmap.os)
 .bss           0x000005a0        0x0 /home/saraj/Desktop/glibc_modified/build32/libc_pic.a(setvmaname.os)
 .bss           0x000005a0        0x0 /home/saraj/Desktop/glibc_modified/build32/libc_pic.a(prof-freq.os)
 .bss           0x000005a0       0xac /home/saraj/Desktop/glibc_modified/build32/libc_pic.a(profil.os)
 .bss           0x0000064c        0x0 /home/saraj/Desktop/glibc_modified/build32/libc_pic.a(dl-addr-obj.os)
 .bss           0x0000064c        0x0 /home/saraj/Desktop/glibc_modified/build32/libc_pic.a(sysdep.os)
 .bss           0x0000064c        0x0 /home/saraj/Desktop/glibc_modified/build32/libc_pic.a(libc_sigaction.os)
 .bss           0x0000064c        0x0 /home/saraj/Desktop/glibc_modified/build32/libc_pic.a(_fitoa_word.os)
 .bss           0x0000064c        0x0 /home/saraj/Desktop/glibc_modified/build32/libc_pic.a(itoa-udigits.os)
 .bss           0x0000064c        0x0 /home/saraj/Desktop/glibc_modified/build32/libc_pic.a(errname.os)
 .bss           0x0000064c        0x0 /home/saraj/Desktop/glibc_modified/build32/libc_pic.a(varshift.os)
 .bss           0x0000064c        0x0 /home/saraj/Desktop/glibc_modified/build32/libc_pic.a(setitimer.os)
 .bss           0x0000064c        0x0 /home/saraj/Desktop/glibc_modified/build32/libc_pic.a(getdents64.os)
 .bss           0x0000064c        0x0 /home/saraj/Desktop/glibc_modified/build32/libc_pic.a(libc-do-syscall.os)
 .bss           0x0000064c        0x0 /usr/lib/gcc/x86_64-linux-gnu/12/32/libgcc.a(_udivmoddi4.o)

.stab
 *(.stab)

.stabstr
 *(.stabstr)

.stab.excl
 *(.stab.excl)

.stab.exclstr
 *(.stab.exclstr)

.stab.index
 *(.stab.index)

.stab.indexstr
 *(.stab.indexstr)
