:: iconv.h
::::
:::: #define _FORTIFY_SOURCE 1
:::: #define _FORTIFY_SOURCE 2
:::: #define _FORTIFY_SOURCE 3
:::: -D_DEFAULT_SOURCE=1
:::: -D_DEFAULT_SOURCE=1 #define _FORTIFY_SOURCE 1
:::: -D_DEFAULT_SOURCE=1 #define _FORTIFY_SOURCE 2
:::: -D_DEFAULT_SOURCE=1 #define _FORTIFY_SOURCE 3
:::: -D_GNU_SOURCE=1
:::: -D_GNU_SOURCE=1 #define _FORTIFY_SOURCE 1
:::: -D_GNU_SOURCE=1 #define _FORTIFY_SOURCE 2
:::: -D_GNU_SOURCE=1 #define _FORTIFY_SOURCE 3
:::: -D_XOPEN_SOURCE=700
:::: -D_XOPEN_SOURCE=700 #define _FORTIFY_SOURCE 1
:::: -D_XOPEN_SOURCE=700 #define _FORTIFY_SOURCE 2
:::: -D_XOPEN_SOURCE=700 #define _FORTIFY_SOURCE 3
:::: -std=c89
:::: -std=c89 #define _FORTIFY_SOURCE 1
:::: -std=c89 #define _FORTIFY_SOURCE 2
:::: -std=c89 #define _FORTIFY_SOURCE 3
:::: -std=c89 -D_DEFAULT_SOURCE=1
:::: -std=c89 -D_DEFAULT_SOURCE=1 #define _FORTIFY_SOURCE 1
:::: -std=c89 -D_DEFAULT_SOURCE=1 #define _FORTIFY_SOURCE 2
:::: -std=c89 -D_DEFAULT_SOURCE=1 #define _FORTIFY_SOURCE 3
:::: -std=c89 -D_GNU_SOURCE=1
:::: -std=c89 -D_GNU_SOURCE=1 #define _FORTIFY_SOURCE 1
:::: -std=c89 -D_GNU_SOURCE=1 #define _FORTIFY_SOURCE 2
:::: -std=c89 -D_GNU_SOURCE=1 #define _FORTIFY_SOURCE 3
:::: -std=c89 -D_XOPEN_SOURCE=700
:::: -std=c89 -D_XOPEN_SOURCE=700 #define _FORTIFY_SOURCE 1
:::: -std=c89 -D_XOPEN_SOURCE=700 #define _FORTIFY_SOURCE 2
:::: -std=c89 -D_XOPEN_SOURCE=700 #define _FORTIFY_SOURCE 3
:::: -std=gnu89
:::: -std=gnu89 #define _FORTIFY_SOURCE 1
:::: -std=gnu89 #define _FORTIFY_SOURCE 2
:::: -std=gnu89 #define _FORTIFY_SOURCE 3
:::: -std=gnu89 -D_DEFAULT_SOURCE=1
:::: -std=gnu89 -D_DEFAULT_SOURCE=1 #define _FORTIFY_SOURCE 1
:::: -std=gnu89 -D_DEFAULT_SOURCE=1 #define _FORTIFY_SOURCE 2
:::: -std=gnu89 -D_DEFAULT_SOURCE=1 #define _FORTIFY_SOURCE 3
:::: -std=gnu89 -D_GNU_SOURCE=1
:::: -std=gnu89 -D_GNU_SOURCE=1 #define _FORTIFY_SOURCE 1
:::: -std=gnu89 -D_GNU_SOURCE=1 #define _FORTIFY_SOURCE 2
:::: -std=gnu89 -D_GNU_SOURCE=1 #define _FORTIFY_SOURCE 3
:::: -std=gnu89 -D_XOPEN_SOURCE=700
:::: -std=gnu89 -D_XOPEN_SOURCE=700 #define _FORTIFY_SOURCE 1
:::: -std=gnu89 -D_XOPEN_SOURCE=700 #define _FORTIFY_SOURCE 2
:::: -std=gnu89 -D_XOPEN_SOURCE=700 #define _FORTIFY_SOURCE 3
:::: -std=c11
:::: -std=c11 #define _FORTIFY_SOURCE 1
:::: -std=c11 #define _FORTIFY_SOURCE 2
:::: -std=c11 #define _FORTIFY_SOURCE 3
:::: -std=c11 -D_DEFAULT_SOURCE=1
:::: -std=c11 -D_DEFAULT_SOURCE=1 #define _FORTIFY_SOURCE 1
:::: -std=c11 -D_DEFAULT_SOURCE=1 #define _FORTIFY_SOURCE 2
:::: -std=c11 -D_DEFAULT_SOURCE=1 #define _FORTIFY_SOURCE 3
:::: -std=c11 -D_GNU_SOURCE=1
:::: -std=c11 -D_GNU_SOURCE=1 #define _FORTIFY_SOURCE 1
:::: -std=c11 -D_GNU_SOURCE=1 #define _FORTIFY_SOURCE 2
:::: -std=c11 -D_GNU_SOURCE=1 #define _FORTIFY_SOURCE 3
:::: -std=c11 -D_XOPEN_SOURCE=700
:::: -std=c11 -D_XOPEN_SOURCE=700 #define _FORTIFY_SOURCE 1
:::: -std=c11 -D_XOPEN_SOURCE=700 #define _FORTIFY_SOURCE 2
:::: -std=c11 -D_XOPEN_SOURCE=700 #define _FORTIFY_SOURCE 3
:::: -std=gnu11
:::: -std=gnu11 #define _FORTIFY_SOURCE 1
:::: -std=gnu11 #define _FORTIFY_SOURCE 2
:::: -std=gnu11 #define _FORTIFY_SOURCE 3
:::: -std=gnu11 -D_DEFAULT_SOURCE=1
:::: -std=gnu11 -D_DEFAULT_SOURCE=1 #define _FORTIFY_SOURCE 1
:::: -std=gnu11 -D_DEFAULT_SOURCE=1 #define _FORTIFY_SOURCE 2
:::: -std=gnu11 -D_DEFAULT_SOURCE=1 #define _FORTIFY_SOURCE 3
:::: -std=gnu11 -D_GNU_SOURCE=1
:::: -std=gnu11 -D_GNU_SOURCE=1 #define _FORTIFY_SOURCE 1
:::: -std=gnu11 -D_GNU_SOURCE=1 #define _FORTIFY_SOURCE 2
:::: -std=gnu11 -D_GNU_SOURCE=1 #define _FORTIFY_SOURCE 3
:::: -std=gnu11 -D_XOPEN_SOURCE=700
:::: -std=gnu11 -D_XOPEN_SOURCE=700 #define _FORTIFY_SOURCE 1
:::: -std=gnu11 -D_XOPEN_SOURCE=700 #define _FORTIFY_SOURCE 2
:::: -std=gnu11 -D_XOPEN_SOURCE=700 #define _FORTIFY_SOURCE 3
:: gconv.h
::::
:::: #define _FORTIFY_SOURCE 1
:::: #define _FORTIFY_SOURCE 2
:::: #define _FORTIFY_SOURCE 3
:::: -D_DEFAULT_SOURCE=1
:::: -D_DEFAULT_SOURCE=1 #define _FORTIFY_SOURCE 1
:::: -D_DEFAULT_SOURCE=1 #define _FORTIFY_SOURCE 2
:::: -D_DEFAULT_SOURCE=1 #define _FORTIFY_SOURCE 3
:::: -D_GNU_SOURCE=1
:::: -D_GNU_SOURCE=1 #define _FORTIFY_SOURCE 1
:::: -D_GNU_SOURCE=1 #define _FORTIFY_SOURCE 2
:::: -D_GNU_SOURCE=1 #define _FORTIFY_SOURCE 3
:::: -D_XOPEN_SOURCE=700
:::: -D_XOPEN_SOURCE=700 #define _FORTIFY_SOURCE 1
:::: -D_XOPEN_SOURCE=700 #define _FORTIFY_SOURCE 2
:::: -D_XOPEN_SOURCE=700 #define _FORTIFY_SOURCE 3
:::: -std=c89
:::: -std=c89 #define _FORTIFY_SOURCE 1
:::: -std=c89 #define _FORTIFY_SOURCE 2
:::: -std=c89 #define _FORTIFY_SOURCE 3
:::: -std=c89 -D_DEFAULT_SOURCE=1
:::: -std=c89 -D_DEFAULT_SOURCE=1 #define _FORTIFY_SOURCE 1
:::: -std=c89 -D_DEFAULT_SOURCE=1 #define _FORTIFY_SOURCE 2
:::: -std=c89 -D_DEFAULT_SOURCE=1 #define _FORTIFY_SOURCE 3
:::: -std=c89 -D_GNU_SOURCE=1
:::: -std=c89 -D_GNU_SOURCE=1 #define _FORTIFY_SOURCE 1
:::: -std=c89 -D_GNU_SOURCE=1 #define _FORTIFY_SOURCE 2
:::: -std=c89 -D_GNU_SOURCE=1 #define _FORTIFY_SOURCE 3
:::: -std=c89 -D_XOPEN_SOURCE=700
:::: -std=c89 -D_XOPEN_SOURCE=700 #define _FORTIFY_SOURCE 1
:::: -std=c89 -D_XOPEN_SOURCE=700 #define _FORTIFY_SOURCE 2
:::: -std=c89 -D_XOPEN_SOURCE=700 #define _FORTIFY_SOURCE 3
:::: -std=gnu89
:::: -std=gnu89 #define _FORTIFY_SOURCE 1
:::: -std=gnu89 #define _FORTIFY_SOURCE 2
:::: -std=gnu89 #define _FORTIFY_SOURCE 3
:::: -std=gnu89 -D_DEFAULT_SOURCE=1
:::: -std=gnu89 -D_DEFAULT_SOURCE=1 #define _FORTIFY_SOURCE 1
:::: -std=gnu89 -D_DEFAULT_SOURCE=1 #define _FORTIFY_SOURCE 2
:::: -std=gnu89 -D_DEFAULT_SOURCE=1 #define _FORTIFY_SOURCE 3
:::: -std=gnu89 -D_GNU_SOURCE=1
:::: -std=gnu89 -D_GNU_SOURCE=1 #define _FORTIFY_SOURCE 1
:::: -std=gnu89 -D_GNU_SOURCE=1 #define _FORTIFY_SOURCE 2
:::: -std=gnu89 -D_GNU_SOURCE=1 #define _FORTIFY_SOURCE 3
:::: -std=gnu89 -D_XOPEN_SOURCE=700
:::: -std=gnu89 -D_XOPEN_SOURCE=700 #define _FORTIFY_SOURCE 1
:::: -std=gnu89 -D_XOPEN_SOURCE=700 #define _FORTIFY_SOURCE 2
:::: -std=gnu89 -D_XOPEN_SOURCE=700 #define _FORTIFY_SOURCE 3
:::: -std=c11
:::: -std=c11 #define _FORTIFY_SOURCE 1
:::: -std=c11 #define _FORTIFY_SOURCE 2
:::: -std=c11 #define _FORTIFY_SOURCE 3
:::: -std=c11 -D_DEFAULT_SOURCE=1
:::: -std=c11 -D_DEFAULT_SOURCE=1 #define _FORTIFY_SOURCE 1
:::: -std=c11 -D_DEFAULT_SOURCE=1 #define _FORTIFY_SOURCE 2
:::: -std=c11 -D_DEFAULT_SOURCE=1 #define _FORTIFY_SOURCE 3
:::: -std=c11 -D_GNU_SOURCE=1
:::: -std=c11 -D_GNU_SOURCE=1 #define _FORTIFY_SOURCE 1
:::: -std=c11 -D_GNU_SOURCE=1 #define _FORTIFY_SOURCE 2
:::: -std=c11 -D_GNU_SOURCE=1 #define _FORTIFY_SOURCE 3
:::: -std=c11 -D_XOPEN_SOURCE=700
:::: -std=c11 -D_XOPEN_SOURCE=700 #define _FORTIFY_SOURCE 1
:::: -std=c11 -D_XOPEN_SOURCE=700 #define _FORTIFY_SOURCE 2
:::: -std=c11 -D_XOPEN_SOURCE=700 #define _FORTIFY_SOURCE 3
:::: -std=gnu11
:::: -std=gnu11 #define _FORTIFY_SOURCE 1
:::: -std=gnu11 #define _FORTIFY_SOURCE 2
:::: -std=gnu11 #define _FORTIFY_SOURCE 3
:::: -std=gnu11 -D_DEFAULT_SOURCE=1
:::: -std=gnu11 -D_DEFAULT_SOURCE=1 #define _FORTIFY_SOURCE 1
:::: -std=gnu11 -D_DEFAULT_SOURCE=1 #define _FORTIFY_SOURCE 2
:::: -std=gnu11 -D_DEFAULT_SOURCE=1 #define _FORTIFY_SOURCE 3
:::: -std=gnu11 -D_GNU_SOURCE=1
:::: -std=gnu11 -D_GNU_SOURCE=1 #define _FORTIFY_SOURCE 1
:::: -std=gnu11 -D_GNU_SOURCE=1 #define _FORTIFY_SOURCE 2
:::: -std=gnu11 -D_GNU_SOURCE=1 #define _FORTIFY_SOURCE 3
:::: -std=gnu11 -D_XOPEN_SOURCE=700
:::: -std=gnu11 -D_XOPEN_SOURCE=700 #define _FORTIFY_SOURCE 1
:::: -std=gnu11 -D_XOPEN_SOURCE=700 #define _FORTIFY_SOURCE 2
:::: -std=gnu11 -D_XOPEN_SOURCE=700 #define _FORTIFY_SOURCE 3
