tst-iconv_prog-buffer.sh:131: iconv -f ASCII -t UTF-8  -o /tmp/tmp.JcnvgH2jc0/out /tmp/tmp.JcnvgH2jc0/abc /tmp/tmp.JcnvgH2jc0/def
tst-iconv_prog-buffer.sh:135: iconv -f ASCII -t UTF-8  -o /tmp/tmp.JcnvgH2jc0/out /tmp/tmp.JcnvgH2jc0/out
tst-iconv_prog-buffer.sh:140: iconv -f ASCII -t UTF-8  -o /tmp/tmp.JcnvgH2jc0/out /tmp/tmp.JcnvgH2jc0/out /tmp/tmp.JcnvgH2jc0/abc
tst-iconv_prog-buffer.sh:143: iconv -f ASCII -t UTF-8  -o /tmp/tmp.JcnvgH2jc0/out /tmp/tmp.JcnvgH2jc0/ggg /tmp/tmp.JcnvgH2jc0/out
tst-iconv_prog-buffer.sh:146: iconv -f ASCII -t UTF-8  -o /tmp/tmp.JcnvgH2jc0/out /tmp/tmp.JcnvgH2jc0/hh /tmp/tmp.JcnvgH2jc0/out /tmp/tmp.JcnvgH2jc0/hh
tst-iconv_prog-buffer.sh:150: iconv -f ASCII -t UTF-8  -o /tmp/tmp.JcnvgH2jc0/out /tmp/tmp.JcnvgH2jc0/ggg /tmp/tmp.JcnvgH2jc0/out /tmp/tmp.JcnvgH2jc0/out /tmp/tmp.JcnvgH2jc0/ggg
tst-iconv_prog-buffer.sh:154: iconv -f ASCII -t UTF-8  -o /tmp/tmp.JcnvgH2jc0/out /tmp/tmp.JcnvgH2jc0/ggg /tmp/tmp.JcnvgH2jc0/out /tmp/tmp.JcnvgH2jc0/hh /tmp/tmp.JcnvgH2jc0/out /tmp/tmp.JcnvgH2jc0/ggg
tst-iconv_prog-buffer.sh:160: iconv -f ASCII -t UTF-8  -o /tmp/tmp.JcnvgH2jc0/out
tst-iconv_prog-buffer.sh:164: iconv -f ASCII -t UTF-8  -o /tmp/tmp.JcnvgH2jc0/out -
tst-iconv_prog-buffer.sh:168: iconv -f ASCII -t UTF-8  -o /tmp/tmp.JcnvgH2jc0/out /dev/null
tst-iconv_prog-buffer.sh:172: iconv -f ASCII -t UTF-8  -c -o /tmp/tmp.JcnvgH2jc0/out /tmp/tmp.JcnvgH2jc0/0xff
tst-iconv_prog-buffer.sh:178: iconv -f ASCII -t UTF-8  
tst-iconv_prog-buffer.sh:182: iconv -f ASCII -t UTF-8  -
tst-iconv_prog-buffer.sh:186: iconv -f ASCII -t UTF-8  /dev/null
tst-iconv_prog-buffer.sh:193: iconv -f ASCII -t UTF-8  -o /tmp/tmp.JcnvgH2jc0/out /tmp/tmp.JcnvgH2jc0/out
/home/saraj/Desktop/glibc_modified/build32/iconv/iconv_prog: illegal input sequence at position 0
tst-iconv_prog-buffer.sh:197: iconv -f ASCII -t UTF-8  -o /tmp/tmp.JcnvgH2jc0/out
/home/saraj/Desktop/glibc_modified/build32/iconv/iconv_prog: illegal input sequence at position 0
tst-iconv_prog-buffer.sh:201: iconv -f ASCII -t UTF-8  -o /tmp/tmp.JcnvgH2jc0/out -
/home/saraj/Desktop/glibc_modified/build32/iconv/iconv_prog: illegal input sequence at position 0
tst-iconv_prog-buffer.sh:205: iconv -f ASCII -t UTF-8  -o /tmp/tmp.JcnvgH2jc0/out /tmp/tmp.JcnvgH2jc0/out
/home/saraj/Desktop/glibc_modified/build32/iconv/iconv_prog: illegal input sequence at position 3
tst-iconv_prog-buffer.sh:209: iconv -f ASCII -t UTF-8  -o /tmp/tmp.JcnvgH2jc0/out
/home/saraj/Desktop/glibc_modified/build32/iconv/iconv_prog: illegal input sequence at position 3
tst-iconv_prog-buffer.sh:213: iconv -f ASCII -t UTF-8  -o /tmp/tmp.JcnvgH2jc0/out -
/home/saraj/Desktop/glibc_modified/build32/iconv/iconv_prog: illegal input sequence at position 3
tst-iconv_prog-buffer.sh:217: iconv -f ASCII -t UTF-8  -o /tmp/tmp.JcnvgH2jc0/out /tmp/tmp.JcnvgH2jc0/abc /tmp/tmp.JcnvgH2jc0/out
/home/saraj/Desktop/glibc_modified/build32/iconv/iconv_prog: illegal input sequence at position 3
tst-iconv_prog-buffer.sh:221: iconv -f ASCII -t UTF-8  -o /tmp/tmp.JcnvgH2jc0/out /tmp/tmp.JcnvgH2jc0/abc -
/home/saraj/Desktop/glibc_modified/build32/iconv/iconv_prog: illegal input sequence at position 3
tst-iconv_prog-buffer.sh:227: iconv -f ASCII -t UTF-8  -c -o /tmp/tmp.JcnvgH2jc0/out /tmp/tmp.JcnvgH2jc0/out
tst-iconv_prog-buffer.sh:231: iconv -f ASCII -t UTF-8  -c -o /tmp/tmp.JcnvgH2jc0/out /tmp/tmp.JcnvgH2jc0/abc /tmp/tmp.JcnvgH2jc0/out /tmp/tmp.JcnvgH2jc0/def
tst-iconv_prog-buffer.sh:235: iconv -f ASCII -t UTF-8  -c -o /tmp/tmp.JcnvgH2jc0/out /tmp/tmp.JcnvgH2jc0/abc /tmp/tmp.JcnvgH2jc0/0xff /tmp/tmp.JcnvgH2jc0/def
tst-iconv_prog-buffer.sh:241: iconv -f ASCII -t UTF-8  -c -o /tmp/tmp.JcnvgH2jc0/out /tmp/tmp.JcnvgH2jc0/abc /tmp/tmp.JcnvgH2jc0/0xff-wrapped /tmp/tmp.JcnvgH2jc0/def
tst-iconv_prog-buffer.sh:247: iconv -f ASCII -t UTF-8  -c -o /tmp/tmp.JcnvgH2jc0/out /tmp/tmp.JcnvgH2jc0/out /tmp/tmp.JcnvgH2jc0/abc /tmp/tmp.JcnvgH2jc0/out /tmp/tmp.JcnvgH2jc0/def
tst-iconv_prog-buffer.sh:251: iconv -f ASCII -t UTF-8  -o /tmp/tmp.JcnvgH2jc0/out /tmp/tmp.JcnvgH2jc0/out /tmp/tmp.JcnvgH2jc0/abc /tmp/tmp.JcnvgH2jc0/out /tmp/tmp.JcnvgH2jc0/def
/home/saraj/Desktop/glibc_modified/build32/iconv/iconv_prog: illegal input sequence at position 3
tst-iconv_prog-buffer.sh:256: iconv -f ASCII -t UTF-8  -c -o /tmp/tmp.JcnvgH2jc0/out /tmp/tmp.JcnvgH2jc0/abc /tmp/tmp.JcnvgH2jc0/out /tmp/tmp.JcnvgH2jc0/def /tmp/tmp.JcnvgH2jc0/out
tst-iconv_prog-buffer.sh:263: iconv -f ASCII -t UTF-8  -o /tmp/tmp.JcnvgH2jc0/out /tmp/tmp.JcnvgH2jc0/0xff
/home/saraj/Desktop/glibc_modified/build32/iconv/iconv_prog: illegal input sequence at position 0
tst-iconv_prog-buffer.sh:266: iconv -f ASCII -t UTF-8  -o /tmp/tmp.JcnvgH2jc0/out
/home/saraj/Desktop/glibc_modified/build32/iconv/iconv_prog: illegal input sequence at position 0
tst-iconv_prog-buffer.sh:269: iconv -f ASCII -t UTF-8  -o /tmp/tmp.JcnvgH2jc0/out /tmp/tmp.JcnvgH2jc0/abc /tmp/tmp.JcnvgH2jc0/0xff /tmp/tmp.JcnvgH2jc0/def
/home/saraj/Desktop/glibc_modified/build32/iconv/iconv_prog: illegal input sequence at position 0
tst-iconv_prog-buffer.sh:272: iconv -f ASCII -t UTF-8  -o /tmp/tmp.JcnvgH2jc0/out /tmp/tmp.JcnvgH2jc0/abc - /tmp/tmp.JcnvgH2jc0/def
/home/saraj/Desktop/glibc_modified/build32/iconv/iconv_prog: illegal input sequence at position 0
tst-iconv_prog-buffer.sh:277: iconv -f ASCII -t UTF-8  -o /tmp/tmp.JcnvgH2jc0/out /tmp/tmp.JcnvgH2jc0/xy - - /tmp/tmp.JcnvgH2jc0/zt
tst-iconv_prog-buffer.sh:285: iconv -f UTF-8 -t ASCII -o /tmp/tmp.JcnvgH2jc0/out /tmp/tmp.JcnvgH2jc0/incomplete
/home/saraj/Desktop/glibc_modified/build32/iconv/iconv_prog: incomplete character or shift sequence at end of buffer
info: testing prefix length 0
tst-iconv_prog-buffer.sh:299: iconv -f UTF-8 -t UCS-4 -o /tmp/tmp.JcnvgH2jc0/out1 /tmp/tmp.JcnvgH2jc0/tmp
tst-iconv_prog-buffer.sh:301: iconv -f UCS-4 -t UTF-8 -o /tmp/tmp.JcnvgH2jc0/out /tmp/tmp.JcnvgH2jc0/out1
info: testing prefix length 1
tst-iconv_prog-buffer.sh:299: iconv -f UTF-8 -t UCS-4 -o /tmp/tmp.JcnvgH2jc0/out1 /tmp/tmp.JcnvgH2jc0/tmp
tst-iconv_prog-buffer.sh:301: iconv -f UCS-4 -t UTF-8 -o /tmp/tmp.JcnvgH2jc0/out /tmp/tmp.JcnvgH2jc0/out1
info: testing prefix length 2
tst-iconv_prog-buffer.sh:299: iconv -f UTF-8 -t UCS-4 -o /tmp/tmp.JcnvgH2jc0/out1 /tmp/tmp.JcnvgH2jc0/tmp
tst-iconv_prog-buffer.sh:301: iconv -f UCS-4 -t UTF-8 -o /tmp/tmp.JcnvgH2jc0/out /tmp/tmp.JcnvgH2jc0/out1
info: testing prefix length 3
tst-iconv_prog-buffer.sh:299: iconv -f UTF-8 -t UCS-4 -o /tmp/tmp.JcnvgH2jc0/out1 /tmp/tmp.JcnvgH2jc0/tmp
tst-iconv_prog-buffer.sh:301: iconv -f UCS-4 -t UTF-8 -o /tmp/tmp.JcnvgH2jc0/out /tmp/tmp.JcnvgH2jc0/out1
info: testing prefix length 4
tst-iconv_prog-buffer.sh:299: iconv -f UTF-8 -t UCS-4 -o /tmp/tmp.JcnvgH2jc0/out1 /tmp/tmp.JcnvgH2jc0/tmp
tst-iconv_prog-buffer.sh:301: iconv -f UCS-4 -t UTF-8 -o /tmp/tmp.JcnvgH2jc0/out /tmp/tmp.JcnvgH2jc0/out1
info: testing prefix length 5
tst-iconv_prog-buffer.sh:299: iconv -f UTF-8 -t UCS-4 -o /tmp/tmp.JcnvgH2jc0/out1 /tmp/tmp.JcnvgH2jc0/tmp
tst-iconv_prog-buffer.sh:301: iconv -f UCS-4 -t UTF-8 -o /tmp/tmp.JcnvgH2jc0/out /tmp/tmp.JcnvgH2jc0/out1
info: testing prefix length 6
tst-iconv_prog-buffer.sh:299: iconv -f UTF-8 -t UCS-4 -o /tmp/tmp.JcnvgH2jc0/out1 /tmp/tmp.JcnvgH2jc0/tmp
tst-iconv_prog-buffer.sh:301: iconv -f UCS-4 -t UTF-8 -o /tmp/tmp.JcnvgH2jc0/out /tmp/tmp.JcnvgH2jc0/out1
info: testing prefix length 7
tst-iconv_prog-buffer.sh:299: iconv -f UTF-8 -t UCS-4 -o /tmp/tmp.JcnvgH2jc0/out1 /tmp/tmp.JcnvgH2jc0/tmp
tst-iconv_prog-buffer.sh:301: iconv -f UCS-4 -t UTF-8 -o /tmp/tmp.JcnvgH2jc0/out /tmp/tmp.JcnvgH2jc0/out1
info: testing prefix length 8
tst-iconv_prog-buffer.sh:299: iconv -f UTF-8 -t UCS-4 -o /tmp/tmp.JcnvgH2jc0/out1 /tmp/tmp.JcnvgH2jc0/tmp
tst-iconv_prog-buffer.sh:301: iconv -f UCS-4 -t UTF-8 -o /tmp/tmp.JcnvgH2jc0/out /tmp/tmp.JcnvgH2jc0/out1
info: testing prefix length 9
tst-iconv_prog-buffer.sh:299: iconv -f UTF-8 -t UCS-4 -o /tmp/tmp.JcnvgH2jc0/out1 /tmp/tmp.JcnvgH2jc0/tmp
tst-iconv_prog-buffer.sh:301: iconv -f UCS-4 -t UTF-8 -o /tmp/tmp.JcnvgH2jc0/out /tmp/tmp.JcnvgH2jc0/out1
info: testing prefix length 10
tst-iconv_prog-buffer.sh:299: iconv -f UTF-8 -t UCS-4 -o /tmp/tmp.JcnvgH2jc0/out1 /tmp/tmp.JcnvgH2jc0/tmp
tst-iconv_prog-buffer.sh:301: iconv -f UCS-4 -t UTF-8 -o /tmp/tmp.JcnvgH2jc0/out /tmp/tmp.JcnvgH2jc0/out1
info: testing prefix length 11
tst-iconv_prog-buffer.sh:299: iconv -f UTF-8 -t UCS-4 -o /tmp/tmp.JcnvgH2jc0/out1 /tmp/tmp.JcnvgH2jc0/tmp
tst-iconv_prog-buffer.sh:301: iconv -f UCS-4 -t UTF-8 -o /tmp/tmp.JcnvgH2jc0/out /tmp/tmp.JcnvgH2jc0/out1
